Archive member included to satisfy reference by file (symbol)

/Users/q_guest/Library/Caches/arduino/sketches/CC1FCEEF2A31E4E84B3B0A41C7AC926C/../../cores/adafruit_samd_adafruit_feather_m0_no_bootloader_opt_small_8039ebe258ffa36a57ede09a7fbd5c79/core.a(SERCOM.cpp.o)
                              /Users/q_guest/Library/Caches/arduino/sketches/CC1FCEEF2A31E4E84B3B0A41C7AC926C/core/variant.cpp.o (SERCOM::SERCOM(Sercom*))
/Users/q_guest/Library/Caches/arduino/sketches/CC1FCEEF2A31E4E84B3B0A41C7AC926C/../../cores/adafruit_samd_adafruit_feather_m0_no_bootloader_opt_small_8039ebe258ffa36a57ede09a7fbd5c79/core.a(Uart.cpp.o)
                              /Users/q_guest/Library/Caches/arduino/sketches/CC1FCEEF2A31E4E84B3B0A41C7AC926C/core/variant.cpp.o (Uart::Uart(SERCOM*, unsigned char, unsigned char, SercomRXPad, SercomUartTXPad))
/Users/q_guest/Library/Caches/arduino/sketches/CC1FCEEF2A31E4E84B3B0A41C7AC926C/../../cores/adafruit_samd_adafruit_feather_m0_no_bootloader_opt_small_8039ebe258ffa36a57ede09a7fbd5c79/core.a(cortex_handlers.c.o)
                              (Reset_Handler)
/Users/q_guest/Library/Caches/arduino/sketches/CC1FCEEF2A31E4E84B3B0A41C7AC926C/../../cores/adafruit_samd_adafruit_feather_m0_no_bootloader_opt_small_8039ebe258ffa36a57ede09a7fbd5c79/core.a(delay.c.o)
                              /Users/q_guest/Library/Caches/arduino/sketches/CC1FCEEF2A31E4E84B3B0A41C7AC926C/sketch/SAMD21G18A-I2C-Motor-Driver-Slave.ino.cpp.o (delay)
/Users/q_guest/Library/Caches/arduino/sketches/CC1FCEEF2A31E4E84B3B0A41C7AC926C/../../cores/adafruit_samd_adafruit_feather_m0_no_bootloader_opt_small_8039ebe258ffa36a57ede09a7fbd5c79/core.a(hooks.c.o)
                              /Users/q_guest/Library/Caches/arduino/sketches/CC1FCEEF2A31E4E84B3B0A41C7AC926C/../../cores/adafruit_samd_adafruit_feather_m0_no_bootloader_opt_small_8039ebe258ffa36a57ede09a7fbd5c79/core.a(delay.c.o) (yield)
/Users/q_guest/Library/Caches/arduino/sketches/CC1FCEEF2A31E4E84B3B0A41C7AC926C/../../cores/adafruit_samd_adafruit_feather_m0_no_bootloader_opt_small_8039ebe258ffa36a57ede09a7fbd5c79/core.a(main.cpp.o)
                              /Users/q_guest/Library/Arduino15/packages/adafruit/tools/arm-none-eabi-gcc/9-2019q4/bin/../lib/gcc/arm-none-eabi/9.2.1/../../../../arm-none-eabi/lib/thumb/v6-m/nofp/crt0.o (main)
/Users/q_guest/Library/Caches/arduino/sketches/CC1FCEEF2A31E4E84B3B0A41C7AC926C/../../cores/adafruit_samd_adafruit_feather_m0_no_bootloader_opt_small_8039ebe258ffa36a57ede09a7fbd5c79/core.a(startup.c.o)
                              /Users/q_guest/Library/Caches/arduino/sketches/CC1FCEEF2A31E4E84B3B0A41C7AC926C/../../cores/adafruit_samd_adafruit_feather_m0_no_bootloader_opt_small_8039ebe258ffa36a57ede09a7fbd5c79/core.a(cortex_handlers.c.o) (SystemInit)
/Users/q_guest/Library/Caches/arduino/sketches/CC1FCEEF2A31E4E84B3B0A41C7AC926C/../../cores/adafruit_samd_adafruit_feather_m0_no_bootloader_opt_small_8039ebe258ffa36a57ede09a7fbd5c79/core.a(wiring.c.o)
                              /Users/q_guest/Library/Caches/arduino/sketches/CC1FCEEF2A31E4E84B3B0A41C7AC926C/../../cores/adafruit_samd_adafruit_feather_m0_no_bootloader_opt_small_8039ebe258ffa36a57ede09a7fbd5c79/core.a(main.cpp.o) (init)
/Users/q_guest/Library/Caches/arduino/sketches/CC1FCEEF2A31E4E84B3B0A41C7AC926C/../../cores/adafruit_samd_adafruit_feather_m0_no_bootloader_opt_small_8039ebe258ffa36a57ede09a7fbd5c79/core.a(wiring_analog.c.o)
                              /Users/q_guest/Library/Caches/arduino/sketches/CC1FCEEF2A31E4E84B3B0A41C7AC926C/../../cores/adafruit_samd_adafruit_feather_m0_no_bootloader_opt_small_8039ebe258ffa36a57ede09a7fbd5c79/core.a(wiring.c.o) (analogReference)
/Users/q_guest/Library/Caches/arduino/sketches/CC1FCEEF2A31E4E84B3B0A41C7AC926C/../../cores/adafruit_samd_adafruit_feather_m0_no_bootloader_opt_small_8039ebe258ffa36a57ede09a7fbd5c79/core.a(wiring_digital.c.o)
                              /Users/q_guest/Library/Caches/arduino/sketches/CC1FCEEF2A31E4E84B3B0A41C7AC926C/sketch/SAMD21G18A-I2C-Motor-Driver-Slave.ino.cpp.o (pinMode)
/Users/q_guest/Library/Caches/arduino/sketches/CC1FCEEF2A31E4E84B3B0A41C7AC926C/../../cores/adafruit_samd_adafruit_feather_m0_no_bootloader_opt_small_8039ebe258ffa36a57ede09a7fbd5c79/core.a(wiring_private.c.o)
                              /Users/q_guest/Library/Caches/arduino/sketches/CC1FCEEF2A31E4E84B3B0A41C7AC926C/libraries/Wire/Wire.cpp.o (pinPeripheral)
/Users/q_guest/Library/Caches/arduino/sketches/CC1FCEEF2A31E4E84B3B0A41C7AC926C/../../cores/adafruit_samd_adafruit_feather_m0_no_bootloader_opt_small_8039ebe258ffa36a57ede09a7fbd5c79/core.a(Print.cpp.o)
                              /Users/q_guest/Library/Caches/arduino/sketches/CC1FCEEF2A31E4E84B3B0A41C7AC926C/../../cores/adafruit_samd_adafruit_feather_m0_no_bootloader_opt_small_8039ebe258ffa36a57ede09a7fbd5c79/core.a(Uart.cpp.o) (Print::write(unsigned char const*, unsigned int))
[...]
Memory Configuration

Name             Origin             Length             Attributes
FLASH            0x0000000000000000 0x0000000000040000 xr
RAM              0x0000000020000000 0x0000000000008000 xrw
*default*        0x0000000000000000 0xffffffffffffffff

Linker script and memory map

LOAD /Users/q_guest/Library/Arduino15/packages/adafruit/tools/arm-none-eabi-gcc/9-2019q4/bin/../lib/gcc/arm-none-eabi/9.2.1/thumb/v6-m/nofp/crti.o
LOAD /Users/q_guest/Library/Arduino15/packages/adafruit/tools/arm-none-eabi-gcc/9-2019q4/bin/../lib/gcc/arm-none-eabi/9.2.1/thumb/v6-m/nofp/crtbegin.o
LOAD /Users/q_guest/Library/Arduino15/packages/adafruit/tools/arm-none-eabi-gcc/9-2019q4/bin/../lib/gcc/arm-none-eabi/9.2.1/../../../../arm-none-eabi/lib/thumb/v6-m/nofp/crt0.o
LOAD /Users/q_guest/Library/Caches/arduino/sketches/CC1FCEEF2A31E4E84B3B0A41C7AC926C/sketch/SAMD21G18A-I2C-Motor-Driver-Slave.ino.cpp.o
LOAD /Users/q_guest/Library/Caches/arduino/sketches/CC1FCEEF2A31E4E84B3B0A41C7AC926C/libraries/Wire/Wire.cpp.o
LOAD /Users/q_guest/Library/Caches/arduino/sketches/CC1FCEEF2A31E4E84B3B0A41C7AC926C/core/variant.cpp.o
START GROUP
LOAD /Users/q_guest/Library/Arduino15/packages/adafruit/tools/CMSIS/5.4.0/CMSIS/Lib/GCC//libarm_cortexM0l_math.a
LOAD /Users/q_guest/Library/Caches/arduino/sketches/CC1FCEEF2A31E4E84B3B0A41C7AC926C/../../cores/adafruit_samd_adafruit_feather_m0_no_bootloader_opt_small_8039ebe258ffa36a57ede09a7fbd5c79/core.a
END GROUP
LOAD /Users/q_guest/Library/Arduino15/packages/adafruit/tools/arm-none-eabi-gcc/9-2019q4/bin/../lib/gcc/arm-none-eabi/9.2.1/../../../../arm-none-eabi/lib/thumb/v6-m/nofp/libstdc++_nano.a
LOAD /Users/q_guest/Library/Arduino15/packages/adafruit/tools/arm-none-eabi-gcc/9-2019q4/bin/../lib/gcc/arm-none-eabi/9.2.1/../../../../arm-none-eabi/lib/thumb/v6-m/nofp/libm.a
START GROUP
LOAD /Users/q_guest/Library/Arduino15/packages/adafruit/tools/arm-none-eabi-gcc/9-2019q4/bin/../lib/gcc/arm-none-eabi/9.2.1/thumb/v6-m/nofp/libgcc.a
LOAD /Users/q_guest/Library/Arduino15/packages/adafruit/tools/arm-none-eabi-gcc/9-2019q4/bin/../lib/gcc/arm-none-eabi/9.2.1/../../../../arm-none-eabi/lib/thumb/v6-m/nofp/libc_nano.a
END GROUP
START GROUP
LOAD /Users/q_guest/Library/Arduino15/packages/adafruit/tools/arm-none-eabi-gcc/9-2019q4/bin/../lib/gcc/arm-none-eabi/9.2.1/thumb/v6-m/nofp/libgcc.a
LOAD /Users/q_guest/Library/Arduino15/packages/adafruit/tools/arm-none-eabi-gcc/9-2019q4/bin/../lib/gcc/arm-none-eabi/9.2.1/../../../../arm-none-eabi/lib/thumb/v6-m/nofp/libc_nano.a
LOAD /Users/q_guest/Library/Arduino15/packages/adafruit/tools/arm-none-eabi-gcc/9-2019q4/bin/../lib/gcc/arm-none-eabi/9.2.1/../../../../arm-none-eabi/lib/thumb/v6-m/nofp/libnosys.a
END GROUP
START GROUP
LOAD /Users/q_guest/Library/Arduino15/packages/adafruit/tools/arm-none-eabi-gcc/9-2019q4/bin/../lib/gcc/arm-none-eabi/9.2.1/thumb/v6-m/nofp/libgcc.a
LOAD /Users/q_guest/Library/Arduino15/packages/adafruit/tools/arm-none-eabi-gcc/9-2019q4/bin/../lib/gcc/arm-none-eabi/9.2.1/../../../../arm-none-eabi/lib/thumb/v6-m/nofp/libc_nano.a
LOAD /Users/q_guest/Library/Arduino15/packages/adafruit/tools/arm-none-eabi-gcc/9-2019q4/bin/../lib/gcc/arm-none-eabi/9.2.1/../../../../arm-none-eabi/lib/thumb/v6-m/nofp/libnosys.a
END GROUP
LOAD /Users/q_guest/Library/Arduino15/packages/adafruit/tools/arm-none-eabi-gcc/9-2019q4/bin/../lib/gcc/arm-none-eabi/9.2.1/thumb/v6-m/nofp/crtend.o
LOAD /Users/q_guest/Library/Arduino15/packages/adafruit/tools/arm-none-eabi-gcc/9-2019q4/bin/../lib/gcc/arm-none-eabi/9.2.1/thumb/v6-m/nofp/crtn.o

.text           0x0000000000000000     0x1f00
                0x0000000000000000                __text_start__ = .
 *(.isr_vector)
 .isr_vector    0x0000000000000000       0xb4 /Users/q_guest/Library/Caches/arduino/sketches/CC1FCEEF2A31E4E84B3B0A41C7AC926C/../../cores/adafruit_samd_adafruit_feather_m0_no_bootloader_opt_small_8039ebe258ffa36a57ede09a7fbd5c79/core.a(cortex_handlers.c.o)
                0x0000000000000000                exception_table
 *(.text*)
 .text          0x00000000000000b4       0x48 /Users/q_guest/Library/Arduino15/packages/adafruit/tools/arm-none-eabi-gcc/9-2019q4/bin/../lib/gcc/arm-none-eabi/9.2.1/thumb/v6-m/nofp/crtbegin.o
 .text._Z13controlMotorAi.part.0
                0x00000000000000fc       0x14 /Users/q_guest/Library/Caches/arduino/sketches/CC1FCEEF2A31E4E84B3B0A41C7AC926C/sketch/SAMD21G18A-I2C-Motor-Driver-Slave.ino.cpp.o
 .text._Z13controlMotorBi.part.0
                0x0000000000000110       0x14 /Users/q_guest/Library/Caches/arduino/sketches/CC1FCEEF2A31E4E84B3B0A41C7AC926C/sketch/SAMD21G18A-I2C-Motor-Driver-Slave.ino.cpp.o
 .text.setup    0x0000000000000124       0x80 /Users/q_guest/Library/Caches/arduino/sketches/CC1FCEEF2A31E4E84B3B0A41C7AC926C/sketch/SAMD21G18A-I2C-Motor-Driver-Slave.ino.cpp.o
                0x0000000000000124                setup
 .text._Z13controlMotorAi
                0x00000000000001a4       0x34 /Users/q_guest/Library/Caches/arduino/sketches/CC1FCEEF2A31E4E84B3B0A41C7AC926C/sketch/SAMD21G18A-I2C-Motor-Driver-Slave.ino.cpp.o
                0x00000000000001a4                controlMotorA(int)
 .text._Z13controlMotorBi
                0x00000000000001d8       0x34 /Users/q_guest/Library/Caches/arduino/sketches/CC1FCEEF2A31E4E84B3B0A41C7AC926C/sketch/SAMD21G18A-I2C-Motor-Driver-Slave.ino.cpp.o
                0x00000000000001d8                controlMotorB(int)
 .text.loop     0x000000000000020c       0xa4 /Users/q_guest/Library/Caches/arduino/sketches/CC1FCEEF2A31E4E84B3B0A41C7AC926C/sketch/SAMD21G18A-I2C-Motor-Driver-Slave.ino.cpp.o
                0x000000000000020c                loop
 .text._Z10testMotorsv
                0x00000000000002b0       0xa8 /Users/q_guest/Library/Caches/arduino/sketches/CC1FCEEF2A31E4E84B3B0A41C7AC926C/sketch/SAMD21G18A-I2C-Motor-Driver-Slave.ino.cpp.o
                0x00000000000002b0                testMotors()
 .text._Z12receiveEventi
                0x0000000000000358       0xf8 /Users/q_guest/Library/Caches/arduino/sketches/CC1FCEEF2A31E4E84B3B0A41C7AC926C/sketch/SAMD21G18A-I2C-Motor-Driver-Slave.ino.cpp.o
                0x0000000000000358                receiveEvent(int)
 .text._Z12requestEventv
                0x0000000000000450       0x60 /Users/q_guest/Library/Caches/arduino/sketches/CC1FCEEF2A31E4E84B3B0A41C7AC926C/sketch/SAMD21G18A-I2C-Motor-Driver-Slave.ino.cpp.o
                0x0000000000000450                requestEvent()
 .text._ZN5Print17availableForWriteEv
                0x00000000000004b0        0x4 /Users/q_guest/Library/Caches/arduino/sketches/CC1FCEEF2A31E4E84B3B0A41C7AC926C/libraries/Wire/Wire.cpp.o
                0x00000000000004b0                Print::availableForWrite()
 .text._ZN7TwoWire5writeEPKhj
                0x00000000000004b4       0x24 /Users/q_guest/Library/Caches/arduino/sketches/CC1FCEEF2A31E4E84B3B0A41C7AC926C/libraries/Wire/Wire.cpp.o
                0x00000000000004b4                TwoWire::write(unsigned char const*, unsigned int)
 .text._ZN7TwoWire5flushEv
                0x00000000000004d8        0x2 /Users/q_guest/Library/Caches/arduino/sketches/CC1FCEEF2A31E4E84B3B0A41C7AC926C/libraries/Wire/Wire.cpp.o
                0x00000000000004d8                TwoWire::flush()
 .text._ZN7TwoWire4peekEv
                0x00000000000004da       0x1a /Users/q_guest/Library/Caches/arduino/sketches/CC1FCEEF2A31E4E84B3B0A41C7AC926C/libraries/Wire/Wire.cpp.o
                0x00000000000004da                TwoWire::peek()
 .text._ZN7TwoWire9availableEv
                0x00000000000004f4       0x12 /Users/q_guest/Library/Caches/arduino/sketches/CC1FCEEF2A31E4E84B3B0A41C7AC926C/libraries/Wire/Wire.cpp.o
                0x00000000000004f4                TwoWire::available()
 *fill*         0x0000000000000506        0x2 
 .text._ZN7TwoWireC2EP6SERCOMhh
                0x0000000000000508       0x5c /Users/q_guest/Library/Caches/arduino/sketches/CC1FCEEF2A31E4E84B3B0A41C7AC926C/libraries/Wire/Wire.cpp.o
                0x0000000000000508                TwoWire::TwoWire(SERCOM*, unsigned char, unsigned char)
                0x0000000000000508                TwoWire::TwoWire(SERCOM*, unsigned char, unsigned char)
 .text._ZN7TwoWire5beginEhb
                0x0000000000000564       0x38 /Users/q_guest/Library/Caches/arduino/sketches/CC1FCEEF2A31E4E84B3B0A41C7AC926C/libraries/Wire/Wire.cpp.o
                0x0000000000000564                TwoWire::begin(unsigned char, bool)
 .text._ZN7TwoWire9onReceiveEPFviE
                0x000000000000059c        0x8 /Users/q_guest/Library/Caches/arduino/sketches/CC1FCEEF2A31E4E84B3B0A41C7AC926C/libraries/Wire/Wire.cpp.o
                0x000000000000059c                TwoWire::onReceive(void (*)(int))
 .text._ZN7TwoWire9onRequestEPFvvE
                0x00000000000005a4        0x8 /Users/q_guest/Library/Caches/arduino/sketches/CC1FCEEF2A31E4E84B3B0A41C7AC926C/libraries/Wire/Wire.cpp.o
                0x00000000000005a4                TwoWire::onRequest(void (*)())
 .text._ZN11RingBufferNILi256EE10store_charEh
                0x00000000000005ac       0x1a /Users/q_guest/Library/Caches/arduino/sketches/CC1FCEEF2A31E4E84B3B0A41C7AC926C/libraries/Wire/Wire.cpp.o
                0x00000000000005ac                RingBufferN<256>::store_char(unsigned char)
 .text._ZN7TwoWire5writeEh
                0x00000000000005c6       0x2c /Users/q_guest/Library/Caches/arduino/sketches/CC1FCEEF2A31E4E84B3B0A41C7AC926C/libraries/Wire/Wire.cpp.o
                0x00000000000005c6                TwoWire::write(unsigned char)
 .text._ZN11RingBufferNILi256EE9read_charEv
                0x00000000000005f2       0x20 /Users/q_guest/Library/Caches/arduino/sketches/CC1FCEEF2A31E4E84B3B0A41C7AC926C/libraries/Wire/Wire.cpp.o
                0x00000000000005f2                RingBufferN<256>::read_char()
 .text._ZN7TwoWire4readEv
                0x0000000000000612        0xa /Users/q_guest/Library/Caches/arduino/sketches/CC1FCEEF2A31E4E84B3B0A41C7AC926C/libraries/Wire/Wire.cpp.o
                0x0000000000000612                TwoWire::read()
 .text._ZN7TwoWire9onServiceEv
                0x000000000000061c      0x11c /Users/q_guest/Library/Caches/arduino/sketches/CC1FCEEF2A31E4E84B3B0A41C7AC926C/libraries/Wire/Wire.cpp.o
                0x000000000000061c                TwoWire::onService()
 .text.SERCOM3_Handler
                0x0000000000000738       0x10 /Users/q_guest/Library/Caches/arduino/sketches/CC1FCEEF2A31E4E84B3B0A41C7AC926C/libraries/Wire/Wire.cpp.o
                0x0000000000000738                SERCOM3_Handler
 .text.startup._GLOBAL__sub_I__ZN7TwoWireC2EP6SERCOMhh
                0x0000000000000748       0x18 /Users/q_guest/Library/Caches/arduino/sketches/CC1FCEEF2A31E4E84B3B0A41C7AC926C/libraries/Wire/Wire.cpp.o
 .text.SERCOM0_Handler
                0x0000000000000760       0x10 /Users/q_guest/Library/Caches/arduino/sketches/CC1FCEEF2A31E4E84B3B0A41C7AC926C/core/variant.cpp.o
                0x0000000000000760                SERCOM0_Handler
 .text.SERCOM5_Handler
                0x0000000000000770       0x10 /Users/q_guest/Library/Caches/arduino/sketches/CC1FCEEF2A31E4E84B3B0A41C7AC926C/core/variant.cpp.o
                0x0000000000000770                SERCOM5_Handler
 .text.startup._GLOBAL__sub_I_g_APinDescription
                0x0000000000000780       0x94 /Users/q_guest/Library/Caches/arduino/sketches/CC1FCEEF2A31E4E84B3B0A41C7AC926C/core/variant.cpp.o
 .text._ZN6SERCOMC2EP6Sercom
                0x0000000000000814        0x4 /Users/q_guest/Library/Caches/arduino/sketches/CC1FCEEF2A31E4E84B3B0A41C7AC926C/../../cores/adafruit_samd_adafruit_feather_m0_no_bootloader_opt_small_8039ebe258ffa36a57ede09a7fbd5c79/core.a(SERCOM.cpp.o)
                0x0000000000000814                SERCOM::SERCOM(Sercom*)
                0x0000000000000814                SERCOM::SERCOM(Sercom*)
 .text._ZN6SERCOM9initFrameE18SercomUartCharSize15SercomDataOrder16SercomParityMode19SercomNumberStopBit
                0x0000000000000818       0x3a /Users/q_guest/Library/Caches/arduino/sketches/CC1FCEEF2A31E4E84B3B0A41C7AC926C/../../cores/adafruit_samd_adafruit_feather_m0_no_bootloader_opt_small_8039ebe258ffa36a57ede09a7fbd5c79/core.a(SERCOM.cpp.o)
                0x0000000000000818                SERCOM::initFrame(SercomUartCharSize, SercomDataOrder, SercomParityMode, SercomNumberStopBit)
 .text._ZN6SERCOM8initPadsE15SercomUartTXPad11SercomRXPad
                0x0000000000000852       0x26 /Users/q_guest/Library/Caches/arduino/sketches/CC1FCEEF2A31E4E84B3B0A41C7AC926C/../../cores/adafruit_samd_adafruit_feather_m0_no_bootloader_opt_small_8039ebe258ffa36a57ede09a7fbd5c79/core.a(SERCOM.cpp.o)
                0x0000000000000852                SERCOM::initPads(SercomUartTXPad, SercomRXPad)
 .text._ZN6SERCOM9resetUARTEv
                0x0000000000000878       0x1a /Users/q_guest/Library/Caches/arduino/sketches/CC1FCEEF2A31E4E84B3B0A41C7AC926C/../../cores/adafruit_samd_adafruit_feather_m0_no_bootloader_opt_small_8039ebe258ffa36a57ede09a7fbd5c79/core.a(SERCOM.cpp.o)
                0x0000000000000878                SERCOM::resetUART()
 .text._ZN6SERCOM10enableUARTEv
                0x0000000000000892       0x14 /Users/q_guest/Library/Caches/arduino/sketches/CC1FCEEF2A31E4E84B3B0A41C7AC926C/../../cores/adafruit_samd_adafruit_feather_m0_no_bootloader_opt_small_8039ebe258ffa36a57ede09a7fbd5c79/core.a(SERCOM.cpp.o)
                0x0000000000000892                SERCOM::enableUART()
 .text._ZN6SERCOM9flushUARTEv
                0x00000000000008a6       0x10 /Users/q_guest/Library/Caches/arduino/sketches/CC1FCEEF2A31E4E84B3B0A41C7AC926C/../../cores/adafruit_samd_adafruit_feather_m0_no_bootloader_opt_small_8039ebe258ffa36a57ede09a7fbd5c79/core.a(SERCOM.cpp.o)
                0x00000000000008a6                SERCOM::flushUART()
 .text._ZN6SERCOM15clearStatusUARTEv
                0x00000000000008b6        0x8 /Users/q_guest/Library/Caches/arduino/sketches/CC1FCEEF2A31E4E84B3B0A41C7AC926C/../../cores/adafruit_samd_adafruit_feather_m0_no_bootloader_opt_small_8039ebe258ffa36a57ede09a7fbd5c79/core.a(SERCOM.cpp.o)
                0x00000000000008b6                SERCOM::clearStatusUART()
 .text._ZN6SERCOM17availableDataUARTEv
                0x00000000000008be        0xa /Users/q_guest/Library/Caches/arduino/sketches/CC1FCEEF2A31E4E84B3B0A41C7AC926C/../../cores/adafruit_samd_adafruit_feather_m0_no_bootloader_opt_small_8039ebe258ffa36a57ede09a7fbd5c79/core.a(SERCOM.cpp.o)
                0x00000000000008be                SERCOM::availableDataUART()
 .text._ZN6SERCOM11isUARTErrorEv
                0x00000000000008c8        0x8 /Users/q_guest/Library/Caches/arduino/sketches/CC1FCEEF2A31E4E84B3B0A41C7AC926C/../../cores/adafruit_samd_adafruit_feather_m0_no_bootloader_opt_small_8039ebe258ffa36a57ede09a7fbd5c79/core.a(SERCOM.cpp.o)
                0x00000000000008c8                SERCOM::isUARTError()
 .text._ZN6SERCOM20acknowledgeUARTErrorEv
                0x00000000000008d0        0xe /Users/q_guest/Library/Caches/arduino/sketches/CC1FCEEF2A31E4E84B3B0A41C7AC926C/../../cores/adafruit_samd_adafruit_feather_m0_no_bootloader_opt_small_8039ebe258ffa36a57ede09a7fbd5c79/core.a(SERCOM.cpp.o)
                0x00000000000008d0                SERCOM::acknowledgeUARTError()
 .text._ZN6SERCOM16isFrameErrorUARTEv
                0x00000000000008de        0xa /Users/q_guest/Library/Caches/arduino/sketches/CC1FCEEF2A31E4E84B3B0A41C7AC926C/../../cores/adafruit_samd_adafruit_feather_m0_no_bootloader_opt_small_8039ebe258ffa36a57ede09a7fbd5c79/core.a(SERCOM.cpp.o)
                0x00000000000008de                SERCOM::isFrameErrorUART()
 .text._ZN6SERCOM19clearFrameErrorUARTEv
                0x00000000000008e8        0xc /Users/q_guest/Library/Caches/arduino/sketches/CC1FCEEF2A31E4E84B3B0A41C7AC926C/../../cores/adafruit_samd_adafruit_feather_m0_no_bootloader_opt_small_8039ebe258ffa36a57ede09a7fbd5c79/core.a(SERCOM.cpp.o)
                0x00000000000008e8                SERCOM::clearFrameErrorUART()
 .text._ZN6SERCOM23isDataRegisterEmptyUARTEv
                0x00000000000008f4        0xa /Users/q_guest/Library/Caches/arduino/sketches/CC1FCEEF2A31E4E84B3B0A41C7AC926C/../../cores/adafruit_samd_adafruit_feather_m0_no_bootloader_opt_small_8039ebe258ffa36a57ede09a7fbd5c79/core.a(SERCOM.cpp.o)
                0x00000000000008f4                SERCOM::isDataRegisterEmptyUART()
 .text._ZN6SERCOM12readDataUARTEv
                0x00000000000008fe        0x8 /Users/q_guest/Library/Caches/arduino/sketches/CC1FCEEF2A31E4E84B3B0A41C7AC926C/../../cores/adafruit_samd_adafruit_feather_m0_no_bootloader_opt_small_8039ebe258ffa36a57ede09a7fbd5c79/core.a(SERCOM.cpp.o)
                0x00000000000008fe                SERCOM::readDataUART()
 .text._ZN6SERCOM13writeDataUARTEh
                0x0000000000000906       0x10 /Users/q_guest/Library/Caches/arduino/sketches/CC1FCEEF2A31E4E84B3B0A41C7AC926C/../../cores/adafruit_samd_adafruit_feather_m0_no_bootloader_opt_small_8039ebe258ffa36a57ede09a7fbd5c79/core.a(SERCOM.cpp.o)
                0x0000000000000906                SERCOM::writeDataUART(unsigned char)
 .text._ZN6SERCOM36enableDataRegisterEmptyInterruptUARTEv
                0x0000000000000916        0x8 /Users/q_guest/Library/Caches/arduino/sketches/CC1FCEEF2A31E4E84B3B0A41C7AC926C/../../cores/adafruit_samd_adafruit_feather_m0_no_bootloader_opt_small_8039ebe258ffa36a57ede09a7fbd5c79/core.a(SERCOM.cpp.o)
                0x0000000000000916                SERCOM::enableDataRegisterEmptyInterruptUART()
 .text._ZN6SERCOM37disableDataRegisterEmptyInterruptUARTEv
                0x000000000000091e        0x8 /Users/q_guest/Library/Caches/arduino/sketches/CC1FCEEF2A31E4E84B3B0A41C7AC926C/../../cores/adafruit_samd_adafruit_feather_m0_no_bootloader_opt_small_8039ebe258ffa36a57ede09a7fbd5c79/core.a(SERCOM.cpp.o)
                0x000000000000091e                SERCOM::disableDataRegisterEmptyInterruptUART()
 .text._ZN6SERCOM9resetWIREEv
                0x0000000000000926       0x1a /Users/q_guest/Library/Caches/arduino/sketches/CC1FCEEF2A31E4E84B3B0A41C7AC926C/../../cores/adafruit_samd_adafruit_feather_m0_no_bootloader_opt_small_8039ebe258ffa36a57ede09a7fbd5c79/core.a(SERCOM.cpp.o)
                0x0000000000000926                SERCOM::resetWIRE()
 .text._ZN6SERCOM10enableWIREEv
                0x0000000000000940       0x2a /Users/q_guest/Library/Caches/arduino/sketches/CC1FCEEF2A31E4E84B3B0A41C7AC926C/../../cores/adafruit_samd_adafruit_feather_m0_no_bootloader_opt_small_8039ebe258ffa36a57ede09a7fbd5c79/core.a(SERCOM.cpp.o)
                0x0000000000000940                SERCOM::enableWIRE()
 .text._ZN6SERCOM18prepareNackBitWIREEv
                0x000000000000096a       0x10 /Users/q_guest/Library/Caches/arduino/sketches/CC1FCEEF2A31E4E84B3B0A41C7AC926C/../../cores/adafruit_samd_adafruit_feather_m0_no_bootloader_opt_small_8039ebe258ffa36a57ede09a7fbd5c79/core.a(SERCOM.cpp.o)
                0x000000000000096a                SERCOM::prepareNackBitWIRE()
 *fill*         0x000000000000097a        0x2 
 .text._ZN6SERCOM17prepareAckBitWIREEv
                0x000000000000097c       0x14 /Users/q_guest/Library/Caches/arduino/sketches/CC1FCEEF2A31E4E84B3B0A41C7AC926C/../../cores/adafruit_samd_adafruit_feather_m0_no_bootloader_opt_small_8039ebe258ffa36a57ede09a7fbd5c79/core.a(SERCOM.cpp.o)
                0x000000000000097c                SERCOM::prepareAckBitWIRE()
 .text._ZN6SERCOM22prepareCommandBitsWireEh
                0x0000000000000990       0x2c /Users/q_guest/Library/Caches/arduino/sketches/CC1FCEEF2A31E4E84B3B0A41C7AC926C/../../cores/adafruit_samd_adafruit_feather_m0_no_bootloader_opt_small_8039ebe258ffa36a57ede09a7fbd5c79/core.a(SERCOM.cpp.o)
                0x0000000000000990                SERCOM::prepareCommandBitsWire(unsigned char)
 .text._ZN6SERCOM17sendDataSlaveWIREEh
                0x00000000000009bc       0x1e /Users/q_guest/Library/Caches/arduino/sketches/CC1FCEEF2A31E4E84B3B0A41C7AC926C/../../cores/adafruit_samd_adafruit_feather_m0_no_bootloader_opt_small_8039ebe258ffa36a57ede09a7fbd5c79/core.a(SERCOM.cpp.o)
                0x00000000000009bc                SERCOM::sendDataSlaveWIRE(unsigned char)
 .text._ZN6SERCOM11isSlaveWIREEv
                0x00000000000009da       0x12 /Users/q_guest/Library/Caches/arduino/sketches/CC1FCEEF2A31E4E84B3B0A41C7AC926C/../../cores/adafruit_samd_adafruit_feather_m0_no_bootloader_opt_small_8039ebe258ffa36a57ede09a7fbd5c79/core.a(SERCOM.cpp.o)
                0x00000000000009da                SERCOM::isSlaveWIRE()
 .text._ZN6SERCOM15isDataReadyWIREEv
                0x00000000000009ec        0xa /Users/q_guest/Library/Caches/arduino/sketches/CC1FCEEF2A31E4E84B3B0A41C7AC926C/../../cores/adafruit_samd_adafruit_feather_m0_no_bootloader_opt_small_8039ebe258ffa36a57ede09a7fbd5c79/core.a(SERCOM.cpp.o)
                0x00000000000009ec                SERCOM::isDataReadyWIRE()
 .text._ZN6SERCOM18isStopDetectedWIREEv
                0x00000000000009f6        0xa /Users/q_guest/Library/Caches/arduino/sketches/CC1FCEEF2A31E4E84B3B0A41C7AC926C/../../cores/adafruit_samd_adafruit_feather_m0_no_bootloader_opt_small_8039ebe258ffa36a57ede09a7fbd5c79/core.a(SERCOM.cpp.o)
                0x00000000000009f6                SERCOM::isStopDetectedWIRE()
 .text._ZN6SERCOM21isRestartDetectedWIREEv
                0x0000000000000a00        0xa /Users/q_guest/Library/Caches/arduino/sketches/CC1FCEEF2A31E4E84B3B0A41C7AC926C/../../cores/adafruit_samd_adafruit_feather_m0_no_bootloader_opt_small_8039ebe258ffa36a57ede09a7fbd5c79/core.a(SERCOM.cpp.o)
                0x0000000000000a00                SERCOM::isRestartDetectedWIRE()
 .text._ZN6SERCOM14isAddressMatchEv
                0x0000000000000a0a        0xa /Users/q_guest/Library/Caches/arduino/sketches/CC1FCEEF2A31E4E84B3B0A41C7AC926C/../../cores/adafruit_samd_adafruit_feather_m0_no_bootloader_opt_small_8039ebe258ffa36a57ede09a7fbd5c79/core.a(SERCOM.cpp.o)
                0x0000000000000a0a                SERCOM::isAddressMatch()
 .text._ZN6SERCOM25isMasterReadOperationWIREEv
                0x0000000000000a14        0xa /Users/q_guest/Library/Caches/arduino/sketches/CC1FCEEF2A31E4E84B3B0A41C7AC926C/../../cores/adafruit_samd_adafruit_feather_m0_no_bootloader_opt_small_8039ebe258ffa36a57ede09a7fbd5c79/core.a(SERCOM.cpp.o)
                0x0000000000000a14                SERCOM::isMasterReadOperationWIRE()
 .text._ZN6SERCOM12readDataWIREEv
                0x0000000000000a1e       0x1a /Users/q_guest/Library/Caches/arduino/sketches/CC1FCEEF2A31E4E84B3B0A41C7AC926C/../../cores/adafruit_samd_adafruit_feather_m0_no_bootloader_opt_small_8039ebe258ffa36a57ede09a7fbd5c79/core.a(SERCOM.cpp.o)
                0x0000000000000a1e                SERCOM::readDataWIRE()
 .text._ZN6SERCOM14getSercomIndexEv
                0x0000000000000a38       0x5c /Users/q_guest/Library/Caches/arduino/sketches/CC1FCEEF2A31E4E84B3B0A41C7AC926C/../../cores/adafruit_samd_adafruit_feather_m0_no_bootloader_opt_small_8039ebe258ffa36a57ede09a7fbd5c79/core.a(SERCOM.cpp.o)
                0x0000000000000a38                SERCOM::getSercomIndex()
 .text._ZN6SERCOM13initClockNVICEv
                0x0000000000000a94       0x90 /Users/q_guest/Library/Caches/arduino/sketches/CC1FCEEF2A31E4E84B3B0A41C7AC926C/../../cores/adafruit_samd_adafruit_feather_m0_no_bootloader_opt_small_8039ebe258ffa36a57ede09a7fbd5c79/core.a(SERCOM.cpp.o)
                0x0000000000000a94                SERCOM::initClockNVIC()
 .text._ZN6SERCOM8initUARTE14SercomUartMode20SercomUartSampleRatem
                0x0000000000000b24       0x6c /Users/q_guest/Library/Caches/arduino/sketches/CC1FCEEF2A31E4E84B3B0A41C7AC926C/../../cores/adafruit_samd_adafruit_feather_m0_no_bootloader_opt_small_8039ebe258ffa36a57ede09a7fbd5c79/core.a(SERCOM.cpp.o)
                0x0000000000000b24                SERCOM::initUART(SercomUartMode, SercomUartSampleRate, unsigned long)
 .text._ZN6SERCOM13initSlaveWIREEhb
                0x0000000000000b90       0x4a /Users/q_guest/Library/Caches/arduino/sketches/CC1FCEEF2A31E4E84B3B0A41C7AC926C/../../cores/adafruit_samd_adafruit_feather_m0_no_bootloader_opt_small_8039ebe258ffa36a57ede09a7fbd5c79/core.a(SERCOM.cpp.o)
                0x0000000000000b90                SERCOM::initSlaveWIRE(unsigned char, bool)
 .text._ZN4UartcvbEv
                0x0000000000000bda        0x4 /Users/q_guest/Library/Caches/arduino/sketches/CC1FCEEF2A31E4E84B3B0A41C7AC926C/../../cores/adafruit_samd_adafruit_feather_m0_no_bootloader_opt_small_8039ebe258ffa36a57ede09a7fbd5c79/core.a(Uart.cpp.o)
                0x0000000000000bda                Uart::operator bool()
 *fill*         0x0000000000000bde        0x2 
 .text._ZN4Uart5beginEm
                0x0000000000000be0       0x10 /Users/q_guest/Library/Caches/arduino/sketches/CC1FCEEF2A31E4E84B3B0A41C7AC926C/../../cores/adafruit_samd_adafruit_feather_m0_no_bootloader_opt_small_8039ebe258ffa36a57ede09a7fbd5c79/core.a(Uart.cpp.o)
                0x0000000000000be0                Uart::begin(unsigned long)
 .text._ZN4Uart4peekEv
                0x0000000000000bf0       0x1a /Users/q_guest/Library/Caches/arduino/sketches/CC1FCEEF2A31E4E84B3B0A41C7AC926C/../../cores/adafruit_samd_adafruit_feather_m0_no_bootloader_opt_small_8039ebe258ffa36a57ede09a7fbd5c79/core.a(Uart.cpp.o)
                0x0000000000000bf0                Uart::peek()
 .text._ZN4Uart3endEv
                0x0000000000000c0a       0x20 /Users/q_guest/Library/Caches/arduino/sketches/CC1FCEEF2A31E4E84B3B0A41C7AC926C/../../cores/adafruit_samd_adafruit_feather_m0_no_bootloader_opt_small_8039ebe258ffa36a57ede09a7fbd5c79/core.a(Uart.cpp.o)
                0x0000000000000c0a                Uart::end()
 .text._ZN4Uart15extractCharSizeEt
                0x0000000000000c2a       0x28 /Users/q_guest/Library/Caches/arduino/sketches/CC1FCEEF2A31E4E84B3B0A41C7AC926C/../../cores/adafruit_samd_adafruit_feather_m0_no_bootloader_opt_small_8039ebe258ffa36a57ede09a7fbd5c79/core.a(Uart.cpp.o)
                0x0000000000000c2a                Uart::extractCharSize(unsigned short)
 .text._ZN4Uart13extractParityEt
                0x0000000000000c52       0x14 /Users/q_guest/Library/Caches/arduino/sketches/CC1FCEEF2A31E4E84B3B0A41C7AC926C/../../cores/adafruit_samd_adafruit_feather_m0_no_bootloader_opt_small_8039ebe258ffa36a57ede09a7fbd5c79/core.a(Uart.cpp.o)
                0x0000000000000c52                Uart::extractParity(unsigned short)
 *fill*         0x0000000000000c66        0x2 
 .text._ZN4Uart5beginEmt
                0x0000000000000c68       0xf8 /Users/q_guest/Library/Caches/arduino/sketches/CC1FCEEF2A31E4E84B3B0A41C7AC926C/../../cores/adafruit_samd_adafruit_feather_m0_no_bootloader_opt_small_8039ebe258ffa36a57ede09a7fbd5c79/core.a(Uart.cpp.o)
                0x0000000000000c68                Uart::begin(unsigned long, unsigned short)
 .text._ZN11RingBufferNILi350EEC2Ev
                0x0000000000000d60       0x1c /Users/q_guest/Library/Caches/arduino/sketches/CC1FCEEF2A31E4E84B3B0A41C7AC926C/../../cores/adafruit_samd_adafruit_feather_m0_no_bootloader_opt_small_8039ebe258ffa36a57ede09a7fbd5c79/core.a(Uart.cpp.o)
                0x0000000000000d60                RingBufferN<350>::RingBufferN()
                0x0000000000000d60                RingBufferN<350>::RingBufferN()
 .text._ZN4UartC2EP6SERCOMhh11SercomRXPad15SercomUartTXPad
                0x0000000000000d7c       0x70 /Users/q_guest/Library/Caches/arduino/sketches/CC1FCEEF2A31E4E84B3B0A41C7AC926C/../../cores/adafruit_samd_adafruit_feather_m0_no_bootloader_opt_small_8039ebe258ffa36a57ede09a7fbd5c79/core.a(Uart.cpp.o)
                0x0000000000000d7c                Uart::Uart(SERCOM*, unsigned char, unsigned char, SercomRXPad, SercomUartTXPad)
                0x0000000000000d7c                Uart::Uart(SERCOM*, unsigned char, unsigned char, SercomRXPad, SercomUartTXPad)
 .text._ZN11RingBufferNILi350EE9availableEv
                0x0000000000000dec       0x12 /Users/q_guest/Library/Caches/arduino/sketches/CC1FCEEF2A31E4E84B3B0A41C7AC926C/../../cores/adafruit_samd_adafruit_feather_m0_no_bootloader_opt_small_8039ebe258ffa36a57ede09a7fbd5c79/core.a(Uart.cpp.o)
                0x0000000000000dec                RingBufferN<350>::available()
 .text._ZN4Uart5flushEv
                0x0000000000000dfe       0x1a /Users/q_guest/Library/Caches/arduino/sketches/CC1FCEEF2A31E4E84B3B0A41C7AC926C/../../cores/adafruit_samd_adafruit_feather_m0_no_bootloader_opt_small_8039ebe258ffa36a57ede09a7fbd5c79/core.a(Uart.cpp.o)
                0x0000000000000dfe                Uart::flush()
 .text._ZN4Uart9availableEv
                0x0000000000000e18        0xa /Users/q_guest/Library/Caches/arduino/sketches/CC1FCEEF2A31E4E84B3B0A41C7AC926C/../../cores/adafruit_samd_adafruit_feather_m0_no_bootloader_opt_small_8039ebe258ffa36a57ede09a7fbd5c79/core.a(Uart.cpp.o)
                0x0000000000000e18                Uart::available()
 .text._ZN11RingBufferNILi350EE17availableForStoreEv
                0x0000000000000e22       0x22 /Users/q_guest/Library/Caches/arduino/sketches/CC1FCEEF2A31E4E84B3B0A41C7AC926C/../../cores/adafruit_samd_adafruit_feather_m0_no_bootloader_opt_small_8039ebe258ffa36a57ede09a7fbd5c79/core.a(Uart.cpp.o)
                0x0000000000000e22                RingBufferN<350>::availableForStore()
 .text._ZN4Uart17availableForWriteEv
                0x0000000000000e44        0xc /Users/q_guest/Library/Caches/arduino/sketches/CC1FCEEF2A31E4E84B3B0A41C7AC926C/../../cores/adafruit_samd_adafruit_feather_m0_no_bootloader_opt_small_8039ebe258ffa36a57ede09a7fbd5c79/core.a(Uart.cpp.o)
                0x0000000000000e44                Uart::availableForWrite()
 .text._ZN4Uart10IrqHandlerEv
                0x0000000000000e50       0xda /Users/q_guest/Library/Caches/arduino/sketches/CC1FCEEF2A31E4E84B3B0A41C7AC926C/../../cores/adafruit_samd_adafruit_feather_m0_no_bootloader_opt_small_8039ebe258ffa36a57ede09a7fbd5c79/core.a(Uart.cpp.o)
                0x0000000000000e50                Uart::IrqHandler()
 *fill*         0x0000000000000f2a        0x2 
 .text._ZN4Uart5writeEh
                0x0000000000000f2c       0xc4 /Users/q_guest/Library/Caches/arduino/sketches/CC1FCEEF2A31E4E84B3B0A41C7AC926C/../../cores/adafruit_samd_adafruit_feather_m0_no_bootloader_opt_small_8039ebe258ffa36a57ede09a7fbd5c79/core.a(Uart.cpp.o)
                0x0000000000000f2c                Uart::write(unsigned char)
 .text._ZN4Uart4readEv
                0x0000000000000ff0       0x52 /Users/q_guest/Library/Caches/arduino/sketches/CC1FCEEF2A31E4E84B3B0A41C7AC926C/../../cores/adafruit_samd_adafruit_feather_m0_no_bootloader_opt_small_8039ebe258ffa36a57ede09a7fbd5c79/core.a(Uart.cpp.o)
                0x0000000000000ff0                Uart::read()
 .text.Dummy_Handler
                0x0000000000001042        0x2 /Users/q_guest/Library/Caches/arduino/sketches/CC1FCEEF2A31E4E84B3B0A41C7AC926C/../../cores/adafruit_samd_adafruit_feather_m0_no_bootloader_opt_small_8039ebe258ffa36a57ede09a7fbd5c79/core.a(cortex_handlers.c.o)
                0x0000000000001042                SYSCTRL_Handler
                0x0000000000001042                HardFault_Handler
                0x0000000000001042                AC_Handler
                0x0000000000001042                PendSV_Handler
                0x0000000000001042                NMI_Handler
                0x0000000000001042                TC7_Handler
                0x0000000000001042                SERCOM1_Handler
                0x0000000000001042                ADC_Handler
                0x0000000000001042                TCC1_Handler
                0x0000000000001042                SERCOM2_Handler
                0x0000000000001042                TCC0_Handler
                0x0000000000001042                RTC_Handler
                0x0000000000001042                EIC_Handler
                0x0000000000001042                TC6_Handler
                0x0000000000001042                WDT_Handler
                0x0000000000001042                TC4_Handler
                0x0000000000001042                TC3_Handler
                0x0000000000001042                Dummy_Handler
                0x0000000000001042                PM_Handler
                0x0000000000001042                SVC_Handler
                0x0000000000001042                TCC2_Handler
                0x0000000000001042                EVSYS_Handler
                0x0000000000001042                SERCOM4_Handler
                0x0000000000001042                I2S_Handler
                0x0000000000001042                NVMCTRL_Handler
                0x0000000000001042                DAC_Handler
                0x0000000000001042                PTC_Handler
                0x0000000000001042                DMAC_Handler
 .text.USB_Handler
                0x0000000000001044       0x14 /Users/q_guest/Library/Caches/arduino/sketches/CC1FCEEF2A31E4E84B3B0A41C7AC926C/../../cores/adafruit_samd_adafruit_feather_m0_no_bootloader_opt_small_8039ebe258ffa36a57ede09a7fbd5c79/core.a(cortex_handlers.c.o)
                0x0000000000001044                USB_Handler
 .text.Reset_Handler
                0x0000000000001058       0x54 /Users/q_guest/Library/Caches/arduino/sketches/CC1FCEEF2A31E4E84B3B0A41C7AC926C/../../cores/adafruit_samd_adafruit_feather_m0_no_bootloader_opt_small_8039ebe258ffa36a57ede09a7fbd5c79/core.a(cortex_handlers.c.o)
                0x0000000000001058                Reset_Handler
 .text.SysTick_Handler
                0x00000000000010ac       0x10 /Users/q_guest/Library/Caches/arduino/sketches/CC1FCEEF2A31E4E84B3B0A41C7AC926C/../../cores/adafruit_samd_adafruit_feather_m0_no_bootloader_opt_small_8039ebe258ffa36a57ede09a7fbd5c79/core.a(cortex_handlers.c.o)
                0x00000000000010ac                SysTick_Handler
 .text.micros   0x00000000000010bc       0x60 /Users/q_guest/Library/Caches/arduino/sketches/CC1FCEEF2A31E4E84B3B0A41C7AC926C/../../cores/adafruit_samd_adafruit_feather_m0_no_bootloader_opt_small_8039ebe258ffa36a57ede09a7fbd5c79/core.a(delay.c.o)
                0x00000000000010bc                micros
 .text.delay    0x000000000000111c       0x2c /Users/q_guest/Library/Caches/arduino/sketches/CC1FCEEF2A31E4E84B3B0A41C7AC926C/../../cores/adafruit_samd_adafruit_feather_m0_no_bootloader_opt_small_8039ebe258ffa36a57ede09a7fbd5c79/core.a(delay.c.o)
                0x000000000000111c                delay
 .text.SysTick_DefaultHandler
                0x0000000000001148       0x14 /Users/q_guest/Library/Caches/arduino/sketches/CC1FCEEF2A31E4E84B3B0A41C7AC926C/../../cores/adafruit_samd_adafruit_feather_m0_no_bootloader_opt_small_8039ebe258ffa36a57ede09a7fbd5c79/core.a(delay.c.o)
                0x0000000000001148                SysTick_DefaultHandler
 .text.__empty  0x000000000000115c        0x2 /Users/q_guest/Library/Caches/arduino/sketches/CC1FCEEF2A31E4E84B3B0A41C7AC926C/../../cores/adafruit_samd_adafruit_feather_m0_no_bootloader_opt_small_8039ebe258ffa36a57ede09a7fbd5c79/core.a(hooks.c.o)
                0x000000000000115c                yield
 .text.__false  0x000000000000115e        0x4 /Users/q_guest/Library/Caches/arduino/sketches/CC1FCEEF2A31E4E84B3B0A41C7AC926C/../../cores/adafruit_samd_adafruit_feather_m0_no_bootloader_opt_small_8039ebe258ffa36a57ede09a7fbd5c79/core.a(hooks.c.o)
                0x000000000000115e                sysTickHook
 .text._Z11initVariantv
                0x0000000000001162        0x2 /Users/q_guest/Library/Caches/arduino/sketches/CC1FCEEF2A31E4E84B3B0A41C7AC926C/../../cores/adafruit_samd_adafruit_feather_m0_no_bootloader_opt_small_8039ebe258ffa36a57ede09a7fbd5c79/core.a(main.cpp.o)
                0x0000000000001162                initVariant()
 .text.startup.main
                0x0000000000001164       0x30 /Users/q_guest/Library/Caches/arduino/sketches/CC1FCEEF2A31E4E84B3B0A41C7AC926C/../../cores/adafruit_samd_adafruit_feather_m0_no_bootloader_opt_small_8039ebe258ffa36a57ede09a7fbd5c79/core.a(main.cpp.o)
                0x0000000000001164                main
 .text.SystemInit
                0x0000000000001194      0x160 /Users/q_guest/Library/Caches/arduino/sketches/CC1FCEEF2A31E4E84B3B0A41C7AC926C/../../cores/adafruit_samd_adafruit_feather_m0_no_bootloader_opt_small_8039ebe258ffa36a57ede09a7fbd5c79/core.a(startup.c.o)
                0x0000000000001194                SystemInit
 .text.init     0x00000000000012f4       0xe0 /Users/q_guest/Library/Caches/arduino/sketches/CC1FCEEF2A31E4E84B3B0A41C7AC926C/../../cores/adafruit_samd_adafruit_feather_m0_no_bootloader_opt_small_8039ebe258ffa36a57ede09a7fbd5c79/core.a(wiring.c.o)
                0x00000000000012f4                init
 .text.analogReference
                0x00000000000013d4       0x88 /Users/q_guest/Library/Caches/arduino/sketches/CC1FCEEF2A31E4E84B3B0A41C7AC926C/../../cores/adafruit_samd_adafruit_feather_m0_no_bootloader_opt_small_8039ebe258ffa36a57ede09a7fbd5c79/core.a(wiring_analog.c.o)
                0x00000000000013d4                analogReference
 .text.analogWrite
                0x000000000000145c      0x1cc /Users/q_guest/Library/Caches/arduino/sketches/CC1FCEEF2A31E4E84B3B0A41C7AC926C/../../cores/adafruit_samd_adafruit_feather_m0_no_bootloader_opt_small_8039ebe258ffa36a57ede09a7fbd5c79/core.a(wiring_analog.c.o)
                0x000000000000145c                analogWrite
 .text.pinMode  0x0000000000001628       0x60 /Users/q_guest/Library/Caches/arduino/sketches/CC1FCEEF2A31E4E84B3B0A41C7AC926C/../../cores/adafruit_samd_adafruit_feather_m0_no_bootloader_opt_small_8039ebe258ffa36a57ede09a7fbd5c79/core.a(wiring_digital.c.o)
                0x0000000000001628                pinMode
 .text.digitalWrite
                0x0000000000001688       0x58 /Users/q_guest/Library/Caches/arduino/sketches/CC1FCEEF2A31E4E84B3B0A41C7AC926C/../../cores/adafruit_samd_adafruit_feather_m0_no_bootloader_opt_small_8039ebe258ffa36a57ede09a7fbd5c79/core.a(wiring_digital.c.o)
                0x0000000000001688                digitalWrite
 .text.digitalRead
                0x00000000000016e0       0x30 /Users/q_guest/Library/Caches/arduino/sketches/CC1FCEEF2A31E4E84B3B0A41C7AC926C/../../cores/adafruit_samd_adafruit_feather_m0_no_bootloader_opt_small_8039ebe258ffa36a57ede09a7fbd5c79/core.a(wiring_digital.c.o)
                0x00000000000016e0                digitalRead
 .text.pinPeripheral
                0x0000000000001710       0xbc /Users/q_guest/Library/Caches/arduino/sketches/CC1FCEEF2A31E4E84B3B0A41C7AC926C/../../cores/adafruit_samd_adafruit_feather_m0_no_bootloader_opt_small_8039ebe258ffa36a57ede09a7fbd5c79/core.a(wiring_private.c.o)
                0x0000000000001710                pinPeripheral
 .text._ZN5Print5writeEPKhj
                0x00000000000017cc       0x24 /Users/q_guest/Library/Caches/arduino/sketches/CC1FCEEF2A31E4E84B3B0A41C7AC926C/../../cores/adafruit_samd_adafruit_feather_m0_no_bootloader_opt_small_8039ebe258ffa36a57ede09a7fbd5c79/core.a(Print.cpp.o)
                0x00000000000017cc                Print::write(unsigned char const*, unsigned int)
 .text.tickReset
                0x00000000000017f0       0x74 /Users/q_guest/Library/Caches/arduino/sketches/CC1FCEEF2A31E4E84B3B0A41C7AC926C/../../cores/adafruit_samd_adafruit_feather_m0_no_bootloader_opt_small_8039ebe258ffa36a57ede09a7fbd5c79/core.a(Reset.cpp.o)
                0x00000000000017f0                tickReset
 .text          0x0000000000001864       0x14 /Users/q_guest/Library/Arduino15/packages/adafruit/tools/arm-none-eabi-gcc/9-2019q4/bin/../lib/gcc/arm-none-eabi/9.2.1/thumb/v6-m/nofp/libgcc.a(_thumb1_case_uqi.o)
                0x0000000000001864                __gnu_thumb1_case_uqi
 .text          0x0000000000001878      0x114 /Users/q_guest/Library/Arduino15/packages/adafruit/tools/arm-none-eabi-gcc/9-2019q4/bin/../lib/gcc/arm-none-eabi/9.2.1/thumb/v6-m/nofp/libgcc.a(_udivsi3.o)
                0x0000000000001878                __udivsi3
                0x0000000000001878                __aeabi_uidiv
                0x0000000000001984                __aeabi_uidivmod
 .text          0x000000000000198c        0x4 /Users/q_guest/Library/Arduino15/packages/adafruit/tools/arm-none-eabi-gcc/9-2019q4/bin/../lib/gcc/arm-none-eabi/9.2.1/thumb/v6-m/nofp/libgcc.a(_dvmd_tls.o)
                0x000000000000198c                __aeabi_ldiv0
                0x000000000000198c                __aeabi_idiv0
 .text.__libc_init_array
                0x0000000000001990       0x48 /Users/q_guest/Library/Arduino15/packages/adafruit/tools/arm-none-eabi-gcc/9-2019q4/bin/../lib/gcc/arm-none-eabi/9.2.1/../../../../arm-none-eabi/lib/thumb/v6-m/nofp/libc_nano.a(lib_a-init.o)
                0x0000000000001990                __libc_init_array
 .text.memcpy   0x00000000000019d8       0x12 /Users/q_guest/Library/Arduino15/packages/adafruit/tools/arm-none-eabi-gcc/9-2019q4/bin/../lib/gcc/arm-none-eabi/9.2.1/../../../../arm-none-eabi/lib/thumb/v6-m/nofp/libc_nano.a(lib_a-memcpy-stub.o)
                0x00000000000019d8                memcpy
 .text.memset   0x00000000000019ea       0x10 /Users/q_guest/Library/Arduino15/packages/adafruit/tools/arm-none-eabi-gcc/9-2019q4/bin/../lib/gcc/arm-none-eabi/9.2.1/../../../../arm-none-eabi/lib/thumb/v6-m/nofp/libc_nano.a(lib_a-memset.o)
                0x00000000000019ea                memset
 *(.init)
 *fill*         0x00000000000019fa        0x2 
 .init          0x00000000000019fc        0x4 /Users/q_guest/Library/Arduino15/packages/adafruit/tools/arm-none-eabi-gcc/9-2019q4/bin/../lib/gcc/arm-none-eabi/9.2.1/thumb/v6-m/nofp/crti.o
                0x00000000000019fc                _init
 .init          0x0000000000001a00        0x8 /Users/q_guest/Library/Arduino15/packages/adafruit/tools/arm-none-eabi-gcc/9-2019q4/bin/../lib/gcc/arm-none-eabi/9.2.1/thumb/v6-m/nofp/crtn.o
 *(.fini)
 .fini          0x0000000000001a08        0x4 /Users/q_guest/Library/Arduino15/packages/adafruit/tools/arm-none-eabi-gcc/9-2019q4/bin/../lib/gcc/arm-none-eabi/9.2.1/thumb/v6-m/nofp/crti.o
                0x0000000000001a08                _fini
 .fini          0x0000000000001a0c        0x8 /Users/q_guest/Library/Arduino15/packages/adafruit/tools/arm-none-eabi-gcc/9-2019q4/bin/../lib/gcc/arm-none-eabi/9.2.1/thumb/v6-m/nofp/crtn.o
 *crtbegin.o(.ctors)
 *crtbegin?.o(.ctors)
 *(EXCLUDE_FILE(*crtend.o *crtend?.o) .ctors)
 *(SORT_BY_NAME(.ctors.*))
 *(.ctors)
 *crtbegin.o(.dtors)
 *crtbegin?.o(.dtors)
 *(EXCLUDE_FILE(*crtend.o *crtend?.o) .dtors)
 *(SORT_BY_NAME(.dtors.*))
 *(.dtors)
 *(.rodata*)
 .rodata._ZTV7TwoWire
                0x0000000000001a14       0x24 /Users/q_guest/Library/Caches/arduino/sketches/CC1FCEEF2A31E4E84B3B0A41C7AC926C/libraries/Wire/Wire.cpp.o
                0x0000000000001a14                vtable for TwoWire
 .rodata.g_APinDescription
                0x0000000000001a38      0x450 /Users/q_guest/Library/Caches/arduino/sketches/CC1FCEEF2A31E4E84B3B0A41C7AC926C/core/variant.cpp.o
                0x0000000000001a38                g_APinDescription
 .rodata._ZL10sercomData
                0x0000000000001e88       0x30 /Users/q_guest/Library/Caches/arduino/sketches/CC1FCEEF2A31E4E84B3B0A41C7AC926C/../../cores/adafruit_samd_adafruit_feather_m0_no_bootloader_opt_small_8039ebe258ffa36a57ede09a7fbd5c79/core.a(SERCOM.cpp.o)
 .rodata._ZTV4Uart
                0x0000000000001eb8       0x34 /Users/q_guest/Library/Caches/arduino/sketches/CC1FCEEF2A31E4E84B3B0A41C7AC926C/../../cores/adafruit_samd_adafruit_feather_m0_no_bootloader_opt_small_8039ebe258ffa36a57ede09a7fbd5c79/core.a(Uart.cpp.o)
                0x0000000000001eb8                vtable for Uart
 .rodata        0x0000000000001eec       0x10 /Users/q_guest/Library/Caches/arduino/sketches/CC1FCEEF2A31E4E84B3B0A41C7AC926C/../../cores/adafruit_samd_adafruit_feather_m0_no_bootloader_opt_small_8039ebe258ffa36a57ede09a7fbd5c79/core.a(wiring_analog.c.o)
 *(.eh_frame*)
 .eh_frame      0x0000000000001efc        0x0 /Users/q_guest/Library/Arduino15/packages/adafruit/tools/arm-none-eabi-gcc/9-2019q4/bin/../lib/gcc/arm-none-eabi/9.2.1/thumb/v6-m/nofp/crtbegin.o
 .eh_frame      0x0000000000001efc        0x4 /Users/q_guest/Library/Arduino15/packages/adafruit/tools/arm-none-eabi-gcc/9-2019q4/bin/../lib/gcc/arm-none-eabi/9.2.1/thumb/v6-m/nofp/crtend.o

.glue_7         0x0000000000001f00        0x0
 .glue_7        0x0000000000001f00        0x0 linker stubs

.glue_7t        0x0000000000001f00        0x0
 .glue_7t       0x0000000000001f00        0x0 linker stubs

.vfp11_veneer   0x0000000000001f00        0x0
 .vfp11_veneer  0x0000000000001f00        0x0 linker stubs

.v4_bx          0x0000000000001f00        0x0
 .v4_bx         0x0000000000001f00        0x0 linker stubs

.iplt           0x0000000000001f00        0x0
 .iplt          0x0000000000001f00        0x0 /Users/q_guest/Library/Arduino15/packages/adafruit/tools/arm-none-eabi-gcc/9-2019q4/bin/../lib/gcc/arm-none-eabi/9.2.1/thumb/v6-m/nofp/crtbegin.o

.rel.dyn        0x0000000000001f00        0x0
 .rel.iplt      0x0000000000001f00        0x0 /Users/q_guest/Library/Arduino15/packages/adafruit/tools/arm-none-eabi-gcc/9-2019q4/bin/../lib/gcc/arm-none-eabi/9.2.1/thumb/v6-m/nofp/crtbegin.o

.ARM.extab
 *(.ARM.extab* .gnu.linkonce.armextab.*)
                0x0000000000001f00                __exidx_start = .

.ARM.exidx
 *(.ARM.exidx* .gnu.linkonce.armexidx.*)
                0x0000000000001f00                __exidx_end = .
                0x0000000000001f00                __etext = .

.data           0x0000000020000000       0x40 load address 0x0000000000001f00
                0x0000000020000000                __data_start__ = .
 *(vtable)
 *(.data*)
 .data.chargerState
                0x0000000020000000        0x1 /Users/q_guest/Library/Caches/arduino/sketches/CC1FCEEF2A31E4E84B3B0A41C7AC926C/sketch/SAMD21G18A-I2C-Motor-Driver-Slave.ino.cpp.o
                0x0000000020000000                chargerState
 .data.motorDriverState
                0x0000000020000001        0x1 /Users/q_guest/Library/Caches/arduino/sketches/CC1FCEEF2A31E4E84B3B0A41C7AC926C/sketch/SAMD21G18A-I2C-Motor-Driver-Slave.ino.cpp.o
                0x0000000020000001                motorDriverState
 *fill*         0x0000000020000002        0x2 
 .data.g_apTCInstances
                0x0000000020000004       0x18 /Users/q_guest/Library/Caches/arduino/sketches/CC1FCEEF2A31E4E84B3B0A41C7AC926C/core/variant.cpp.o
                0x0000000020000004                g_apTCInstances
 .data.SystemCoreClock
                0x000000002000001c        0x4 /Users/q_guest/Library/Caches/arduino/sketches/CC1FCEEF2A31E4E84B3B0A41C7AC926C/../../cores/adafruit_samd_adafruit_feather_m0_no_bootloader_opt_small_8039ebe258ffa36a57ede09a7fbd5c79/core.a(wiring.c.o)
                0x000000002000001c                SystemCoreClock
 .data._writeResolution
                0x0000000020000020        0x4 /Users/q_guest/Library/Caches/arduino/sketches/CC1FCEEF2A31E4E84B3B0A41C7AC926C/../../cores/adafruit_samd_adafruit_feather_m0_no_bootloader_opt_small_8039ebe258ffa36a57ede09a7fbd5c79/core.a(wiring_analog.c.o)
 .data._ZL5ticks
                0x0000000020000024        0x4 /Users/q_guest/Library/Caches/arduino/sketches/CC1FCEEF2A31E4E84B3B0A41C7AC926C/../../cores/adafruit_samd_adafruit_feather_m0_no_bootloader_opt_small_8039ebe258ffa36a57ede09a7fbd5c79/core.a(Reset.cpp.o)
                0x0000000020000028                . = ALIGN (0x4)
                0x0000000020000028                PROVIDE (__preinit_array_start = .)
 *(.preinit_array)
                0x0000000020000028                PROVIDE (__preinit_array_end = .)
                0x0000000020000028                . = ALIGN (0x4)
                0x0000000020000028                PROVIDE (__init_array_start = .)
 *(SORT_BY_NAME(.init_array.*))
 *(.init_array)
 .init_array    0x0000000020000028        0x4 /Users/q_guest/Library/Arduino15/packages/adafruit/tools/arm-none-eabi-gcc/9-2019q4/bin/../lib/gcc/arm-none-eabi/9.2.1/thumb/v6-m/nofp/crtbegin.o
 .init_array    0x000000002000002c        0x4 /Users/q_guest/Library/Caches/arduino/sketches/CC1FCEEF2A31E4E84B3B0A41C7AC926C/libraries/Wire/Wire.cpp.o
 .init_array    0x0000000020000030        0x4 /Users/q_guest/Library/Caches/arduino/sketches/CC1FCEEF2A31E4E84B3B0A41C7AC926C/core/variant.cpp.o
                0x0000000020000034                PROVIDE (__init_array_end = .)
                0x0000000020000034                . = ALIGN (0x4)
                [!provide]                        PROVIDE (__fini_array_start = .)
 *(SORT_BY_NAME(.fini_array.*))
 *(.fini_array)
 .fini_array    0x0000000020000034        0x4 /Users/q_guest/Library/Arduino15/packages/adafruit/tools/arm-none-eabi-gcc/9-2019q4/bin/../lib/gcc/arm-none-eabi/9.2.1/thumb/v6-m/nofp/crtbegin.o
                [!provide]                        PROVIDE (__fini_array_end = .)
 *(.jcr*)
                0x0000000020000040                . = ALIGN (0x10)
 *fill*         0x0000000020000038        0x8 
                0x0000000020000040                __data_end__ = .

.igot.plt       0x0000000020000040        0x0 load address 0x0000000000001f40
 .igot.plt      0x0000000020000040        0x0 /Users/q_guest/Library/Arduino15/packages/adafruit/tools/arm-none-eabi-gcc/9-2019q4/bin/../lib/gcc/arm-none-eabi/9.2.1/thumb/v6-m/nofp/crtbegin.o

.bss            0x0000000020000040      0x87c load address 0x0000000000001f40
                0x0000000020000040                . = ALIGN (0x4)
                0x0000000020000040                __bss_start__ = .
 *(.bss*)
 .bss           0x0000000020000040       0x1c /Users/q_guest/Library/Arduino15/packages/adafruit/tools/arm-none-eabi-gcc/9-2019q4/bin/../lib/gcc/arm-none-eabi/9.2.1/thumb/v6-m/nofp/crtbegin.o
 .bss._ZZ4loopE10lastMotorA
                0x000000002000005c        0x2 /Users/q_guest/Library/Caches/arduino/sketches/CC1FCEEF2A31E4E84B3B0A41C7AC926C/sketch/SAMD21G18A-I2C-Motor-Driver-Slave.ino.cpp.o
 .bss._ZZ4loopE10lastMotorB
                0x000000002000005e        0x2 /Users/q_guest/Library/Caches/arduino/sketches/CC1FCEEF2A31E4E84B3B0A41C7AC926C/sketch/SAMD21G18A-I2C-Motor-Driver-Slave.ino.cpp.o
 .bss.lastRequestType
                0x0000000020000060        0x1 /Users/q_guest/Library/Caches/arduino/sketches/CC1FCEEF2A31E4E84B3B0A41C7AC926C/sketch/SAMD21G18A-I2C-Motor-Driver-Slave.ino.cpp.o
                0x0000000020000060                lastRequestType
 *fill*         0x0000000020000061        0x1 
 .bss.motorA    0x0000000020000062        0x2 /Users/q_guest/Library/Caches/arduino/sketches/CC1FCEEF2A31E4E84B3B0A41C7AC926C/sketch/SAMD21G18A-I2C-Motor-Driver-Slave.ino.cpp.o
                0x0000000020000062                motorA
 .bss.motorB    0x0000000020000064        0x2 /Users/q_guest/Library/Caches/arduino/sketches/CC1FCEEF2A31E4E84B3B0A41C7AC926C/sketch/SAMD21G18A-I2C-Motor-Driver-Slave.ino.cpp.o
                0x0000000020000064                motorB
 *fill*         0x0000000020000066        0x2 
 .bss.Wire      0x0000000020000068      0x234 /Users/q_guest/Library/Caches/arduino/sketches/CC1FCEEF2A31E4E84B3B0A41C7AC926C/libraries/Wire/Wire.cpp.o
                0x0000000020000068                Wire
 .bss.Serial1   0x000000002000029c      0x2fc /Users/q_guest/Library/Caches/arduino/sketches/CC1FCEEF2A31E4E84B3B0A41C7AC926C/core/variant.cpp.o
                0x000000002000029c                Serial1
 .bss.Serial5   0x0000000020000598      0x2fc /Users/q_guest/Library/Caches/arduino/sketches/CC1FCEEF2A31E4E84B3B0A41C7AC926C/core/variant.cpp.o
                0x0000000020000598                Serial5
 .bss.sercom0   0x0000000020000894        0x4 /Users/q_guest/Library/Caches/arduino/sketches/CC1FCEEF2A31E4E84B3B0A41C7AC926C/core/variant.cpp.o
                0x0000000020000894                sercom0
 .bss.sercom1   0x0000000020000898        0x4 /Users/q_guest/Library/Caches/arduino/sketches/CC1FCEEF2A31E4E84B3B0A41C7AC926C/core/variant.cpp.o
                0x0000000020000898                sercom1
 .bss.sercom2   0x000000002000089c        0x4 /Users/q_guest/Library/Caches/arduino/sketches/CC1FCEEF2A31E4E84B3B0A41C7AC926C/core/variant.cpp.o
                0x000000002000089c                sercom2
 .bss.sercom3   0x00000000200008a0        0x4 /Users/q_guest/Library/Caches/arduino/sketches/CC1FCEEF2A31E4E84B3B0A41C7AC926C/core/variant.cpp.o
                0x00000000200008a0                sercom3
 .bss.sercom4   0x00000000200008a4        0x4 /Users/q_guest/Library/Caches/arduino/sketches/CC1FCEEF2A31E4E84B3B0A41C7AC926C/core/variant.cpp.o
                0x00000000200008a4                sercom4
 .bss.sercom5   0x00000000200008a8        0x4 /Users/q_guest/Library/Caches/arduino/sketches/CC1FCEEF2A31E4E84B3B0A41C7AC926C/core/variant.cpp.o
                0x00000000200008a8                sercom5
 .bss.usb_isr   0x00000000200008ac        0x4 /Users/q_guest/Library/Caches/arduino/sketches/CC1FCEEF2A31E4E84B3B0A41C7AC926C/../../cores/adafruit_samd_adafruit_feather_m0_no_bootloader_opt_small_8039ebe258ffa36a57ede09a7fbd5c79/core.a(cortex_handlers.c.o)
 .bss._ulTickCount
                0x00000000200008b0        0x4 /Users/q_guest/Library/Caches/arduino/sketches/CC1FCEEF2A31E4E84B3B0A41C7AC926C/../../cores/adafruit_samd_adafruit_feather_m0_no_bootloader_opt_small_8039ebe258ffa36a57ede09a7fbd5c79/core.a(delay.c.o)
 .bss.tcEnabled.12739
                0x00000000200008b4        0x6 /Users/q_guest/Library/Caches/arduino/sketches/CC1FCEEF2A31E4E84B3B0A41C7AC926C/../../cores/adafruit_samd_adafruit_feather_m0_no_bootloader_opt_small_8039ebe258ffa36a57ede09a7fbd5c79/core.a(wiring_analog.c.o)
 *(COMMON)
                0x00000000200008bc                . = ALIGN (0x4)
 *fill*         0x00000000200008ba        0x2 
                0x00000000200008bc                __bss_end__ = .

.heap           0x00000000200008bc        0x0
                0x00000000200008bc                __end__ = .
                0x00000000200008bc                PROVIDE (end = .)
 *(.heap*)
                0x00000000200008bc                __HeapLimit = .

.stack_dummy    0x00000000200008bc        0x0
 *(.stack*)
                0x0000000020008000                __StackTop = (ORIGIN (RAM) + LENGTH (RAM))
                0x0000000020008000                __StackLimit = (__StackTop - SIZEOF (.stack_dummy))
                0x0000000020008000                PROVIDE (__stack = __StackTop)
                0x0000000020007fff                __ram_end__ = ((ORIGIN (RAM) + LENGTH (RAM)) - 0x1)
                0x0000000000000001                ASSERT ((__StackLimit >= __HeapLimit), region RAM overflowed with stack)
OUTPUT(/Users/q_guest/Library/Caches/arduino/sketches/CC1FCEEF2A31E4E84B3B0A41C7AC926C/SAMD21G18A-I2C-Motor-Driver-Slave.ino.elf elf32-littlearm)

.ARM.attributes
                0x0000000000000000       0x28
 .ARM.attributes
                0x0000000000000000       0x1e /Users/q_guest/Library/Arduino15/packages/adafruit/tools/arm-none-eabi-gcc/9-2019q4/bin/../lib/gcc/arm-none-eabi/9.2.1/thumb/v6-m/nofp/crti.o
 .ARM.attributes
                0x000000000000001e       0x2c /Users/q_guest/Library/Arduino15/packages/adafruit/tools/arm-none-eabi-gcc/9-2019q4/bin/../lib/gcc/arm-none-eabi/9.2.1/thumb/v6-m/nofp/crtbegin.o
 .ARM.attributes
                0x000000000000004a       0x2c /Users/q_guest/Library/Caches/arduino/sketches/CC1FCEEF2A31E4E84B3B0A41C7AC926C/sketch/SAMD21G18A-I2C-Motor-Driver-Slave.ino.cpp.o
 .ARM.attributes
                0x0000000000000076       0x2c /Users/q_guest/Library/Caches/arduino/sketches/CC1FCEEF2A31E4E84B3B0A41C7AC926C/libraries/Wire/Wire.cpp.o
 .ARM.attributes
                0x00000000000000a2       0x2c /Users/q_guest/Library/Caches/arduino/sketches/CC1FCEEF2A31E4E84B3B0A41C7AC926C/core/variant.cpp.o
 .ARM.attributes
                0x00000000000000ce       0x2c /Users/q_guest/Library/Caches/arduino/sketches/CC1FCEEF2A31E4E84B3B0A41C7AC926C/../../cores/adafruit_samd_adafruit_feather_m0_no_bootloader_opt_small_8039ebe258ffa36a57ede09a7fbd5c79/core.a(SERCOM.cpp.o)
 .ARM.attributes
                0x00000000000000fa       0x2c /Users/q_guest/Library/Caches/arduino/sketches/CC1FCEEF2A31E4E84B3B0A41C7AC926C/../../cores/adafruit_samd_adafruit_feather_m0_no_bootloader_opt_small_8039ebe258ffa36a57ede09a7fbd5c79/core.a(Uart.cpp.o)
 .ARM.attributes
                0x0000000000000126       0x2c /Users/q_guest/Library/Caches/arduino/sketches/CC1FCEEF2A31E4E84B3B0A41C7AC926C/../../cores/adafruit_samd_adafruit_feather_m0_no_bootloader_opt_small_8039ebe258ffa36a57ede09a7fbd5c79/core.a(cortex_handlers.c.o)
 .ARM.attributes
                0x0000000000000152       0x2c /Users/q_guest/Library/Caches/arduino/sketches/CC1FCEEF2A31E4E84B3B0A41C7AC926C/../../cores/adafruit_samd_adafruit_feather_m0_no_bootloader_opt_small_8039ebe258ffa36a57ede09a7fbd5c79/core.a(delay.c.o)
 .ARM.attributes
                0x000000000000017e       0x2c /Users/q_guest/Library/Caches/arduino/sketches/CC1FCEEF2A31E4E84B3B0A41C7AC926C/../../cores/adafruit_samd_adafruit_feather_m0_no_bootloader_opt_small_8039ebe258ffa36a57ede09a7fbd5c79/core.a(hooks.c.o)
 .ARM.attributes
                0x00000000000001aa       0x2c /Users/q_guest/Library/Caches/arduino/sketches/CC1FCEEF2A31E4E84B3B0A41C7AC926C/../../cores/adafruit_samd_adafruit_feather_m0_no_bootloader_opt_small_8039ebe258ffa36a57ede09a7fbd5c79/core.a(main.cpp.o)
 .ARM.attributes
                0x00000000000001d6       0x2c /Users/q_guest/Library/Caches/arduino/sketches/CC1FCEEF2A31E4E84B3B0A41C7AC926C/../../cores/adafruit_samd_adafruit_feather_m0_no_bootloader_opt_small_8039ebe258ffa36a57ede09a7fbd5c79/core.a(startup.c.o)
 .ARM.attributes
                0x0000000000000202       0x2c /Users/q_guest/Library/Caches/arduino/sketches/CC1FCEEF2A31E4E84B3B0A41C7AC926C/../../cores/adafruit_samd_adafruit_feather_m0_no_bootloader_opt_small_8039ebe258ffa36a57ede09a7fbd5c79/core.a(wiring.c.o)
 .ARM.attributes
                0x000000000000022e       0x2c /Users/q_guest/Library/Caches/arduino/sketches/CC1FCEEF2A31E4E84B3B0A41C7AC926C/../../cores/adafruit_samd_adafruit_feather_m0_no_bootloader_opt_small_8039ebe258ffa36a57ede09a7fbd5c79/core.a(wiring_analog.c.o)
 .ARM.attributes
                0x000000000000025a       0x2c /Users/q_guest/Library/Caches/arduino/sketches/CC1FCEEF2A31E4E84B3B0A41C7AC926C/../../cores/adafruit_samd_adafruit_feather_m0_no_bootloader_opt_small_8039ebe258ffa36a57ede09a7fbd5c79/core.a(wiring_digital.c.o)
 .ARM.attributes
                0x0000000000000286       0x2c /Users/q_guest/Library/Caches/arduino/sketches/CC1FCEEF2A31E4E84B3B0A41C7AC926C/../../cores/adafruit_samd_adafruit_feather_m0_no_bootloader_opt_small_8039ebe258ffa36a57ede09a7fbd5c79/core.a(wiring_private.c.o)
 .ARM.attributes
                0x00000000000002b2       0x2c /Users/q_guest/Library/Caches/arduino/sketches/CC1FCEEF2A31E4E84B3B0A41C7AC926C/../../cores/adafruit_samd_adafruit_feather_m0_no_bootloader_opt_small_8039ebe258ffa36a57ede09a7fbd5c79/core.a(Print.cpp.o)
 .ARM.attributes
                0x00000000000002de       0x2c /Users/q_guest/Library/Caches/arduino/sketches/CC1FCEEF2A31E4E84B3B0A41C7AC926C/../../cores/adafruit_samd_adafruit_feather_m0_no_bootloader_opt_small_8039ebe258ffa36a57ede09a7fbd5c79/core.a(Reset.cpp.o)
 .ARM.attributes
                0x000000000000030a       0x1e /Users/q_guest/Library/Arduino15/packages/adafruit/tools/arm-none-eabi-gcc/9-2019q4/bin/../lib/gcc/arm-none-eabi/9.2.1/thumb/v6-m/nofp/libgcc.a(_thumb1_case_uqi.o)
 .ARM.attributes
                0x0000000000000328       0x1e /Users/q_guest/Library/Arduino15/packages/adafruit/tools/arm-none-eabi-gcc/9-2019q4/bin/../lib/gcc/arm-none-eabi/9.2.1/thumb/v6-m/nofp/libgcc.a(_udivsi3.o)
 .ARM.attributes
                0x0000000000000346       0x1e /Users/q_guest/Library/Arduino15/packages/adafruit/tools/arm-none-eabi-gcc/9-2019q4/bin/../lib/gcc/arm-none-eabi/9.2.1/thumb/v6-m/nofp/libgcc.a(_dvmd_tls.o)
 .ARM.attributes
                0x0000000000000364       0x2c /Users/q_guest/Library/Arduino15/packages/adafruit/tools/arm-none-eabi-gcc/9-2019q4/bin/../lib/gcc/arm-none-eabi/9.2.1/../../../../arm-none-eabi/lib/thumb/v6-m/nofp/libc_nano.a(lib_a-init.o)
 .ARM.attributes
                0x0000000000000390       0x2c /Users/q_guest/Library/Arduino15/packages/adafruit/tools/arm-none-eabi-gcc/9-2019q4/bin/../lib/gcc/arm-none-eabi/9.2.1/../../../../arm-none-eabi/lib/thumb/v6-m/nofp/libc_nano.a(lib_a-memcpy-stub.o)
 .ARM.attributes
                0x00000000000003bc       0x2c /Users/q_guest/Library/Arduino15/packages/adafruit/tools/arm-none-eabi-gcc/9-2019q4/bin/../lib/gcc/arm-none-eabi/9.2.1/../../../../arm-none-eabi/lib/thumb/v6-m/nofp/libc_nano.a(lib_a-memset.o)
 .ARM.attributes
                0x00000000000003e8       0x2c /Users/q_guest/Library/Arduino15/packages/adafruit/tools/arm-none-eabi-gcc/9-2019q4/bin/../lib/gcc/arm-none-eabi/9.2.1/thumb/v6-m/nofp/crtend.o
 .ARM.attributes
                0x0000000000000414       0x1e /Users/q_guest/Library/Arduino15/packages/adafruit/tools/arm-none-eabi-gcc/9-2019q4/bin/../lib/gcc/arm-none-eabi/9.2.1/thumb/v6-m/nofp/crtn.o

.comment        0x0000000000000000       0x79
 .comment       0x0000000000000000       0x79 /Users/q_guest/Library/Caches/arduino/sketches/CC1FCEEF2A31E4E84B3B0A41C7AC926C/sketch/SAMD21G18A-I2C-Motor-Driver-Slave.ino.cpp.o
                                         0x7a (size before relaxing)
 .comment       0x0000000000000079       0x7a /Users/q_guest/Library/Caches/arduino/sketches/CC1FCEEF2A31E4E84B3B0A41C7AC926C/libraries/Wire/Wire.cpp.o
 .comment       0x0000000000000079       0x7a /Users/q_guest/Library/Caches/arduino/sketches/CC1FCEEF2A31E4E84B3B0A41C7AC926C/core/variant.cpp.o
 .comment       0x0000000000000079       0x7a /Users/q_guest/Library/Caches/arduino/sketches/CC1FCEEF2A31E4E84B3B0A41C7AC926C/../../cores/adafruit_samd_adafruit_feather_m0_no_bootloader_opt_small_8039ebe258ffa36a57ede09a7fbd5c79/core.a(SERCOM.cpp.o)
 .comment       0x0000000000000079       0x7a /Users/q_guest/Library/Caches/arduino/sketches/CC1FCEEF2A31E4E84B3B0A41C7AC926C/../../cores/adafruit_samd_adafruit_feather_m0_no_bootloader_opt_small_8039ebe258ffa36a57ede09a7fbd5c79/core.a(Uart.cpp.o)
 .comment       0x0000000000000079       0x7a /Users/q_guest/Library/Caches/arduino/sketches/CC1FCEEF2A31E4E84B3B0A41C7AC926C/../../cores/adafruit_samd_adafruit_feather_m0_no_bootloader_opt_small_8039ebe258ffa36a57ede09a7fbd5c79/core.a(cortex_handlers.c.o)
 .comment       0x0000000000000079       0x7a /Users/q_guest/Library/Caches/arduino/sketches/CC1FCEEF2A31E4E84B3B0A41C7AC926C/../../cores/adafruit_samd_adafruit_feather_m0_no_bootloader_opt_small_8039ebe258ffa36a57ede09a7fbd5c79/core.a(delay.c.o)
 .comment       0x0000000000000079       0x7a /Users/q_guest/Library/Caches/arduino/sketches/CC1FCEEF2A31E4E84B3B0A41C7AC926C/../../cores/adafruit_samd_adafruit_feather_m0_no_bootloader_opt_small_8039ebe258ffa36a57ede09a7fbd5c79/core.a(hooks.c.o)
 .comment       0x0000000000000079       0x7a /Users/q_guest/Library/Caches/arduino/sketches/CC1FCEEF2A31E4E84B3B0A41C7AC926C/../../cores/adafruit_samd_adafruit_feather_m0_no_bootloader_opt_small_8039ebe258ffa36a57ede09a7fbd5c79/core.a(main.cpp.o)
 .comment       0x0000000000000079       0x7a /Users/q_guest/Library/Caches/arduino/sketches/CC1FCEEF2A31E4E84B3B0A41C7AC926C/../../cores/adafruit_samd_adafruit_feather_m0_no_bootloader_opt_small_8039ebe258ffa36a57ede09a7fbd5c79/core.a(startup.c.o)
 .comment       0x0000000000000079       0x7a /Users/q_guest/Library/Caches/arduino/sketches/CC1FCEEF2A31E4E84B3B0A41C7AC926C/../../cores/adafruit_samd_adafruit_feather_m0_no_bootloader_opt_small_8039ebe258ffa36a57ede09a7fbd5c79/core.a(wiring.c.o)
 .comment       0x0000000000000079       0x7a /Users/q_guest/Library/Caches/arduino/sketches/CC1FCEEF2A31E4E84B3B0A41C7AC926C/../../cores/adafruit_samd_adafruit_feather_m0_no_bootloader_opt_small_8039ebe258ffa36a57ede09a7fbd5c79/core.a(wiring_analog.c.o)
 .comment       0x0000000000000079       0x7a /Users/q_guest/Library/Caches/arduino/sketches/CC1FCEEF2A31E4E84B3B0A41C7AC926C/../../cores/adafruit_samd_adafruit_feather_m0_no_bootloader_opt_small_8039ebe258ffa36a57ede09a7fbd5c79/core.a(wiring_digital.c.o)
 .comment       0x0000000000000079       0x7a /Users/q_guest/Library/Caches/arduino/sketches/CC1FCEEF2A31E4E84B3B0A41C7AC926C/../../cores/adafruit_samd_adafruit_feather_m0_no_bootloader_opt_small_8039ebe258ffa36a57ede09a7fbd5c79/core.a(wiring_private.c.o)
 .comment       0x0000000000000079       0x7a /Users/q_guest/Library/Caches/arduino/sketches/CC1FCEEF2A31E4E84B3B0A41C7AC926C/../../cores/adafruit_samd_adafruit_feather_m0_no_bootloader_opt_small_8039ebe258ffa36a57ede09a7fbd5c79/core.a(Print.cpp.o)
 .comment       0x0000000000000079       0x7a /Users/q_guest/Library/Caches/arduino/sketches/CC1FCEEF2A31E4E84B3B0A41C7AC926C/../../cores/adafruit_samd_adafruit_feather_m0_no_bootloader_opt_small_8039ebe258ffa36a57ede09a7fbd5c79/core.a(Reset.cpp.o)

.debug_info     0x0000000000000000    0x517b8
 .debug_info    0x0000000000000000     0x7432 /Users/q_guest/Library/Caches/arduino/sketches/CC1FCEEF2A31E4E84B3B0A41C7AC926C/sketch/SAMD21G18A-I2C-Motor-Driver-Slave.ino.cpp.o
 .debug_info    0x0000000000007432     0x925b /Users/q_guest/Library/Caches/arduino/sketches/CC1FCEEF2A31E4E84B3B0A41C7AC926C/libraries/Wire/Wire.cpp.o
 .debug_info    0x000000000001068d     0x6cf7 /Users/q_guest/Library/Caches/arduino/sketches/CC1FCEEF2A31E4E84B3B0A41C7AC926C/core/variant.cpp.o
 .debug_info    0x0000000000017384     0x808f /Users/q_guest/Library/Caches/arduino/sketches/CC1FCEEF2A31E4E84B3B0A41C7AC926C/../../cores/adafruit_samd_adafruit_feather_m0_no_bootloader_opt_small_8039ebe258ffa36a57ede09a7fbd5c79/core.a(SERCOM.cpp.o)
 .debug_info    0x000000000001f413     0x9cb4 /Users/q_guest/Library/Caches/arduino/sketches/CC1FCEEF2A31E4E84B3B0A41C7AC926C/../../cores/adafruit_samd_adafruit_feather_m0_no_bootloader_opt_small_8039ebe258ffa36a57ede09a7fbd5c79/core.a(Uart.cpp.o)
 .debug_info    0x00000000000290c7     0x1219 /Users/q_guest/Library/Caches/arduino/sketches/CC1FCEEF2A31E4E84B3B0A41C7AC926C/../../cores/adafruit_samd_adafruit_feather_m0_no_bootloader_opt_small_8039ebe258ffa36a57ede09a7fbd5c79/core.a(cortex_handlers.c.o)
 .debug_info    0x000000000002a2e0     0x14c3 /Users/q_guest/Library/Caches/arduino/sketches/CC1FCEEF2A31E4E84B3B0A41C7AC926C/../../cores/adafruit_samd_adafruit_feather_m0_no_bootloader_opt_small_8039ebe258ffa36a57ede09a7fbd5c79/core.a(delay.c.o)
 .debug_info    0x000000000002b7a3       0x65 /Users/q_guest/Library/Caches/arduino/sketches/CC1FCEEF2A31E4E84B3B0A41C7AC926C/../../cores/adafruit_samd_adafruit_feather_m0_no_bootloader_opt_small_8039ebe258ffa36a57ede09a7fbd5c79/core.a(hooks.c.o)
 .debug_info    0x000000000002b808     0x68aa /Users/q_guest/Library/Caches/arduino/sketches/CC1FCEEF2A31E4E84B3B0A41C7AC926C/../../cores/adafruit_samd_adafruit_feather_m0_no_bootloader_opt_small_8039ebe258ffa36a57ede09a7fbd5c79/core.a(main.cpp.o)
 .debug_info    0x00000000000320b2     0x3861 /Users/q_guest/Library/Caches/arduino/sketches/CC1FCEEF2A31E4E84B3B0A41C7AC926C/../../cores/adafruit_samd_adafruit_feather_m0_no_bootloader_opt_small_8039ebe258ffa36a57ede09a7fbd5c79/core.a(startup.c.o)
 .debug_info    0x0000000000035913     0x307c /Users/q_guest/Library/Caches/arduino/sketches/CC1FCEEF2A31E4E84B3B0A41C7AC926C/../../cores/adafruit_samd_adafruit_feather_m0_no_bootloader_opt_small_8039ebe258ffa36a57ede09a7fbd5c79/core.a(wiring.c.o)
 .debug_info    0x000000000003898f     0x5503 /Users/q_guest/Library/Caches/arduino/sketches/CC1FCEEF2A31E4E84B3B0A41C7AC926C/../../cores/adafruit_samd_adafruit_feather_m0_no_bootloader_opt_small_8039ebe258ffa36a57ede09a7fbd5c79/core.a(wiring_analog.c.o)
 .debug_info    0x000000000003de92     0x19bb /Users/q_guest/Library/Caches/arduino/sketches/CC1FCEEF2A31E4E84B3B0A41C7AC926C/../../cores/adafruit_samd_adafruit_feather_m0_no_bootloader_opt_small_8039ebe258ffa36a57ede09a7fbd5c79/core.a(wiring_digital.c.o)
 .debug_info    0x000000000003f84d     0x1949 /Users/q_guest/Library/Caches/arduino/sketches/CC1FCEEF2A31E4E84B3B0A41C7AC926C/../../cores/adafruit_samd_adafruit_feather_m0_no_bootloader_opt_small_8039ebe258ffa36a57ede09a7fbd5c79/core.a(wiring_private.c.o)
 .debug_info    0x0000000000041196     0x9757 /Users/q_guest/Library/Caches/arduino/sketches/CC1FCEEF2A31E4E84B3B0A41C7AC926C/../../cores/adafruit_samd_adafruit_feather_m0_no_bootloader_opt_small_8039ebe258ffa36a57ede09a7fbd5c79/core.a(Print.cpp.o)
 .debug_info    0x000000000004a8ed     0x6ecb /Users/q_guest/Library/Caches/arduino/sketches/CC1FCEEF2A31E4E84B3B0A41C7AC926C/../../cores/adafruit_samd_adafruit_feather_m0_no_bootloader_opt_small_8039ebe258ffa36a57ede09a7fbd5c79/core.a(Reset.cpp.o)

.debug_abbrev   0x0000000000000000     0x5e1d
 .debug_abbrev  0x0000000000000000      0x865 /Users/q_guest/Library/Caches/arduino/sketches/CC1FCEEF2A31E4E84B3B0A41C7AC926C/sketch/SAMD21G18A-I2C-Motor-Driver-Slave.ino.cpp.o
 .debug_abbrev  0x0000000000000865      0xa26 /Users/q_guest/Library/Caches/arduino/sketches/CC1FCEEF2A31E4E84B3B0A41C7AC926C/libraries/Wire/Wire.cpp.o
 .debug_abbrev  0x000000000000128b      0x5f0 /Users/q_guest/Library/Caches/arduino/sketches/CC1FCEEF2A31E4E84B3B0A41C7AC926C/core/variant.cpp.o
 .debug_abbrev  0x000000000000187b      0x974 /Users/q_guest/Library/Caches/arduino/sketches/CC1FCEEF2A31E4E84B3B0A41C7AC926C/../../cores/adafruit_samd_adafruit_feather_m0_no_bootloader_opt_small_8039ebe258ffa36a57ede09a7fbd5c79/core.a(SERCOM.cpp.o)
 .debug_abbrev  0x00000000000021ef      0xa66 /Users/q_guest/Library/Caches/arduino/sketches/CC1FCEEF2A31E4E84B3B0A41C7AC926C/../../cores/adafruit_samd_adafruit_feather_m0_no_bootloader_opt_small_8039ebe258ffa36a57ede09a7fbd5c79/core.a(Uart.cpp.o)
 .debug_abbrev  0x0000000000002c55      0x303 /Users/q_guest/Library/Caches/arduino/sketches/CC1FCEEF2A31E4E84B3B0A41C7AC926C/../../cores/adafruit_samd_adafruit_feather_m0_no_bootloader_opt_small_8039ebe258ffa36a57ede09a7fbd5c79/core.a(cortex_handlers.c.o)
 .debug_abbrev  0x0000000000002f58      0x33a /Users/q_guest/Library/Caches/arduino/sketches/CC1FCEEF2A31E4E84B3B0A41C7AC926C/../../cores/adafruit_samd_adafruit_feather_m0_no_bootloader_opt_small_8039ebe258ffa36a57ede09a7fbd5c79/core.a(delay.c.o)
 .debug_abbrev  0x0000000000003292       0x4d /Users/q_guest/Library/Caches/arduino/sketches/CC1FCEEF2A31E4E84B3B0A41C7AC926C/../../cores/adafruit_samd_adafruit_feather_m0_no_bootloader_opt_small_8039ebe258ffa36a57ede09a7fbd5c79/core.a(hooks.c.o)
 .debug_abbrev  0x00000000000032df      0x683 /Users/q_guest/Library/Caches/arduino/sketches/CC1FCEEF2A31E4E84B3B0A41C7AC926C/../../cores/adafruit_samd_adafruit_feather_m0_no_bootloader_opt_small_8039ebe258ffa36a57ede09a7fbd5c79/core.a(main.cpp.o)
 .debug_abbrev  0x0000000000003962      0x2f7 /Users/q_guest/Library/Caches/arduino/sketches/CC1FCEEF2A31E4E84B3B0A41C7AC926C/../../cores/adafruit_samd_adafruit_feather_m0_no_bootloader_opt_small_8039ebe258ffa36a57ede09a7fbd5c79/core.a(startup.c.o)
 .debug_abbrev  0x0000000000003c59      0x3e8 /Users/q_guest/Library/Caches/arduino/sketches/CC1FCEEF2A31E4E84B3B0A41C7AC926C/../../cores/adafruit_samd_adafruit_feather_m0_no_bootloader_opt_small_8039ebe258ffa36a57ede09a7fbd5c79/core.a(wiring.c.o)
 .debug_abbrev  0x0000000000004041      0x554 /Users/q_guest/Library/Caches/arduino/sketches/CC1FCEEF2A31E4E84B3B0A41C7AC926C/../../cores/adafruit_samd_adafruit_feather_m0_no_bootloader_opt_small_8039ebe258ffa36a57ede09a7fbd5c79/core.a(wiring_analog.c.o)
 .debug_abbrev  0x0000000000004595      0x389 /Users/q_guest/Library/Caches/arduino/sketches/CC1FCEEF2A31E4E84B3B0A41C7AC926C/../../cores/adafruit_samd_adafruit_feather_m0_no_bootloader_opt_small_8039ebe258ffa36a57ede09a7fbd5c79/core.a(wiring_digital.c.o)
 .debug_abbrev  0x000000000000491e      0x351 /Users/q_guest/Library/Caches/arduino/sketches/CC1FCEEF2A31E4E84B3B0A41C7AC926C/../../cores/adafruit_samd_adafruit_feather_m0_no_bootloader_opt_small_8039ebe258ffa36a57ede09a7fbd5c79/core.a(wiring_private.c.o)
 .debug_abbrev  0x0000000000004c6f      0xa5e /Users/q_guest/Library/Caches/arduino/sketches/CC1FCEEF2A31E4E84B3B0A41C7AC926C/../../cores/adafruit_samd_adafruit_feather_m0_no_bootloader_opt_small_8039ebe258ffa36a57ede09a7fbd5c79/core.a(Print.cpp.o)
 .debug_abbrev  0x00000000000056cd      0x750 /Users/q_guest/Library/Caches/arduino/sketches/CC1FCEEF2A31E4E84B3B0A41C7AC926C/../../cores/adafruit_samd_adafruit_feather_m0_no_bootloader_opt_small_8039ebe258ffa36a57ede09a7fbd5c79/core.a(Reset.cpp.o)

.debug_loc      0x0000000000000000     0x5330
 .debug_loc     0x0000000000000000      0x41c /Users/q_guest/Library/Caches/arduino/sketches/CC1FCEEF2A31E4E84B3B0A41C7AC926C/sketch/SAMD21G18A-I2C-Motor-Driver-Slave.ino.cpp.o
 .debug_loc     0x000000000000041c      0xba1 /Users/q_guest/Library/Caches/arduino/sketches/CC1FCEEF2A31E4E84B3B0A41C7AC926C/libraries/Wire/Wire.cpp.o
 .debug_loc     0x0000000000000fbd       0x2e /Users/q_guest/Library/Caches/arduino/sketches/CC1FCEEF2A31E4E84B3B0A41C7AC926C/core/variant.cpp.o
 .debug_loc     0x0000000000000feb      0xe80 /Users/q_guest/Library/Caches/arduino/sketches/CC1FCEEF2A31E4E84B3B0A41C7AC926C/../../cores/adafruit_samd_adafruit_feather_m0_no_bootloader_opt_small_8039ebe258ffa36a57ede09a7fbd5c79/core.a(SERCOM.cpp.o)
 .debug_loc     0x0000000000001e6b      0xc6a /Users/q_guest/Library/Caches/arduino/sketches/CC1FCEEF2A31E4E84B3B0A41C7AC926C/../../cores/adafruit_samd_adafruit_feather_m0_no_bootloader_opt_small_8039ebe258ffa36a57ede09a7fbd5c79/core.a(Uart.cpp.o)
 .debug_loc     0x0000000000002ad5       0xa5 /Users/q_guest/Library/Caches/arduino/sketches/CC1FCEEF2A31E4E84B3B0A41C7AC926C/../../cores/adafruit_samd_adafruit_feather_m0_no_bootloader_opt_small_8039ebe258ffa36a57ede09a7fbd5c79/core.a(cortex_handlers.c.o)
 .debug_loc     0x0000000000002b7a      0x12a /Users/q_guest/Library/Caches/arduino/sketches/CC1FCEEF2A31E4E84B3B0A41C7AC926C/../../cores/adafruit_samd_adafruit_feather_m0_no_bootloader_opt_small_8039ebe258ffa36a57ede09a7fbd5c79/core.a(delay.c.o)
 .debug_loc     0x0000000000002ca4       0x47 /Users/q_guest/Library/Caches/arduino/sketches/CC1FCEEF2A31E4E84B3B0A41C7AC926C/../../cores/adafruit_samd_adafruit_feather_m0_no_bootloader_opt_small_8039ebe258ffa36a57ede09a7fbd5c79/core.a(startup.c.o)
 .debug_loc     0x0000000000002ceb       0xd9 /Users/q_guest/Library/Caches/arduino/sketches/CC1FCEEF2A31E4E84B3B0A41C7AC926C/../../cores/adafruit_samd_adafruit_feather_m0_no_bootloader_opt_small_8039ebe258ffa36a57ede09a7fbd5c79/core.a(wiring.c.o)
 .debug_loc     0x0000000000002dc4      0x51c /Users/q_guest/Library/Caches/arduino/sketches/CC1FCEEF2A31E4E84B3B0A41C7AC926C/../../cores/adafruit_samd_adafruit_feather_m0_no_bootloader_opt_small_8039ebe258ffa36a57ede09a7fbd5c79/core.a(wiring_analog.c.o)
 .debug_loc     0x00000000000032e0      0x13e /Users/q_guest/Library/Caches/arduino/sketches/CC1FCEEF2A31E4E84B3B0A41C7AC926C/../../cores/adafruit_samd_adafruit_feather_m0_no_bootloader_opt_small_8039ebe258ffa36a57ede09a7fbd5c79/core.a(wiring_digital.c.o)
 .debug_loc     0x000000000000341e      0x14e /Users/q_guest/Library/Caches/arduino/sketches/CC1FCEEF2A31E4E84B3B0A41C7AC926C/../../cores/adafruit_samd_adafruit_feather_m0_no_bootloader_opt_small_8039ebe258ffa36a57ede09a7fbd5c79/core.a(wiring_private.c.o)
 .debug_loc     0x000000000000356c     0x1dc4 /Users/q_guest/Library/Caches/arduino/sketches/CC1FCEEF2A31E4E84B3B0A41C7AC926C/../../cores/adafruit_samd_adafruit_feather_m0_no_bootloader_opt_small_8039ebe258ffa36a57ede09a7fbd5c79/core.a(Print.cpp.o)

.debug_aranges  0x0000000000000000      0x718
 .debug_aranges
                0x0000000000000000       0x60 /Users/q_guest/Library/Caches/arduino/sketches/CC1FCEEF2A31E4E84B3B0A41C7AC926C/sketch/SAMD21G18A-I2C-Motor-Driver-Slave.ino.cpp.o
 .debug_aranges
                0x0000000000000060       0xd8 /Users/q_guest/Library/Caches/arduino/sketches/CC1FCEEF2A31E4E84B3B0A41C7AC926C/libraries/Wire/Wire.cpp.o
 .debug_aranges
                0x0000000000000138       0x30 /Users/q_guest/Library/Caches/arduino/sketches/CC1FCEEF2A31E4E84B3B0A41C7AC926C/core/variant.cpp.o
 .debug_aranges
                0x0000000000000168      0x200 /Users/q_guest/Library/Caches/arduino/sketches/CC1FCEEF2A31E4E84B3B0A41C7AC926C/../../cores/adafruit_samd_adafruit_feather_m0_no_bootloader_opt_small_8039ebe258ffa36a57ede09a7fbd5c79/core.a(SERCOM.cpp.o)
 .debug_aranges
                0x0000000000000368       0xb0 /Users/q_guest/Library/Caches/arduino/sketches/CC1FCEEF2A31E4E84B3B0A41C7AC926C/../../cores/adafruit_samd_adafruit_feather_m0_no_bootloader_opt_small_8039ebe258ffa36a57ede09a7fbd5c79/core.a(Uart.cpp.o)
 .debug_aranges
                0x0000000000000418       0x40 /Users/q_guest/Library/Caches/arduino/sketches/CC1FCEEF2A31E4E84B3B0A41C7AC926C/../../cores/adafruit_samd_adafruit_feather_m0_no_bootloader_opt_small_8039ebe258ffa36a57ede09a7fbd5c79/core.a(cortex_handlers.c.o)
 .debug_aranges
                0x0000000000000458       0x38 /Users/q_guest/Library/Caches/arduino/sketches/CC1FCEEF2A31E4E84B3B0A41C7AC926C/../../cores/adafruit_samd_adafruit_feather_m0_no_bootloader_opt_small_8039ebe258ffa36a57ede09a7fbd5c79/core.a(delay.c.o)
 .debug_aranges
                0x0000000000000490       0x30 /Users/q_guest/Library/Caches/arduino/sketches/CC1FCEEF2A31E4E84B3B0A41C7AC926C/../../cores/adafruit_samd_adafruit_feather_m0_no_bootloader_opt_small_8039ebe258ffa36a57ede09a7fbd5c79/core.a(hooks.c.o)
 .debug_aranges
                0x00000000000004c0       0x28 /Users/q_guest/Library/Caches/arduino/sketches/CC1FCEEF2A31E4E84B3B0A41C7AC926C/../../cores/adafruit_samd_adafruit_feather_m0_no_bootloader_opt_small_8039ebe258ffa36a57ede09a7fbd5c79/core.a(main.cpp.o)
 .debug_aranges
                0x00000000000004e8       0x20 /Users/q_guest/Library/Caches/arduino/sketches/CC1FCEEF2A31E4E84B3B0A41C7AC926C/../../cores/adafruit_samd_adafruit_feather_m0_no_bootloader_opt_small_8039ebe258ffa36a57ede09a7fbd5c79/core.a(startup.c.o)
 .debug_aranges
                0x0000000000000508       0x20 /Users/q_guest/Library/Caches/arduino/sketches/CC1FCEEF2A31E4E84B3B0A41C7AC926C/../../cores/adafruit_samd_adafruit_feather_m0_no_bootloader_opt_small_8039ebe258ffa36a57ede09a7fbd5c79/core.a(wiring.c.o)
 .debug_aranges
                0x0000000000000528       0x40 /Users/q_guest/Library/Caches/arduino/sketches/CC1FCEEF2A31E4E84B3B0A41C7AC926C/../../cores/adafruit_samd_adafruit_feather_m0_no_bootloader_opt_small_8039ebe258ffa36a57ede09a7fbd5c79/core.a(wiring_analog.c.o)
 .debug_aranges
                0x0000000000000568       0x30 /Users/q_guest/Library/Caches/arduino/sketches/CC1FCEEF2A31E4E84B3B0A41C7AC926C/../../cores/adafruit_samd_adafruit_feather_m0_no_bootloader_opt_small_8039ebe258ffa36a57ede09a7fbd5c79/core.a(wiring_digital.c.o)
 .debug_aranges
                0x0000000000000598       0x20 /Users/q_guest/Library/Caches/arduino/sketches/CC1FCEEF2A31E4E84B3B0A41C7AC926C/../../cores/adafruit_samd_adafruit_feather_m0_no_bootloader_opt_small_8039ebe258ffa36a57ede09a7fbd5c79/core.a(wiring_private.c.o)
 .debug_aranges
                0x00000000000005b8      0x130 /Users/q_guest/Library/Caches/arduino/sketches/CC1FCEEF2A31E4E84B3B0A41C7AC926C/../../cores/adafruit_samd_adafruit_feather_m0_no_bootloader_opt_small_8039ebe258ffa36a57ede09a7fbd5c79/core.a(Print.cpp.o)
 .debug_aranges
                0x00000000000006e8       0x30 /Users/q_guest/Library/Caches/arduino/sketches/CC1FCEEF2A31E4E84B3B0A41C7AC926C/../../cores/adafruit_samd_adafruit_feather_m0_no_bootloader_opt_small_8039ebe258ffa36a57ede09a7fbd5c79/core.a(Reset.cpp.o)

.debug_ranges   0x0000000000000000      0xe80
 .debug_ranges  0x0000000000000000       0x98 /Users/q_guest/Library/Caches/arduino/sketches/CC1FCEEF2A31E4E84B3B0A41C7AC926C/sketch/SAMD21G18A-I2C-Motor-Driver-Slave.ino.cpp.o
 .debug_ranges  0x0000000000000098      0x2d0 /Users/q_guest/Library/Caches/arduino/sketches/CC1FCEEF2A31E4E84B3B0A41C7AC926C/libraries/Wire/Wire.cpp.o
 .debug_ranges  0x0000000000000368       0x38 /Users/q_guest/Library/Caches/arduino/sketches/CC1FCEEF2A31E4E84B3B0A41C7AC926C/core/variant.cpp.o
 .debug_ranges  0x00000000000003a0      0x320 /Users/q_guest/Library/Caches/arduino/sketches/CC1FCEEF2A31E4E84B3B0A41C7AC926C/../../cores/adafruit_samd_adafruit_feather_m0_no_bootloader_opt_small_8039ebe258ffa36a57ede09a7fbd5c79/core.a(SERCOM.cpp.o)
 .debug_ranges  0x00000000000006c0      0x2e8 /Users/q_guest/Library/Caches/arduino/sketches/CC1FCEEF2A31E4E84B3B0A41C7AC926C/../../cores/adafruit_samd_adafruit_feather_m0_no_bootloader_opt_small_8039ebe258ffa36a57ede09a7fbd5c79/core.a(Uart.cpp.o)
 .debug_ranges  0x00000000000009a8       0x30 /Users/q_guest/Library/Caches/arduino/sketches/CC1FCEEF2A31E4E84B3B0A41C7AC926C/../../cores/adafruit_samd_adafruit_feather_m0_no_bootloader_opt_small_8039ebe258ffa36a57ede09a7fbd5c79/core.a(cortex_handlers.c.o)
 .debug_ranges  0x00000000000009d8       0x28 /Users/q_guest/Library/Caches/arduino/sketches/CC1FCEEF2A31E4E84B3B0A41C7AC926C/../../cores/adafruit_samd_adafruit_feather_m0_no_bootloader_opt_small_8039ebe258ffa36a57ede09a7fbd5c79/core.a(delay.c.o)
 .debug_ranges  0x0000000000000a00       0x20 /Users/q_guest/Library/Caches/arduino/sketches/CC1FCEEF2A31E4E84B3B0A41C7AC926C/../../cores/adafruit_samd_adafruit_feather_m0_no_bootloader_opt_small_8039ebe258ffa36a57ede09a7fbd5c79/core.a(hooks.c.o)
 .debug_ranges  0x0000000000000a20       0x18 /Users/q_guest/Library/Caches/arduino/sketches/CC1FCEEF2A31E4E84B3B0A41C7AC926C/../../cores/adafruit_samd_adafruit_feather_m0_no_bootloader_opt_small_8039ebe258ffa36a57ede09a7fbd5c79/core.a(main.cpp.o)
 .debug_ranges  0x0000000000000a38       0x10 /Users/q_guest/Library/Caches/arduino/sketches/CC1FCEEF2A31E4E84B3B0A41C7AC926C/../../cores/adafruit_samd_adafruit_feather_m0_no_bootloader_opt_small_8039ebe258ffa36a57ede09a7fbd5c79/core.a(startup.c.o)
 .debug_ranges  0x0000000000000a48       0x80 /Users/q_guest/Library/Caches/arduino/sketches/CC1FCEEF2A31E4E84B3B0A41C7AC926C/../../cores/adafruit_samd_adafruit_feather_m0_no_bootloader_opt_small_8039ebe258ffa36a57ede09a7fbd5c79/core.a(wiring.c.o)
 .debug_ranges  0x0000000000000ac8       0xd8 /Users/q_guest/Library/Caches/arduino/sketches/CC1FCEEF2A31E4E84B3B0A41C7AC926C/../../cores/adafruit_samd_adafruit_feather_m0_no_bootloader_opt_small_8039ebe258ffa36a57ede09a7fbd5c79/core.a(wiring_analog.c.o)
 .debug_ranges  0x0000000000000ba0       0x20 /Users/q_guest/Library/Caches/arduino/sketches/CC1FCEEF2A31E4E84B3B0A41C7AC926C/../../cores/adafruit_samd_adafruit_feather_m0_no_bootloader_opt_small_8039ebe258ffa36a57ede09a7fbd5c79/core.a(wiring_digital.c.o)
 .debug_ranges  0x0000000000000bc0       0x28 /Users/q_guest/Library/Caches/arduino/sketches/CC1FCEEF2A31E4E84B3B0A41C7AC926C/../../cores/adafruit_samd_adafruit_feather_m0_no_bootloader_opt_small_8039ebe258ffa36a57ede09a7fbd5c79/core.a(wiring_private.c.o)
 .debug_ranges  0x0000000000000be8      0x248 /Users/q_guest/Library/Caches/arduino/sketches/CC1FCEEF2A31E4E84B3B0A41C7AC926C/../../cores/adafruit_samd_adafruit_feather_m0_no_bootloader_opt_small_8039ebe258ffa36a57ede09a7fbd5c79/core.a(Print.cpp.o)
 .debug_ranges  0x0000000000000e30       0x50 /Users/q_guest/Library/Caches/arduino/sketches/CC1FCEEF2A31E4E84B3B0A41C7AC926C/../../cores/adafruit_samd_adafruit_feather_m0_no_bootloader_opt_small_8039ebe258ffa36a57ede09a7fbd5c79/core.a(Reset.cpp.o)

.debug_line     0x0000000000000000     0x9eba
 .debug_line    0x0000000000000000      0xdd4 /Users/q_guest/Library/Caches/arduino/sketches/CC1FCEEF2A31E4E84B3B0A41C7AC926C/sketch/SAMD21G18A-I2C-Motor-Driver-Slave.ino.cpp.o
 .debug_line    0x0000000000000dd4      0xfae /Users/q_guest/Library/Caches/arduino/sketches/CC1FCEEF2A31E4E84B3B0A41C7AC926C/libraries/Wire/Wire.cpp.o
 .debug_line    0x0000000000001d82      0x6af /Users/q_guest/Library/Caches/arduino/sketches/CC1FCEEF2A31E4E84B3B0A41C7AC926C/core/variant.cpp.o
 .debug_line    0x0000000000002431     0x16a2 /Users/q_guest/Library/Caches/arduino/sketches/CC1FCEEF2A31E4E84B3B0A41C7AC926C/../../cores/adafruit_samd_adafruit_feather_m0_no_bootloader_opt_small_8039ebe258ffa36a57ede09a7fbd5c79/core.a(SERCOM.cpp.o)
 .debug_line    0x0000000000003ad3      0xfe1 /Users/q_guest/Library/Caches/arduino/sketches/CC1FCEEF2A31E4E84B3B0A41C7AC926C/../../cores/adafruit_samd_adafruit_feather_m0_no_bootloader_opt_small_8039ebe258ffa36a57ede09a7fbd5c79/core.a(Uart.cpp.o)
 .debug_line    0x0000000000004ab4      0x490 /Users/q_guest/Library/Caches/arduino/sketches/CC1FCEEF2A31E4E84B3B0A41C7AC926C/../../cores/adafruit_samd_adafruit_feather_m0_no_bootloader_opt_small_8039ebe258ffa36a57ede09a7fbd5c79/core.a(cortex_handlers.c.o)
 .debug_line    0x0000000000004f44      0x6be /Users/q_guest/Library/Caches/arduino/sketches/CC1FCEEF2A31E4E84B3B0A41C7AC926C/../../cores/adafruit_samd_adafruit_feather_m0_no_bootloader_opt_small_8039ebe258ffa36a57ede09a7fbd5c79/core.a(delay.c.o)
 .debug_line    0x0000000000005602       0xd0 /Users/q_guest/Library/Caches/arduino/sketches/CC1FCEEF2A31E4E84B3B0A41C7AC926C/../../cores/adafruit_samd_adafruit_feather_m0_no_bootloader_opt_small_8039ebe258ffa36a57ede09a7fbd5c79/core.a(hooks.c.o)
 .debug_line    0x00000000000056d2      0x790 /Users/q_guest/Library/Caches/arduino/sketches/CC1FCEEF2A31E4E84B3B0A41C7AC926C/../../cores/adafruit_samd_adafruit_feather_m0_no_bootloader_opt_small_8039ebe258ffa36a57ede09a7fbd5c79/core.a(main.cpp.o)
 .debug_line    0x0000000000005e62      0x6f4 /Users/q_guest/Library/Caches/arduino/sketches/CC1FCEEF2A31E4E84B3B0A41C7AC926C/../../cores/adafruit_samd_adafruit_feather_m0_no_bootloader_opt_small_8039ebe258ffa36a57ede09a7fbd5c79/core.a(startup.c.o)
 .debug_line    0x0000000000006556      0x732 /Users/q_guest/Library/Caches/arduino/sketches/CC1FCEEF2A31E4E84B3B0A41C7AC926C/../../cores/adafruit_samd_adafruit_feather_m0_no_bootloader_opt_small_8039ebe258ffa36a57ede09a7fbd5c79/core.a(wiring.c.o)
 .debug_line    0x0000000000006c88      0xc01 /Users/q_guest/Library/Caches/arduino/sketches/CC1FCEEF2A31E4E84B3B0A41C7AC926C/../../cores/adafruit_samd_adafruit_feather_m0_no_bootloader_opt_small_8039ebe258ffa36a57ede09a7fbd5c79/core.a(wiring_analog.c.o)
 .debug_line    0x0000000000007889      0x60e /Users/q_guest/Library/Caches/arduino/sketches/CC1FCEEF2A31E4E84B3B0A41C7AC926C/../../cores/adafruit_samd_adafruit_feather_m0_no_bootloader_opt_small_8039ebe258ffa36a57ede09a7fbd5c79/core.a(wiring_digital.c.o)
 .debug_line    0x0000000000007e97      0x5a4 /Users/q_guest/Library/Caches/arduino/sketches/CC1FCEEF2A31E4E84B3B0A41C7AC926C/../../cores/adafruit_samd_adafruit_feather_m0_no_bootloader_opt_small_8039ebe258ffa36a57ede09a7fbd5c79/core.a(wiring_private.c.o)
 .debug_line    0x000000000000843b     0x11b8 /Users/q_guest/Library/Caches/arduino/sketches/CC1FCEEF2A31E4E84B3B0A41C7AC926C/../../cores/adafruit_samd_adafruit_feather_m0_no_bootloader_opt_small_8039ebe258ffa36a57ede09a7fbd5c79/core.a(Print.cpp.o)
 .debug_line    0x00000000000095f3      0x8c7 /Users/q_guest/Library/Caches/arduino/sketches/CC1FCEEF2A31E4E84B3B0A41C7AC926C/../../cores/adafruit_samd_adafruit_feather_m0_no_bootloader_opt_small_8039ebe258ffa36a57ede09a7fbd5c79/core.a(Reset.cpp.o)

.debug_str      0x0000000000000000     0x80f8
 .debug_str     0x0000000000000000     0x3ba7 /Users/q_guest/Library/Caches/arduino/sketches/CC1FCEEF2A31E4E84B3B0A41C7AC926C/sketch/SAMD21G18A-I2C-Motor-Driver-Slave.ino.cpp.o
                                       0x43e5 (size before relaxing)
 .debug_str     0x0000000000003ba7     0x1569 /Users/q_guest/Library/Caches/arduino/sketches/CC1FCEEF2A31E4E84B3B0A41C7AC926C/libraries/Wire/Wire.cpp.o
                                       0x56ac (size before relaxing)
 .debug_str     0x0000000000005110      0x8c5 /Users/q_guest/Library/Caches/arduino/sketches/CC1FCEEF2A31E4E84B3B0A41C7AC926C/core/variant.cpp.o
                                       0x37f0 (size before relaxing)
 .debug_str     0x00000000000059d5      0x4d6 /Users/q_guest/Library/Caches/arduino/sketches/CC1FCEEF2A31E4E84B3B0A41C7AC926C/../../cores/adafruit_samd_adafruit_feather_m0_no_bootloader_opt_small_8039ebe258ffa36a57ede09a7fbd5c79/core.a(SERCOM.cpp.o)
                                       0x457b (size before relaxing)
 .debug_str     0x0000000000005eab      0x7de /Users/q_guest/Library/Caches/arduino/sketches/CC1FCEEF2A31E4E84B3B0A41C7AC926C/../../cores/adafruit_samd_adafruit_feather_m0_no_bootloader_opt_small_8039ebe258ffa36a57ede09a7fbd5c79/core.a(Uart.cpp.o)
                                       0x5b9d (size before relaxing)
 .debug_str     0x0000000000006689      0x4dc /Users/q_guest/Library/Caches/arduino/sketches/CC1FCEEF2A31E4E84B3B0A41C7AC926C/../../cores/adafruit_samd_adafruit_feather_m0_no_bootloader_opt_small_8039ebe258ffa36a57ede09a7fbd5c79/core.a(cortex_handlers.c.o)
                                        0xfb1 (size before relaxing)
 .debug_str     0x0000000000006b65       0xc6 /Users/q_guest/Library/Caches/arduino/sketches/CC1FCEEF2A31E4E84B3B0A41C7AC926C/../../cores/adafruit_samd_adafruit_feather_m0_no_bootloader_opt_small_8039ebe258ffa36a57ede09a7fbd5c79/core.a(delay.c.o)
                                        0xeb3 (size before relaxing)
 .debug_str     0x0000000000006c2b       0x75 /Users/q_guest/Library/Caches/arduino/sketches/CC1FCEEF2A31E4E84B3B0A41C7AC926C/../../cores/adafruit_samd_adafruit_feather_m0_no_bootloader_opt_small_8039ebe258ffa36a57ede09a7fbd5c79/core.a(hooks.c.o)
                                        0x154 (size before relaxing)
 .debug_str     0x0000000000006ca0       0xb1 /Users/q_guest/Library/Caches/arduino/sketches/CC1FCEEF2A31E4E84B3B0A41C7AC926C/../../cores/adafruit_samd_adafruit_feather_m0_no_bootloader_opt_small_8039ebe258ffa36a57ede09a7fbd5c79/core.a(main.cpp.o)
                                       0x4094 (size before relaxing)
 .debug_str     0x0000000000006d51      0x909 /Users/q_guest/Library/Caches/arduino/sketches/CC1FCEEF2A31E4E84B3B0A41C7AC926C/../../cores/adafruit_samd_adafruit_feather_m0_no_bootloader_opt_small_8039ebe258ffa36a57ede09a7fbd5c79/core.a(startup.c.o)
                                       0x16ee (size before relaxing)
 .debug_str     0x000000000000765a      0x200 /Users/q_guest/Library/Caches/arduino/sketches/CC1FCEEF2A31E4E84B3B0A41C7AC926C/../../cores/adafruit_samd_adafruit_feather_m0_no_bootloader_opt_small_8039ebe258ffa36a57ede09a7fbd5c79/core.a(wiring.c.o)
                                       0x17e8 (size before relaxing)
 .debug_str     0x000000000000785a      0x159 /Users/q_guest/Library/Caches/arduino/sketches/CC1FCEEF2A31E4E84B3B0A41C7AC926C/../../cores/adafruit_samd_adafruit_feather_m0_no_bootloader_opt_small_8039ebe258ffa36a57ede09a7fbd5c79/core.a(wiring_analog.c.o)
                                       0x1c47 (size before relaxing)
 .debug_str     0x00000000000079b3       0x81 /Users/q_guest/Library/Caches/arduino/sketches/CC1FCEEF2A31E4E84B3B0A41C7AC926C/../../cores/adafruit_samd_adafruit_feather_m0_no_bootloader_opt_small_8039ebe258ffa36a57ede09a7fbd5c79/core.a(wiring_digital.c.o)
                                        0xfb9 (size before relaxing)
 .debug_str     0x0000000000007a34       0x79 /Users/q_guest/Library/Caches/arduino/sketches/CC1FCEEF2A31E4E84B3B0A41C7AC926C/../../cores/adafruit_samd_adafruit_feather_m0_no_bootloader_opt_small_8039ebe258ffa36a57ede09a7fbd5c79/core.a(wiring_private.c.o)
                                        0xfa6 (size before relaxing)
 .debug_str     0x0000000000007aad      0x4b3 /Users/q_guest/Library/Caches/arduino/sketches/CC1FCEEF2A31E4E84B3B0A41C7AC926C/../../cores/adafruit_samd_adafruit_feather_m0_no_bootloader_opt_small_8039ebe258ffa36a57ede09a7fbd5c79/core.a(Print.cpp.o)
                                       0x5050 (size before relaxing)
 .debug_str     0x0000000000007f60      0x198 /Users/q_guest/Library/Caches/arduino/sketches/CC1FCEEF2A31E4E84B3B0A41C7AC926C/../../cores/adafruit_samd_adafruit_feather_m0_no_bootloader_opt_small_8039ebe258ffa36a57ede09a7fbd5c79/core.a(Reset.cpp.o)
                                       0x42cc (size before relaxing)

.debug_frame    0x0000000000000000     0x1180
 .debug_frame   0x0000000000000000       0xf4 /Users/q_guest/Library/Caches/arduino/sketches/CC1FCEEF2A31E4E84B3B0A41C7AC926C/sketch/SAMD21G18A-I2C-Motor-Driver-Slave.ino.cpp.o
 .debug_frame   0x00000000000000f4      0x244 /Users/q_guest/Library/Caches/arduino/sketches/CC1FCEEF2A31E4E84B3B0A41C7AC926C/libraries/Wire/Wire.cpp.o
 .debug_frame   0x0000000000000338       0x64 /Users/q_guest/Library/Caches/arduino/sketches/CC1FCEEF2A31E4E84B3B0A41C7AC926C/core/variant.cpp.o
 .debug_frame   0x000000000000039c      0x4a0 /Users/q_guest/Library/Caches/arduino/sketches/CC1FCEEF2A31E4E84B3B0A41C7AC926C/../../cores/adafruit_samd_adafruit_feather_m0_no_bootloader_opt_small_8039ebe258ffa36a57ede09a7fbd5c79/core.a(SERCOM.cpp.o)
 .debug_frame   0x000000000000083c      0x1d0 /Users/q_guest/Library/Caches/arduino/sketches/CC1FCEEF2A31E4E84B3B0A41C7AC926C/../../cores/adafruit_samd_adafruit_feather_m0_no_bootloader_opt_small_8039ebe258ffa36a57ede09a7fbd5c79/core.a(Uart.cpp.o)
 .debug_frame   0x0000000000000a0c       0x78 /Users/q_guest/Library/Caches/arduino/sketches/CC1FCEEF2A31E4E84B3B0A41C7AC926C/../../cores/adafruit_samd_adafruit_feather_m0_no_bootloader_opt_small_8039ebe258ffa36a57ede09a7fbd5c79/core.a(cortex_handlers.c.o)
 .debug_frame   0x0000000000000a84       0x78 /Users/q_guest/Library/Caches/arduino/sketches/CC1FCEEF2A31E4E84B3B0A41C7AC926C/../../cores/adafruit_samd_adafruit_feather_m0_no_bootloader_opt_small_8039ebe258ffa36a57ede09a7fbd5c79/core.a(delay.c.o)
 .debug_frame   0x0000000000000afc       0x40 /Users/q_guest/Library/Caches/arduino/sketches/CC1FCEEF2A31E4E84B3B0A41C7AC926C/../../cores/adafruit_samd_adafruit_feather_m0_no_bootloader_opt_small_8039ebe258ffa36a57ede09a7fbd5c79/core.a(hooks.c.o)
 .debug_frame   0x0000000000000b3c       0x38 /Users/q_guest/Library/Caches/arduino/sketches/CC1FCEEF2A31E4E84B3B0A41C7AC926C/../../cores/adafruit_samd_adafruit_feather_m0_no_bootloader_opt_small_8039ebe258ffa36a57ede09a7fbd5c79/core.a(main.cpp.o)
 .debug_frame   0x0000000000000b74       0x2c /Users/q_guest/Library/Caches/arduino/sketches/CC1FCEEF2A31E4E84B3B0A41C7AC926C/../../cores/adafruit_samd_adafruit_feather_m0_no_bootloader_opt_small_8039ebe258ffa36a57ede09a7fbd5c79/core.a(startup.c.o)
 .debug_frame   0x0000000000000ba0       0x28 /Users/q_guest/Library/Caches/arduino/sketches/CC1FCEEF2A31E4E84B3B0A41C7AC926C/../../cores/adafruit_samd_adafruit_feather_m0_no_bootloader_opt_small_8039ebe258ffa36a57ede09a7fbd5c79/core.a(wiring.c.o)
 .debug_frame   0x0000000000000bc8       0x80 /Users/q_guest/Library/Caches/arduino/sketches/CC1FCEEF2A31E4E84B3B0A41C7AC926C/../../cores/adafruit_samd_adafruit_feather_m0_no_bootloader_opt_small_8039ebe258ffa36a57ede09a7fbd5c79/core.a(wiring_analog.c.o)
 .debug_frame   0x0000000000000c48       0x60 /Users/q_guest/Library/Caches/arduino/sketches/CC1FCEEF2A31E4E84B3B0A41C7AC926C/../../cores/adafruit_samd_adafruit_feather_m0_no_bootloader_opt_small_8039ebe258ffa36a57ede09a7fbd5c79/core.a(wiring_digital.c.o)