Archive member included to satisfy reference by file (symbol)

/private/var/folders/cq/2xcv6c4d2gn0yptr3x6d14bw0000gp/T/arduino/sketches/CC1FCEEF2A31E4E84B3B0A41C7AC926C/core/core.a(SERCOM.cpp.o)
                              /private/var/folders/cq/2xcv6c4d2gn0yptr3x6d14bw0000gp/T/arduino/sketches/CC1FCEEF2A31E4E84B3B0A41C7AC926C/core/variant.cpp.o (SERCOM::SERCOM(Sercom*))
/private/var/folders/cq/2xcv6c4d2gn0yptr3x6d14bw0000gp/T/arduino/sketches/CC1FCEEF2A31E4E84B3B0A41C7AC926C/core/core.a(Uart.cpp.o)
                              /private/var/folders/cq/2xcv6c4d2gn0yptr3x6d14bw0000gp/T/arduino/sketches/CC1FCEEF2A31E4E84B3B0A41C7AC926C/core/variant.cpp.o (Uart::Uart(SERCOM*, unsigned char, unsigned char, SercomRXPad, SercomUartTXPad))
/private/var/folders/cq/2xcv6c4d2gn0yptr3x6d14bw0000gp/T/arduino/sketches/CC1FCEEF2A31E4E84B3B0A41C7AC926C/core/core.a(WMath.cpp.o)
                              /private/var/folders/cq/2xcv6c4d2gn0yptr3x6d14bw0000gp/T/arduino/sketches/CC1FCEEF2A31E4E84B3B0A41C7AC926C/sketch/SAMD21G18A-I2C-Motor-Driver-Slave.ino.cpp.o (map(long, long, long, long, long))
/private/var/folders/cq/2xcv6c4d2gn0yptr3x6d14bw0000gp/T/arduino/sketches/CC1FCEEF2A31E4E84B3B0A41C7AC926C/core/core.a(cortex_handlers.c.o)
                              (Reset_Handler)
/private/var/folders/cq/2xcv6c4d2gn0yptr3x6d14bw0000gp/T/arduino/sketches/CC1FCEEF2A31E4E84B3B0A41C7AC926C/core/core.a(delay.c.o)
                              /private/var/folders/cq/2xcv6c4d2gn0yptr3x6d14bw0000gp/T/arduino/sketches/CC1FCEEF2A31E4E84B3B0A41C7AC926C/core/core.a(cortex_handlers.c.o) (SysTick_DefaultHandler)
/private/var/folders/cq/2xcv6c4d2gn0yptr3x6d14bw0000gp/T/arduino/sketches/CC1FCEEF2A31E4E84B3B0A41C7AC926C/core/core.a(hooks.c.o)
                              /private/var/folders/cq/2xcv6c4d2gn0yptr3x6d14bw0000gp/T/arduino/sketches/CC1FCEEF2A31E4E84B3B0A41C7AC926C/core/core.a(delay.c.o) (yield)
/private/var/folders/cq/2xcv6c4d2gn0yptr3x6d14bw0000gp/T/arduino/sketches/CC1FCEEF2A31E4E84B3B0A41C7AC926C/core/core.a(main.cpp.o)
                              /Users/q_guest/Library/Arduino15/packages/adafruit/tools/arm-none-eabi-gcc/9-2019q4/bin/../lib/gcc/arm-none-eabi/9.2.1/../../../../arm-none-eabi/lib/thumb/v6-m/nofp/crt0.o (main)
/private/var/folders/cq/2xcv6c4d2gn0yptr3x6d14bw0000gp/T/arduino/sketches/CC1FCEEF2A31E4E84B3B0A41C7AC926C/core/core.a(startup.c.o)
                              /private/var/folders/cq/2xcv6c4d2gn0yptr3x6d14bw0000gp/T/arduino/sketches/CC1FCEEF2A31E4E84B3B0A41C7AC926C/core/core.a(cortex_handlers.c.o) (SystemInit)
/private/var/folders/cq/2xcv6c4d2gn0yptr3x6d14bw0000gp/T/arduino/sketches/CC1FCEEF2A31E4E84B3B0A41C7AC926C/core/core.a(wiring.c.o)
                              /private/var/folders/cq/2xcv6c4d2gn0yptr3x6d14bw0000gp/T/arduino/sketches/CC1FCEEF2A31E4E84B3B0A41C7AC926C/core/core.a(main.cpp.o) (init)
/private/var/folders/cq/2xcv6c4d2gn0yptr3x6d14bw0000gp/T/arduino/sketches/CC1FCEEF2A31E4E84B3B0A41C7AC926C/core/core.a(wiring_analog.c.o)
                              /private/var/folders/cq/2xcv6c4d2gn0yptr3x6d14bw0000gp/T/arduino/sketches/CC1FCEEF2A31E4E84B3B0A41C7AC926C/core/core.a(wiring.c.o) (analogReference)
/private/var/folders/cq/2xcv6c4d2gn0yptr3x6d14bw0000gp/T/arduino/sketches/CC1FCEEF2A31E4E84B3B0A41C7AC926C/core/core.a(wiring_digital.c.o)
                              /private/var/folders/cq/2xcv6c4d2gn0yptr3x6d14bw0000gp/T/arduino/sketches/CC1FCEEF2A31E4E84B3B0A41C7AC926C/sketch/SAMD21G18A-I2C-Motor-Driver-Slave.ino.cpp.o (pinMode)
/private/var/folders/cq/2xcv6c4d2gn0yptr3x6d14bw0000gp/T/arduino/sketches/CC1FCEEF2A31E4E84B3B0A41C7AC926C/core/core.a(wiring_private.c.o)
                              /private/var/folders/cq/2xcv6c4d2gn0yptr3x6d14bw0000gp/T/arduino/sketches/CC1FCEEF2A31E4E84B3B0A41C7AC926C/libraries/Wire/Wire.cpp.o (pinPeripheral)
/private/var/folders/cq/2xcv6c4d2gn0yptr3x6d14bw0000gp/T/arduino/sketches/CC1FCEEF2A31E4E84B3B0A41C7AC926C/core/core.a(Print.cpp.o)
                              /private/var/folders/cq/2xcv6c4d2gn0yptr3x6d14bw0000gp/T/arduino/sketches/CC1FCEEF2A31E4E84B3B0A41C7AC926C/core/core.a(Uart.cpp.o) (Print::write(unsigned char const*, unsigned int))
/private/var/folders/cq/2xcv6c4d2gn0yptr3x6d14bw0000gp/T/arduino/sketches/CC1FCEEF2A31E4E84B3B0A41C7AC926C/core/core.a(Reset.cpp.o)
                              /private/var/folders/cq/2xcv6c4d2gn0yptr3x6d14bw0000gp/T/arduino/sketches/CC1FCEEF2A31E4E84B3B0A41C7AC926C/core/core.a(delay.c.o) (tickReset)
/private/var/folders/cq/2xcv6c4d2gn0yptr3x6d14bw0000gp/T/arduino/sketches/CC1FCEEF2A31E4E84B3B0A41C7AC926C/core/core.a(USBCore.cpp.o)
                              /private/var/folders/cq/2xcv6c4d2gn0yptr3x6d14bw0000gp/T/arduino/sketches/CC1FCEEF2A31E4E84B3B0A41C7AC926C/core/core.a(main.cpp.o) (USBDeviceClass::init())
/private/var/folders/cq/2xcv6c4d2gn0yptr3x6d14bw0000gp/T/arduino/sketches/CC1FCEEF2A31E4E84B3B0A41C7AC926C/core/core.a(abi.cpp.o)
[...]
Memory Configuration

Name             Origin             Length             Attributes
FLASH            0x0000000000002000 0x000000000003e000 xr
RAM              0x0000000020000000 0x0000000000008000 xrw
*default*        0x0000000000000000 0xffffffffffffffff

Linker script and memory map

LOAD /Users/q_guest/Library/Arduino15/packages/adafruit/tools/arm-none-eabi-gcc/9-2019q4/bin/../lib/gcc/arm-none-eabi/9.2.1/thumb/v6-m/nofp/crti.o
LOAD /Users/q_guest/Library/Arduino15/packages/adafruit/tools/arm-none-eabi-gcc/9-2019q4/bin/../lib/gcc/arm-none-eabi/9.2.1/thumb/v6-m/nofp/crtbegin.o
LOAD /Users/q_guest/Library/Arduino15/packages/adafruit/tools/arm-none-eabi-gcc/9-2019q4/bin/../lib/gcc/arm-none-eabi/9.2.1/../../../../arm-none-eabi/lib/thumb/v6-m/nofp/crt0.o
LOAD /private/var/folders/cq/2xcv6c4d2gn0yptr3x6d14bw0000gp/T/arduino/sketches/CC1FCEEF2A31E4E84B3B0A41C7AC926C/sketch/SAMD21G18A-I2C-Motor-Driver-Slave.ino.cpp.o
LOAD /private/var/folders/cq/2xcv6c4d2gn0yptr3x6d14bw0000gp/T/arduino/sketches/CC1FCEEF2A31E4E84B3B0A41C7AC926C/libraries/Wire/Wire.cpp.o
LOAD /private/var/folders/cq/2xcv6c4d2gn0yptr3x6d14bw0000gp/T/arduino/sketches/CC1FCEEF2A31E4E84B3B0A41C7AC926C/core/variant.cpp.o
START GROUP
LOAD /Users/q_guest/Library/Arduino15/packages/adafruit/tools/CMSIS/5.4.0/CMSIS/Lib/GCC//libarm_cortexM0l_math.a
LOAD /private/var/folders/cq/2xcv6c4d2gn0yptr3x6d14bw0000gp/T/arduino/sketches/CC1FCEEF2A31E4E84B3B0A41C7AC926C/core/core.a
END GROUP
LOAD /Users/q_guest/Library/Arduino15/packages/adafruit/tools/arm-none-eabi-gcc/9-2019q4/bin/../lib/gcc/arm-none-eabi/9.2.1/../../../../arm-none-eabi/lib/thumb/v6-m/nofp/libstdc++_nano.a
LOAD /Users/q_guest/Library/Arduino15/packages/adafruit/tools/arm-none-eabi-gcc/9-2019q4/bin/../lib/gcc/arm-none-eabi/9.2.1/../../../../arm-none-eabi/lib/thumb/v6-m/nofp/libm.a
START GROUP
LOAD /Users/q_guest/Library/Arduino15/packages/adafruit/tools/arm-none-eabi-gcc/9-2019q4/bin/../lib/gcc/arm-none-eabi/9.2.1/thumb/v6-m/nofp/libgcc.a
LOAD /Users/q_guest/Library/Arduino15/packages/adafruit/tools/arm-none-eabi-gcc/9-2019q4/bin/../lib/gcc/arm-none-eabi/9.2.1/../../../../arm-none-eabi/lib/thumb/v6-m/nofp/libc_nano.a
END GROUP
START GROUP
LOAD /Users/q_guest/Library/Arduino15/packages/adafruit/tools/arm-none-eabi-gcc/9-2019q4/bin/../lib/gcc/arm-none-eabi/9.2.1/thumb/v6-m/nofp/libgcc.a
LOAD /Users/q_guest/Library/Arduino15/packages/adafruit/tools/arm-none-eabi-gcc/9-2019q4/bin/../lib/gcc/arm-none-eabi/9.2.1/../../../../arm-none-eabi/lib/thumb/v6-m/nofp/libc_nano.a
LOAD /Users/q_guest/Library/Arduino15/packages/adafruit/tools/arm-none-eabi-gcc/9-2019q4/bin/../lib/gcc/arm-none-eabi/9.2.1/../../../../arm-none-eabi/lib/thumb/v6-m/nofp/libnosys.a
END GROUP
START GROUP
LOAD /Users/q_guest/Library/Arduino15/packages/adafruit/tools/arm-none-eabi-gcc/9-2019q4/bin/../lib/gcc/arm-none-eabi/9.2.1/thumb/v6-m/nofp/libgcc.a
LOAD /Users/q_guest/Library/Arduino15/packages/adafruit/tools/arm-none-eabi-gcc/9-2019q4/bin/../lib/gcc/arm-none-eabi/9.2.1/../../../../arm-none-eabi/lib/thumb/v6-m/nofp/libc_nano.a
LOAD /Users/q_guest/Library/Arduino15/packages/adafruit/tools/arm-none-eabi-gcc/9-2019q4/bin/../lib/gcc/arm-none-eabi/9.2.1/../../../../arm-none-eabi/lib/thumb/v6-m/nofp/libnosys.a
END GROUP
LOAD /Users/q_guest/Library/Arduino15/packages/adafruit/tools/arm-none-eabi-gcc/9-2019q4/bin/../lib/gcc/arm-none-eabi/9.2.1/thumb/v6-m/nofp/crtend.o
LOAD /Users/q_guest/Library/Arduino15/packages/adafruit/tools/arm-none-eabi-gcc/9-2019q4/bin/../lib/gcc/arm-none-eabi/9.2.1/thumb/v6-m/nofp/crtn.o

.text           0x0000000000002000     0x4820
                0x0000000000002000                __text_start__ = .
 *(.sketch_boot)
                0x0000000000002000                . = ALIGN (0x2000)
 *(.isr_vector)
 .isr_vector    0x0000000000002000       0xb4 /private/var/folders/cq/2xcv6c4d2gn0yptr3x6d14bw0000gp/T/arduino/sketches/CC1FCEEF2A31E4E84B3B0A41C7AC926C/core/core.a(cortex_handlers.c.o)
                0x0000000000002000                exception_table
 *(.text*)
 .text          0x00000000000020b4       0x48 /Users/q_guest/Library/Arduino15/packages/adafruit/tools/arm-none-eabi-gcc/9-2019q4/bin/../lib/gcc/arm-none-eabi/9.2.1/thumb/v6-m/nofp/crtbegin.o
 .text.setup    0x00000000000020fc       0x64 /private/var/folders/cq/2xcv6c4d2gn0yptr3x6d14bw0000gp/T/arduino/sketches/CC1FCEEF2A31E4E84B3B0A41C7AC926C/sketch/SAMD21G18A-I2C-Motor-Driver-Slave.ino.cpp.o
                0x00000000000020fc                setup
 .text.loop     0x0000000000002160      0x118 /private/var/folders/cq/2xcv6c4d2gn0yptr3x6d14bw0000gp/T/arduino/sketches/CC1FCEEF2A31E4E84B3B0A41C7AC926C/sketch/SAMD21G18A-I2C-Motor-Driver-Slave.ino.cpp.o
                0x0000000000002160                loop
 .text._Z12receiveEventi
                0x0000000000002278       0xa8 /private/var/folders/cq/2xcv6c4d2gn0yptr3x6d14bw0000gp/T/arduino/sketches/CC1FCEEF2A31E4E84B3B0A41C7AC926C/sketch/SAMD21G18A-I2C-Motor-Driver-Slave.ino.cpp.o
                0x0000000000002278                receiveEvent(int)
 .text._Z12requestEventv
                0x0000000000002320       0x7c /private/var/folders/cq/2xcv6c4d2gn0yptr3x6d14bw0000gp/T/arduino/sketches/CC1FCEEF2A31E4E84B3B0A41C7AC926C/sketch/SAMD21G18A-I2C-Motor-Driver-Slave.ino.cpp.o
                0x0000000000002320                requestEvent()
 .text._ZN5Print17availableForWriteEv
                0x000000000000239c        0x4 /private/var/folders/cq/2xcv6c4d2gn0yptr3x6d14bw0000gp/T/arduino/sketches/CC1FCEEF2A31E4E84B3B0A41C7AC926C/libraries/Wire/Wire.cpp.o
                0x000000000000239c                Print::availableForWrite()
 .text._ZN7TwoWire9availableEv
                0x00000000000023a0       0x18 /private/var/folders/cq/2xcv6c4d2gn0yptr3x6d14bw0000gp/T/arduino/sketches/CC1FCEEF2A31E4E84B3B0A41C7AC926C/libraries/Wire/Wire.cpp.o
                0x00000000000023a0                TwoWire::available()
 .text._ZN7TwoWire4readEv
                0x00000000000023b8       0x2c /private/var/folders/cq/2xcv6c4d2gn0yptr3x6d14bw0000gp/T/arduino/sketches/CC1FCEEF2A31E4E84B3B0A41C7AC926C/libraries/Wire/Wire.cpp.o
                0x00000000000023b8                TwoWire::read()
 .text._ZN7TwoWire4peekEv
                0x00000000000023e4       0x20 /private/var/folders/cq/2xcv6c4d2gn0yptr3x6d14bw0000gp/T/arduino/sketches/CC1FCEEF2A31E4E84B3B0A41C7AC926C/libraries/Wire/Wire.cpp.o
                0x00000000000023e4                TwoWire::peek()
 .text._ZN7TwoWire5flushEv
                0x0000000000002404        0x4 /private/var/folders/cq/2xcv6c4d2gn0yptr3x6d14bw0000gp/T/arduino/sketches/CC1FCEEF2A31E4E84B3B0A41C7AC926C/libraries/Wire/Wire.cpp.o
                0x0000000000002404                TwoWire::flush()
 .text._ZN7TwoWire5writeEh
                0x0000000000002408       0x48 /private/var/folders/cq/2xcv6c4d2gn0yptr3x6d14bw0000gp/T/arduino/sketches/CC1FCEEF2A31E4E84B3B0A41C7AC926C/libraries/Wire/Wire.cpp.o
                0x0000000000002408                TwoWire::write(unsigned char)
 .text._ZN7TwoWire5writeEPKhj
                0x0000000000002450      0x298 /private/var/folders/cq/2xcv6c4d2gn0yptr3x6d14bw0000gp/T/arduino/sketches/CC1FCEEF2A31E4E84B3B0A41C7AC926C/libraries/Wire/Wire.cpp.o
                0x0000000000002450                TwoWire::write(unsigned char const*, unsigned int)
 .text._ZN7TwoWireC2EP6SERCOMhh
                0x00000000000026e8       0x70 /private/var/folders/cq/2xcv6c4d2gn0yptr3x6d14bw0000gp/T/arduino/sketches/CC1FCEEF2A31E4E84B3B0A41C7AC926C/libraries/Wire/Wire.cpp.o
                0x00000000000026e8                TwoWire::TwoWire(SERCOM*, unsigned char, unsigned char)
                0x00000000000026e8                TwoWire::TwoWire(SERCOM*, unsigned char, unsigned char)
 .text._ZN7TwoWire5beginEhb
                0x0000000000002758       0x3c /private/var/folders/cq/2xcv6c4d2gn0yptr3x6d14bw0000gp/T/arduino/sketches/CC1FCEEF2A31E4E84B3B0A41C7AC926C/libraries/Wire/Wire.cpp.o
                0x0000000000002758                TwoWire::begin(unsigned char, bool)
 .text._ZN7TwoWire9onReceiveEPFviE
                0x0000000000002794        0x8 /private/var/folders/cq/2xcv6c4d2gn0yptr3x6d14bw0000gp/T/arduino/sketches/CC1FCEEF2A31E4E84B3B0A41C7AC926C/libraries/Wire/Wire.cpp.o
                0x0000000000002794                TwoWire::onReceive(void (*)(int))
 .text._ZN7TwoWire9onRequestEPFvvE
                0x000000000000279c        0x8 /private/var/folders/cq/2xcv6c4d2gn0yptr3x6d14bw0000gp/T/arduino/sketches/CC1FCEEF2A31E4E84B3B0A41C7AC926C/libraries/Wire/Wire.cpp.o
                0x000000000000279c                TwoWire::onRequest(void (*)())
 .text.SERCOM3_Handler
                0x00000000000027a4      0x158 /private/var/folders/cq/2xcv6c4d2gn0yptr3x6d14bw0000gp/T/arduino/sketches/CC1FCEEF2A31E4E84B3B0A41C7AC926C/libraries/Wire/Wire.cpp.o
                0x00000000000027a4                SERCOM3_Handler
 .text.startup._GLOBAL__sub_I__ZN7TwoWireC2EP6SERCOMhh
                0x00000000000028fc       0x18 /private/var/folders/cq/2xcv6c4d2gn0yptr3x6d14bw0000gp/T/arduino/sketches/CC1FCEEF2A31E4E84B3B0A41C7AC926C/libraries/Wire/Wire.cpp.o
 .text.SERCOM0_Handler
                0x0000000000002914       0x10 /private/var/folders/cq/2xcv6c4d2gn0yptr3x6d14bw0000gp/T/arduino/sketches/CC1FCEEF2A31E4E84B3B0A41C7AC926C/core/variant.cpp.o
                0x0000000000002914                SERCOM0_Handler
 .text.SERCOM5_Handler
                0x0000000000002924       0x10 /private/var/folders/cq/2xcv6c4d2gn0yptr3x6d14bw0000gp/T/arduino/sketches/CC1FCEEF2A31E4E84B3B0A41C7AC926C/core/variant.cpp.o
                0x0000000000002924                SERCOM5_Handler
 .text.startup._GLOBAL__sub_I_g_APinDescription
                0x0000000000002934       0x98 /private/var/folders/cq/2xcv6c4d2gn0yptr3x6d14bw0000gp/T/arduino/sketches/CC1FCEEF2A31E4E84B3B0A41C7AC926C/core/variant.cpp.o
 .text._ZN6SERCOMC2EP6Sercom
                0x00000000000029cc        0x4 /private/var/folders/cq/2xcv6c4d2gn0yptr3x6d14bw0000gp/T/arduino/sketches/CC1FCEEF2A31E4E84B3B0A41C7AC926C/core/core.a(SERCOM.cpp.o)
                0x00000000000029cc                SERCOM::SERCOM(Sercom*)
                0x00000000000029cc                SERCOM::SERCOM(Sercom*)
 .text._ZN6SERCOM9initFrameE18SercomUartCharSize15SercomDataOrder16SercomParityMode19SercomNumberStopBit
                0x00000000000029d0       0x40 /private/var/folders/cq/2xcv6c4d2gn0yptr3x6d14bw0000gp/T/arduino/sketches/CC1FCEEF2A31E4E84B3B0A41C7AC926C/core/core.a(SERCOM.cpp.o)
                0x00000000000029d0                SERCOM::initFrame(SercomUartCharSize, SercomDataOrder, SercomParityMode, SercomNumberStopBit)
 .text._ZN6SERCOM8initPadsE15SercomUartTXPad11SercomRXPad
                0x0000000000002a10       0x28 /private/var/folders/cq/2xcv6c4d2gn0yptr3x6d14bw0000gp/T/arduino/sketches/CC1FCEEF2A31E4E84B3B0A41C7AC926C/core/core.a(SERCOM.cpp.o)
                0x0000000000002a10                SERCOM::initPads(SercomUartTXPad, SercomRXPad)
 .text._ZN6SERCOM9resetUARTEv
                0x0000000000002a38       0x1c /private/var/folders/cq/2xcv6c4d2gn0yptr3x6d14bw0000gp/T/arduino/sketches/CC1FCEEF2A31E4E84B3B0A41C7AC926C/core/core.a(SERCOM.cpp.o)
                0x0000000000002a38                SERCOM::resetUART()
 .text._ZN6SERCOM10enableUARTEv
                0x0000000000002a54       0x14 /private/var/folders/cq/2xcv6c4d2gn0yptr3x6d14bw0000gp/T/arduino/sketches/CC1FCEEF2A31E4E84B3B0A41C7AC926C/core/core.a(SERCOM.cpp.o)
                0x0000000000002a54                SERCOM::enableUART()
 .text._ZN6SERCOM9flushUARTEv
                0x0000000000002a68       0x10 /private/var/folders/cq/2xcv6c4d2gn0yptr3x6d14bw0000gp/T/arduino/sketches/CC1FCEEF2A31E4E84B3B0A41C7AC926C/core/core.a(SERCOM.cpp.o)
                0x0000000000002a68                SERCOM::flushUART()
 .text._ZN6SERCOM15clearStatusUARTEv
                0x0000000000002a78        0x8 /private/var/folders/cq/2xcv6c4d2gn0yptr3x6d14bw0000gp/T/arduino/sketches/CC1FCEEF2A31E4E84B3B0A41C7AC926C/core/core.a(SERCOM.cpp.o)
                0x0000000000002a78                SERCOM::clearStatusUART()
 .text._ZN6SERCOM17availableDataUARTEv
                0x0000000000002a80        0xc /private/var/folders/cq/2xcv6c4d2gn0yptr3x6d14bw0000gp/T/arduino/sketches/CC1FCEEF2A31E4E84B3B0A41C7AC926C/core/core.a(SERCOM.cpp.o)
                0x0000000000002a80                SERCOM::availableDataUART()
 .text._ZN6SERCOM11isUARTErrorEv
                0x0000000000002a8c        0x8 /private/var/folders/cq/2xcv6c4d2gn0yptr3x6d14bw0000gp/T/arduino/sketches/CC1FCEEF2A31E4E84B3B0A41C7AC926C/core/core.a(SERCOM.cpp.o)
                0x0000000000002a8c                SERCOM::isUARTError()
 .text._ZN6SERCOM20acknowledgeUARTErrorEv
                0x0000000000002a94       0x10 /private/var/folders/cq/2xcv6c4d2gn0yptr3x6d14bw0000gp/T/arduino/sketches/CC1FCEEF2A31E4E84B3B0A41C7AC926C/core/core.a(SERCOM.cpp.o)
                0x0000000000002a94                SERCOM::acknowledgeUARTError()
 .text._ZN6SERCOM16isFrameErrorUARTEv
                0x0000000000002aa4        0xc /private/var/folders/cq/2xcv6c4d2gn0yptr3x6d14bw0000gp/T/arduino/sketches/CC1FCEEF2A31E4E84B3B0A41C7AC926C/core/core.a(SERCOM.cpp.o)
                0x0000000000002aa4                SERCOM::isFrameErrorUART()
 .text._ZN6SERCOM19clearFrameErrorUARTEv
                0x0000000000002ab0        0xc /private/var/folders/cq/2xcv6c4d2gn0yptr3x6d14bw0000gp/T/arduino/sketches/CC1FCEEF2A31E4E84B3B0A41C7AC926C/core/core.a(SERCOM.cpp.o)
                0x0000000000002ab0                SERCOM::clearFrameErrorUART()
 .text._ZN6SERCOM23isDataRegisterEmptyUARTEv
                0x0000000000002abc        0xc /private/var/folders/cq/2xcv6c4d2gn0yptr3x6d14bw0000gp/T/arduino/sketches/CC1FCEEF2A31E4E84B3B0A41C7AC926C/core/core.a(SERCOM.cpp.o)
                0x0000000000002abc                SERCOM::isDataRegisterEmptyUART()
 .text._ZN6SERCOM12readDataUARTEv
                0x0000000000002ac8        0x8 /private/var/folders/cq/2xcv6c4d2gn0yptr3x6d14bw0000gp/T/arduino/sketches/CC1FCEEF2A31E4E84B3B0A41C7AC926C/core/core.a(SERCOM.cpp.o)
                0x0000000000002ac8                SERCOM::readDataUART()
 .text._ZN6SERCOM13writeDataUARTEh
                0x0000000000002ad0       0x10 /private/var/folders/cq/2xcv6c4d2gn0yptr3x6d14bw0000gp/T/arduino/sketches/CC1FCEEF2A31E4E84B3B0A41C7AC926C/core/core.a(SERCOM.cpp.o)
                0x0000000000002ad0                SERCOM::writeDataUART(unsigned char)
 .text._ZN6SERCOM36enableDataRegisterEmptyInterruptUARTEv
                0x0000000000002ae0        0x8 /private/var/folders/cq/2xcv6c4d2gn0yptr3x6d14bw0000gp/T/arduino/sketches/CC1FCEEF2A31E4E84B3B0A41C7AC926C/core/core.a(SERCOM.cpp.o)
                0x0000000000002ae0                SERCOM::enableDataRegisterEmptyInterruptUART()
 .text._ZN6SERCOM37disableDataRegisterEmptyInterruptUARTEv
                0x0000000000002ae8        0x8 /private/var/folders/cq/2xcv6c4d2gn0yptr3x6d14bw0000gp/T/arduino/sketches/CC1FCEEF2A31E4E84B3B0A41C7AC926C/core/core.a(SERCOM.cpp.o)
                0x0000000000002ae8                SERCOM::disableDataRegisterEmptyInterruptUART()
 .text._ZN6SERCOM10enableWIREEv
                0x0000000000002af0       0x28 /private/var/folders/cq/2xcv6c4d2gn0yptr3x6d14bw0000gp/T/arduino/sketches/CC1FCEEF2A31E4E84B3B0A41C7AC926C/core/core.a(SERCOM.cpp.o)
                0x0000000000002af0                SERCOM::enableWIRE()
 .text._ZN6SERCOM18prepareNackBitWIREEv
                0x0000000000002b18       0x10 /private/var/folders/cq/2xcv6c4d2gn0yptr3x6d14bw0000gp/T/arduino/sketches/CC1FCEEF2A31E4E84B3B0A41C7AC926C/core/core.a(SERCOM.cpp.o)
                0x0000000000002b18                SERCOM::prepareNackBitWIRE()
 .text._ZN6SERCOM17prepareAckBitWIREEv
                0x0000000000002b28       0x14 /private/var/folders/cq/2xcv6c4d2gn0yptr3x6d14bw0000gp/T/arduino/sketches/CC1FCEEF2A31E4E84B3B0A41C7AC926C/core/core.a(SERCOM.cpp.o)
                0x0000000000002b28                SERCOM::prepareAckBitWIRE()
 .text._ZN6SERCOM22prepareCommandBitsWireEh
                0x0000000000002b3c       0x40 /private/var/folders/cq/2xcv6c4d2gn0yptr3x6d14bw0000gp/T/arduino/sketches/CC1FCEEF2A31E4E84B3B0A41C7AC926C/core/core.a(SERCOM.cpp.o)
                0x0000000000002b3c                SERCOM::prepareCommandBitsWire(unsigned char)
 .text._ZN6SERCOM17sendDataSlaveWIREEh
                0x0000000000002b7c       0x20 /private/var/folders/cq/2xcv6c4d2gn0yptr3x6d14bw0000gp/T/arduino/sketches/CC1FCEEF2A31E4E84B3B0A41C7AC926C/core/core.a(SERCOM.cpp.o)
                0x0000000000002b7c                SERCOM::sendDataSlaveWIRE(unsigned char)
 .text._ZN6SERCOM11isSlaveWIREEv
                0x0000000000002b9c       0x14 /private/var/folders/cq/2xcv6c4d2gn0yptr3x6d14bw0000gp/T/arduino/sketches/CC1FCEEF2A31E4E84B3B0A41C7AC926C/core/core.a(SERCOM.cpp.o)
                0x0000000000002b9c                SERCOM::isSlaveWIRE()
 .text._ZN6SERCOM15isDataReadyWIREEv
                0x0000000000002bb0        0xc /private/var/folders/cq/2xcv6c4d2gn0yptr3x6d14bw0000gp/T/arduino/sketches/CC1FCEEF2A31E4E84B3B0A41C7AC926C/core/core.a(SERCOM.cpp.o)
                0x0000000000002bb0                SERCOM::isDataReadyWIRE()
 .text._ZN6SERCOM18isStopDetectedWIREEv
                0x0000000000002bbc        0xc /private/var/folders/cq/2xcv6c4d2gn0yptr3x6d14bw0000gp/T/arduino/sketches/CC1FCEEF2A31E4E84B3B0A41C7AC926C/core/core.a(SERCOM.cpp.o)
                0x0000000000002bbc                SERCOM::isStopDetectedWIRE()
 .text._ZN6SERCOM21isRestartDetectedWIREEv
                0x0000000000002bc8        0xc /private/var/folders/cq/2xcv6c4d2gn0yptr3x6d14bw0000gp/T/arduino/sketches/CC1FCEEF2A31E4E84B3B0A41C7AC926C/core/core.a(SERCOM.cpp.o)
                0x0000000000002bc8                SERCOM::isRestartDetectedWIRE()
 .text._ZN6SERCOM14isAddressMatchEv
                0x0000000000002bd4        0xc /private/var/folders/cq/2xcv6c4d2gn0yptr3x6d14bw0000gp/T/arduino/sketches/CC1FCEEF2A31E4E84B3B0A41C7AC926C/core/core.a(SERCOM.cpp.o)
                0x0000000000002bd4                SERCOM::isAddressMatch()
 .text._ZN6SERCOM25isMasterReadOperationWIREEv
                0x0000000000002be0        0xc /private/var/folders/cq/2xcv6c4d2gn0yptr3x6d14bw0000gp/T/arduino/sketches/CC1FCEEF2A31E4E84B3B0A41C7AC926C/core/core.a(SERCOM.cpp.o)
                0x0000000000002be0                SERCOM::isMasterReadOperationWIRE()
 .text._ZN6SERCOM12readDataWIREEv
                0x0000000000002bec       0x24 /private/var/folders/cq/2xcv6c4d2gn0yptr3x6d14bw0000gp/T/arduino/sketches/CC1FCEEF2A31E4E84B3B0A41C7AC926C/core/core.a(SERCOM.cpp.o)
                0x0000000000002bec                SERCOM::readDataWIRE()
 .text._ZN6SERCOM13initClockNVICEv
                0x0000000000002c10       0xf0 /private/var/folders/cq/2xcv6c4d2gn0yptr3x6d14bw0000gp/T/arduino/sketches/CC1FCEEF2A31E4E84B3B0A41C7AC926C/core/core.a(SERCOM.cpp.o)
                0x0000000000002c10                SERCOM::initClockNVIC()
 .text._ZN6SERCOM8initUARTE14SercomUartMode20SercomUartSampleRatem
                0x0000000000002d00       0x94 /private/var/folders/cq/2xcv6c4d2gn0yptr3x6d14bw0000gp/T/arduino/sketches/CC1FCEEF2A31E4E84B3B0A41C7AC926C/core/core.a(SERCOM.cpp.o)
                0x0000000000002d00                SERCOM::initUART(SercomUartMode, SercomUartSampleRate, unsigned long)
 .text._ZN6SERCOM13initSlaveWIREEhb
                0x0000000000002d94       0x58 /private/var/folders/cq/2xcv6c4d2gn0yptr3x6d14bw0000gp/T/arduino/sketches/CC1FCEEF2A31E4E84B3B0A41C7AC926C/core/core.a(SERCOM.cpp.o)
                0x0000000000002d94                SERCOM::initSlaveWIRE(unsigned char, bool)
 .text._ZN4UartcvbEv
                0x0000000000002dec        0x4 /private/var/folders/cq/2xcv6c4d2gn0yptr3x6d14bw0000gp/T/arduino/sketches/CC1FCEEF2A31E4E84B3B0A41C7AC926C/core/core.a(Uart.cpp.o)
                0x0000000000002dec                Uart::operator bool()
 .text._ZN4Uart9availableEv
                0x0000000000002df0       0x18 /private/var/folders/cq/2xcv6c4d2gn0yptr3x6d14bw0000gp/T/arduino/sketches/CC1FCEEF2A31E4E84B3B0A41C7AC926C/core/core.a(Uart.cpp.o)
                0x0000000000002df0                Uart::available()
 .text._ZN4Uart4peekEv
                0x0000000000002e08       0x20 /private/var/folders/cq/2xcv6c4d2gn0yptr3x6d14bw0000gp/T/arduino/sketches/CC1FCEEF2A31E4E84B3B0A41C7AC926C/core/core.a(Uart.cpp.o)
                0x0000000000002e08                Uart::peek()
 .text._ZN4Uart5beginEmt
                0x0000000000002e28      0x138 /private/var/folders/cq/2xcv6c4d2gn0yptr3x6d14bw0000gp/T/arduino/sketches/CC1FCEEF2A31E4E84B3B0A41C7AC926C/core/core.a(Uart.cpp.o)
                0x0000000000002e28                Uart::begin(unsigned long, unsigned short)
 .text._ZN4Uart3endEv
                0x0000000000002f60       0x2c /private/var/folders/cq/2xcv6c4d2gn0yptr3x6d14bw0000gp/T/arduino/sketches/CC1FCEEF2A31E4E84B3B0A41C7AC926C/core/core.a(Uart.cpp.o)
                0x0000000000002f60                Uart::end()
 .text._ZN4Uart5flushEv
                0x0000000000002f8c       0x24 /private/var/folders/cq/2xcv6c4d2gn0yptr3x6d14bw0000gp/T/arduino/sketches/CC1FCEEF2A31E4E84B3B0A41C7AC926C/core/core.a(Uart.cpp.o)
                0x0000000000002f8c                Uart::flush()
 .text._ZN4Uart17availableForWriteEv
                0x0000000000002fb0       0x2c /private/var/folders/cq/2xcv6c4d2gn0yptr3x6d14bw0000gp/T/arduino/sketches/CC1FCEEF2A31E4E84B3B0A41C7AC926C/core/core.a(Uart.cpp.o)
                0x0000000000002fb0                Uart::availableForWrite()
 .text._ZN4Uart4readEv
                0x0000000000002fdc       0x74 /private/var/folders/cq/2xcv6c4d2gn0yptr3x6d14bw0000gp/T/arduino/sketches/CC1FCEEF2A31E4E84B3B0A41C7AC926C/core/core.a(Uart.cpp.o)
                0x0000000000002fdc                Uart::read()
 .text._ZN4Uart5beginEm
                0x0000000000003050      0x100 /private/var/folders/cq/2xcv6c4d2gn0yptr3x6d14bw0000gp/T/arduino/sketches/CC1FCEEF2A31E4E84B3B0A41C7AC926C/core/core.a(Uart.cpp.o)
                0x0000000000003050                Uart::begin(unsigned long)
 .text._ZN4UartC2EP6SERCOMhh11SercomRXPad15SercomUartTXPad
                0x0000000000003150       0xa0 /private/var/folders/cq/2xcv6c4d2gn0yptr3x6d14bw0000gp/T/arduino/sketches/CC1FCEEF2A31E4E84B3B0A41C7AC926C/core/core.a(Uart.cpp.o)
                0x0000000000003150                Uart::Uart(SERCOM*, unsigned char, unsigned char, SercomRXPad, SercomUartTXPad)
                0x0000000000003150                Uart::Uart(SERCOM*, unsigned char, unsigned char, SercomRXPad, SercomUartTXPad)
 .text._ZN4Uart10IrqHandlerEv
                0x00000000000031f0      0x10c /private/var/folders/cq/2xcv6c4d2gn0yptr3x6d14bw0000gp/T/arduino/sketches/CC1FCEEF2A31E4E84B3B0A41C7AC926C/core/core.a(Uart.cpp.o)
                0x00000000000031f0                Uart::IrqHandler()
 .text._ZN4Uart5writeEh
                0x00000000000032fc      0x104 /private/var/folders/cq/2xcv6c4d2gn0yptr3x6d14bw0000gp/T/arduino/sketches/CC1FCEEF2A31E4E84B3B0A41C7AC926C/core/core.a(Uart.cpp.o)
                0x00000000000032fc                Uart::write(unsigned char)
 .text._Z3maplllll
                0x0000000000003400       0x18 /private/var/folders/cq/2xcv6c4d2gn0yptr3x6d14bw0000gp/T/arduino/sketches/CC1FCEEF2A31E4E84B3B0A41C7AC926C/core/core.a(WMath.cpp.o)
                0x0000000000003400                map(long, long, long, long, long)
 .text.Dummy_Handler
                0x0000000000003418        0x4 /private/var/folders/cq/2xcv6c4d2gn0yptr3x6d14bw0000gp/T/arduino/sketches/CC1FCEEF2A31E4E84B3B0A41C7AC926C/core/core.a(cortex_handlers.c.o)
                0x0000000000003418                SYSCTRL_Handler
                0x0000000000003418                HardFault_Handler
                0x0000000000003418                AC_Handler
                0x0000000000003418                PendSV_Handler
                0x0000000000003418                NMI_Handler
                0x0000000000003418                TC7_Handler
                0x0000000000003418                SERCOM1_Handler
                0x0000000000003418                ADC_Handler
                0x0000000000003418                TCC1_Handler
                0x0000000000003418                SERCOM2_Handler
                0x0000000000003418                TCC0_Handler
                0x0000000000003418                RTC_Handler
                0x0000000000003418                EIC_Handler
                0x0000000000003418                TC6_Handler
                0x0000000000003418                WDT_Handler
                0x0000000000003418                TC4_Handler
                0x0000000000003418                TC3_Handler
                0x0000000000003418                Dummy_Handler
                0x0000000000003418                PM_Handler
                0x0000000000003418                SVC_Handler
                0x0000000000003418                TCC2_Handler
                0x0000000000003418                EVSYS_Handler
                0x0000000000003418                SERCOM4_Handler
                0x0000000000003418                I2S_Handler
                0x0000000000003418                NVMCTRL_Handler
                0x0000000000003418                DAC_Handler
                0x0000000000003418                PTC_Handler
                0x0000000000003418                DMAC_Handler
 .text.USB_Handler
                0x000000000000341c       0x14 /private/var/folders/cq/2xcv6c4d2gn0yptr3x6d14bw0000gp/T/arduino/sketches/CC1FCEEF2A31E4E84B3B0A41C7AC926C/core/core.a(cortex_handlers.c.o)
                0x000000000000341c                USB_Handler
 .text.Reset_Handler
                0x0000000000003430       0x7c /private/var/folders/cq/2xcv6c4d2gn0yptr3x6d14bw0000gp/T/arduino/sketches/CC1FCEEF2A31E4E84B3B0A41C7AC926C/core/core.a(cortex_handlers.c.o)
                0x0000000000003430                Reset_Handler
 .text.SysTick_Handler
                0x00000000000034ac       0x10 /private/var/folders/cq/2xcv6c4d2gn0yptr3x6d14bw0000gp/T/arduino/sketches/CC1FCEEF2A31E4E84B3B0A41C7AC926C/core/core.a(cortex_handlers.c.o)
                0x00000000000034ac                SysTick_Handler
 .text.USB_SetHandler
                0x00000000000034bc        0xc /private/var/folders/cq/2xcv6c4d2gn0yptr3x6d14bw0000gp/T/arduino/sketches/CC1FCEEF2A31E4E84B3B0A41C7AC926C/core/core.a(cortex_handlers.c.o)
                0x00000000000034bc                USB_SetHandler
 .text.delay    0x00000000000034c8      0x118 /private/var/folders/cq/2xcv6c4d2gn0yptr3x6d14bw0000gp/T/arduino/sketches/CC1FCEEF2A31E4E84B3B0A41C7AC926C/core/core.a(delay.c.o)
                0x00000000000034c8                delay
 .text.SysTick_DefaultHandler
                0x00000000000035e0       0x14 /private/var/folders/cq/2xcv6c4d2gn0yptr3x6d14bw0000gp/T/arduino/sketches/CC1FCEEF2A31E4E84B3B0A41C7AC926C/core/core.a(delay.c.o)
                0x00000000000035e0                SysTick_DefaultHandler
 .text.__empty  0x00000000000035f4        0x4 /private/var/folders/cq/2xcv6c4d2gn0yptr3x6d14bw0000gp/T/arduino/sketches/CC1FCEEF2A31E4E84B3B0A41C7AC926C/core/core.a(hooks.c.o)
                0x00000000000035f4                yield
 .text.__false  0x00000000000035f8        0x4 /private/var/folders/cq/2xcv6c4d2gn0yptr3x6d14bw0000gp/T/arduino/sketches/CC1FCEEF2A31E4E84B3B0A41C7AC926C/core/core.a(hooks.c.o)
                0x00000000000035f8                sysTickHook
 .text._Z11initVariantv
                0x00000000000035fc        0x4 /private/var/folders/cq/2xcv6c4d2gn0yptr3x6d14bw0000gp/T/arduino/sketches/CC1FCEEF2A31E4E84B3B0A41C7AC926C/core/core.a(main.cpp.o)
                0x00000000000035fc                initVariant()
 .text.startup.main
                0x0000000000003600       0x58 /private/var/folders/cq/2xcv6c4d2gn0yptr3x6d14bw0000gp/T/arduino/sketches/CC1FCEEF2A31E4E84B3B0A41C7AC926C/core/core.a(main.cpp.o)
                0x0000000000003600                main
 .text.SystemInit
                0x0000000000003658      0x180 /private/var/folders/cq/2xcv6c4d2gn0yptr3x6d14bw0000gp/T/arduino/sketches/CC1FCEEF2A31E4E84B3B0A41C7AC926C/core/core.a(startup.c.o)
                0x0000000000003658                SystemInit
 .text.init     0x00000000000037d8       0xe0 /private/var/folders/cq/2xcv6c4d2gn0yptr3x6d14bw0000gp/T/arduino/sketches/CC1FCEEF2A31E4E84B3B0A41C7AC926C/core/core.a(wiring.c.o)
                0x00000000000037d8                init
 .text.analogReference
                0x00000000000038b8       0x84 /private/var/folders/cq/2xcv6c4d2gn0yptr3x6d14bw0000gp/T/arduino/sketches/CC1FCEEF2A31E4E84B3B0A41C7AC926C/core/core.a(wiring_analog.c.o)
                0x00000000000038b8                analogReference
 .text.analogWrite
                0x000000000000393c      0x218 /private/var/folders/cq/2xcv6c4d2gn0yptr3x6d14bw0000gp/T/arduino/sketches/CC1FCEEF2A31E4E84B3B0A41C7AC926C/core/core.a(wiring_analog.c.o)
                0x000000000000393c                analogWrite
 .text.pinMode  0x0000000000003b54       0x88 /private/var/folders/cq/2xcv6c4d2gn0yptr3x6d14bw0000gp/T/arduino/sketches/CC1FCEEF2A31E4E84B3B0A41C7AC926C/core/core.a(wiring_digital.c.o)
                0x0000000000003b54                pinMode
 .text.digitalWrite
                0x0000000000003bdc       0x5c /private/var/folders/cq/2xcv6c4d2gn0yptr3x6d14bw0000gp/T/arduino/sketches/CC1FCEEF2A31E4E84B3B0A41C7AC926C/core/core.a(wiring_digital.c.o)
                0x0000000000003bdc                digitalWrite
 .text.digitalRead
                0x0000000000003c38       0x34 /private/var/folders/cq/2xcv6c4d2gn0yptr3x6d14bw0000gp/T/arduino/sketches/CC1FCEEF2A31E4E84B3B0A41C7AC926C/core/core.a(wiring_digital.c.o)
                0x0000000000003c38                digitalRead
 .text.pinPeripheral
                0x0000000000003c6c       0xc4 /private/var/folders/cq/2xcv6c4d2gn0yptr3x6d14bw0000gp/T/arduino/sketches/CC1FCEEF2A31E4E84B3B0A41C7AC926C/core/core.a(wiring_private.c.o)
                0x0000000000003c6c                pinPeripheral
 .text._ZN5Print5writeEPKhj
                0x0000000000003d30      0x140 /private/var/folders/cq/2xcv6c4d2gn0yptr3x6d14bw0000gp/T/arduino/sketches/CC1FCEEF2A31E4E84B3B0A41C7AC926C/core/core.a(Print.cpp.o)
                0x0000000000003d30                Print::write(unsigned char const*, unsigned int)
 .text.initiateReset
                0x0000000000003e70        0xc /private/var/folders/cq/2xcv6c4d2gn0yptr3x6d14bw0000gp/T/arduino/sketches/CC1FCEEF2A31E4E84B3B0A41C7AC926C/core/core.a(Reset.cpp.o)
                0x0000000000003e70                initiateReset
 .text.cancelReset
                0x0000000000003e7c       0x10 /private/var/folders/cq/2xcv6c4d2gn0yptr3x6d14bw0000gp/T/arduino/sketches/CC1FCEEF2A31E4E84B3B0A41C7AC926C/core/core.a(Reset.cpp.o)
                0x0000000000003e7c                cancelReset
 .text.tickReset
                0x0000000000003e8c       0x74 /private/var/folders/cq/2xcv6c4d2gn0yptr3x6d14bw0000gp/T/arduino/sketches/CC1FCEEF2A31E4E84B3B0A41C7AC926C/core/core.a(Reset.cpp.o)
                0x0000000000003e8c                tickReset
 .text._ZN26DoubleBufferedEPOutHandler4initEv
                0x0000000000003f00        0x4 /private/var/folders/cq/2xcv6c4d2gn0yptr3x6d14bw0000gp/T/arduino/sketches/CC1FCEEF2A31E4E84B3B0A41C7AC926C/core/core.a(USBCore.cpp.o)
                0x0000000000003f00                DoubleBufferedEPOutHandler::init()
 .text._ZN26DoubleBufferedEPOutHandler4recvEPvm
                0x0000000000003f04      0x294 /private/var/folders/cq/2xcv6c4d2gn0yptr3x6d14bw0000gp/T/arduino/sketches/CC1FCEEF2A31E4E84B3B0A41C7AC926C/core/core.a(USBCore.cpp.o)
                0x0000000000003f04                DoubleBufferedEPOutHandler::recv(void*, unsigned long)
 .text._ZN26DoubleBufferedEPOutHandlerD2Ev
                0x0000000000004198       0x14 /private/var/folders/cq/2xcv6c4d2gn0yptr3x6d14bw0000gp/T/arduino/sketches/CC1FCEEF2A31E4E84B3B0A41C7AC926C/core/core.a(USBCore.cpp.o)
                0x0000000000004198                DoubleBufferedEPOutHandler::~DoubleBufferedEPOutHandler()
                0x0000000000004198                DoubleBufferedEPOutHandler::~DoubleBufferedEPOutHandler()
 .text._ZN26DoubleBufferedEPOutHandlerD0Ev
                0x00000000000041ac       0x1c /private/var/folders/cq/2xcv6c4d2gn0yptr3x6d14bw0000gp/T/arduino/sketches/CC1FCEEF2A31E4E84B3B0A41C7AC926C/core/core.a(USBCore.cpp.o)
                0x00000000000041ac                DoubleBufferedEPOutHandler::~DoubleBufferedEPOutHandler()
 .text._ZNK26DoubleBufferedEPOutHandler9availableEv
                0x00000000000041c8       0x50 /private/var/folders/cq/2xcv6c4d2gn0yptr3x6d14bw0000gp/T/arduino/sketches/CC1FCEEF2A31E4E84B3B0A41C7AC926C/core/core.a(USBCore.cpp.o)
                0x00000000000041c8                DoubleBufferedEPOutHandler::available() const
 .text._ZN26DoubleBufferedEPOutHandler14handleEndpointEv
                0x0000000000004218       0xe4 /private/var/folders/cq/2xcv6c4d2gn0yptr3x6d14bw0000gp/T/arduino/sketches/CC1FCEEF2A31E4E84B3B0A41C7AC926C/core/core.a(USBCore.cpp.o)
                0x0000000000004218                DoubleBufferedEPOutHandler::handleEndpoint()
 .text._ZN14USBDeviceClass20sendStringDescriptorEPKhm.part.0
                0x00000000000042fc      0x1dc /private/var/folders/cq/2xcv6c4d2gn0yptr3x6d14bw0000gp/T/arduino/sketches/CC1FCEEF2A31E4E84B3B0A41C7AC926C/core/core.a(USBCore.cpp.o)
 .text._ZN14USBDeviceClass17sendConfigurationEm
                0x00000000000044d8      0x150 /private/var/folders/cq/2xcv6c4d2gn0yptr3x6d14bw0000gp/T/arduino/sketches/CC1FCEEF2A31E4E84B3B0A41C7AC926C/core/core.a(USBCore.cpp.o)
                0x00000000000044d8                USBDeviceClass::sendConfiguration(unsigned long)
 .text._ZN14USBDeviceClass14sendDescriptorER8USBSetup
                0x0000000000004628      0x3d8 /private/var/folders/cq/2xcv6c4d2gn0yptr3x6d14bw0000gp/T/arduino/sketches/CC1FCEEF2A31E4E84B3B0A41C7AC926C/core/core.a(USBCore.cpp.o)
                0x0000000000004628                USBDeviceClass::sendDescriptor(USBSetup&)
 .text._ZN14USBDeviceClass4initEv
                0x0000000000004a00       0xec /private/var/folders/cq/2xcv6c4d2gn0yptr3x6d14bw0000gp/T/arduino/sketches/CC1FCEEF2A31E4E84B3B0A41C7AC926C/core/core.a(USBCore.cpp.o)
                0x0000000000004a00                USBDeviceClass::init()
 .text._ZN14USBDeviceClass6attachEv
                0x0000000000004aec       0x34 /private/var/folders/cq/2xcv6c4d2gn0yptr3x6d14bw0000gp/T/arduino/sketches/CC1FCEEF2A31E4E84B3B0A41C7AC926C/core/core.a(USBCore.cpp.o)
                0x0000000000004aec                USBDeviceClass::attach()
 .text._ZN14USBDeviceClass5flushEm
                0x0000000000004b20       0xa8 /private/var/folders/cq/2xcv6c4d2gn0yptr3x6d14bw0000gp/T/arduino/sketches/CC1FCEEF2A31E4E84B3B0A41C7AC926C/core/core.a(USBCore.cpp.o)
                0x0000000000004b20                USBDeviceClass::flush(unsigned long)
 .text._ZN14USBDeviceClass11recvControlEPvm
                0x0000000000004bc8      0x1c8 /private/var/folders/cq/2xcv6c4d2gn0yptr3x6d14bw0000gp/T/arduino/sketches/CC1FCEEF2A31E4E84B3B0A41C7AC926C/core/core.a(USBCore.cpp.o)
                0x0000000000004bc8                USBDeviceClass::recvControl(void*, unsigned long)
 .text._ZN14USBDeviceClass9availableEm
                0x0000000000004d90       0x88 /private/var/folders/cq/2xcv6c4d2gn0yptr3x6d14bw0000gp/T/arduino/sketches/CC1FCEEF2A31E4E84B3B0A41C7AC926C/core/core.a(USBCore.cpp.o)
                0x0000000000004d90                USBDeviceClass::available(unsigned long)
 .text._ZN14USBDeviceClass4recvEm
                0x0000000000004e18      0x250 /private/var/folders/cq/2xcv6c4d2gn0yptr3x6d14bw0000gp/T/arduino/sketches/CC1FCEEF2A31E4E84B3B0A41C7AC926C/core/core.a(USBCore.cpp.o)
                0x0000000000004e18                USBDeviceClass::recv(unsigned long)
 .text._ZN14USBDeviceClass4sendEmPKvm
                0x0000000000005068      0x220 /private/var/folders/cq/2xcv6c4d2gn0yptr3x6d14bw0000gp/T/arduino/sketches/CC1FCEEF2A31E4E84B3B0A41C7AC926C/core/core.a(USBCore.cpp.o)
                0x0000000000005068                USBDeviceClass::send(unsigned long, void const*, unsigned long)
 .text._ZN14USBDeviceClass11sendControlEPKvm
                0x0000000000005288       0x74 /private/var/folders/cq/2xcv6c4d2gn0yptr3x6d14bw0000gp/T/arduino/sketches/CC1FCEEF2A31E4E84B3B0A41C7AC926C/core/core.a(USBCore.cpp.o)
                0x0000000000005288                USBDeviceClass::sendControl(void const*, unsigned long)
 .text._ZN14USBDeviceClass19handleStandardSetupER8USBSetup
                0x00000000000052fc      0x388 /private/var/folders/cq/2xcv6c4d2gn0yptr3x6d14bw0000gp/T/arduino/sketches/CC1FCEEF2A31E4E84B3B0A41C7AC926C/core/core.a(USBCore.cpp.o)
                0x00000000000052fc                USBDeviceClass::handleStandardSetup(USBSetup&)
 .text._ZN14USBDeviceClass10ISRHandlerEv.part.0
                0x0000000000005684      0x36c /private/var/folders/cq/2xcv6c4d2gn0yptr3x6d14bw0000gp/T/arduino/sketches/CC1FCEEF2A31E4E84B3B0A41C7AC926C/core/core.a(USBCore.cpp.o)
 .text.UDD_Handler
                0x00000000000059f0       0x1c /private/var/folders/cq/2xcv6c4d2gn0yptr3x6d14bw0000gp/T/arduino/sketches/CC1FCEEF2A31E4E84B3B0A41C7AC926C/core/core.a(USBCore.cpp.o)
                0x00000000000059f0                UDD_Handler
 .text.startup._GLOBAL__sub_I_usbd
                0x0000000000005a0c       0x10 /private/var/folders/cq/2xcv6c4d2gn0yptr3x6d14bw0000gp/T/arduino/sketches/CC1FCEEF2A31E4E84B3B0A41C7AC926C/core/core.a(USBCore.cpp.o)
 .text._Znwj    0x0000000000005a1c        0x8 /private/var/folders/cq/2xcv6c4d2gn0yptr3x6d14bw0000gp/T/arduino/sketches/CC1FCEEF2A31E4E84B3B0A41C7AC926C/core/core.a(new.cpp.o)
                0x0000000000005a1c                operator new(unsigned int)
 .text._ZdlPv   0x0000000000005a24        0x8 /private/var/folders/cq/2xcv6c4d2gn0yptr3x6d14bw0000gp/T/arduino/sketches/CC1FCEEF2A31E4E84B3B0A41C7AC926C/core/core.a(new.cpp.o)
                0x0000000000005a24                operator delete(void*)
 .text._ZN7Serial_17availableForWriteEv
                0x0000000000005a2c        0x4 /private/var/folders/cq/2xcv6c4d2gn0yptr3x6d14bw0000gp/T/arduino/sketches/CC1FCEEF2A31E4E84B3B0A41C7AC926C/core/core.a(CDC.cpp.o)
                0x0000000000005a2c                Serial_::availableForWrite()
 .text._ZN7Serial_9availableEv
                0x0000000000005a30        0xc /private/var/folders/cq/2xcv6c4d2gn0yptr3x6d14bw0000gp/T/arduino/sketches/CC1FCEEF2A31E4E84B3B0A41C7AC926C/core/core.a(CDC.cpp.o)
                0x0000000000005a30                Serial_::available()
 .text._ZN7Serial_5flushEv
                0x0000000000005a3c        0xc /private/var/folders/cq/2xcv6c4d2gn0yptr3x6d14bw0000gp/T/arduino/sketches/CC1FCEEF2A31E4E84B3B0A41C7AC926C/core/core.a(CDC.cpp.o)
                0x0000000000005a3c                Serial_::flush()
 .text._ZN7Serial_5writeEPKhj
                0x0000000000005a48       0x2c /private/var/folders/cq/2xcv6c4d2gn0yptr3x6d14bw0000gp/T/arduino/sketches/CC1FCEEF2A31E4E84B3B0A41C7AC926C/core/core.a(CDC.cpp.o)
                0x0000000000005a48                Serial_::write(unsigned char const*, unsigned int)
 .text._ZN7Serial_4readEv
                0x0000000000005a74       0x24 /private/var/folders/cq/2xcv6c4d2gn0yptr3x6d14bw0000gp/T/arduino/sketches/CC1FCEEF2A31E4E84B3B0A41C7AC926C/core/core.a(CDC.cpp.o)
                0x0000000000005a74                Serial_::read()
 .text._ZN7Serial_4peekEv
                0x0000000000005a98       0x34 /private/var/folders/cq/2xcv6c4d2gn0yptr3x6d14bw0000gp/T/arduino/sketches/CC1FCEEF2A31E4E84B3B0A41C7AC926C/core/core.a(CDC.cpp.o)
                0x0000000000005a98                Serial_::peek()
 .text._ZN7Serial_5writeEh
                0x0000000000005acc       0x4c /private/var/folders/cq/2xcv6c4d2gn0yptr3x6d14bw0000gp/T/arduino/sketches/CC1FCEEF2A31E4E84B3B0A41C7AC926C/core/core.a(CDC.cpp.o)
                0x0000000000005acc                Serial_::write(unsigned char)
 .text._Z16CDC_GetInterfacePh
                0x0000000000005b18       0x1c /private/var/folders/cq/2xcv6c4d2gn0yptr3x6d14bw0000gp/T/arduino/sketches/CC1FCEEF2A31E4E84B3B0A41C7AC926C/core/core.a(CDC.cpp.o)
                0x0000000000005b18                CDC_GetInterface(unsigned char*)
 .text._Z9CDC_SetupR8USBSetup
                0x0000000000005b34       0x7c /private/var/folders/cq/2xcv6c4d2gn0yptr3x6d14bw0000gp/T/arduino/sketches/CC1FCEEF2A31E4E84B3B0A41C7AC926C/core/core.a(CDC.cpp.o)
                0x0000000000005b34                CDC_Setup(USBSetup&)
 .text.startup._GLOBAL__sub_I__Z17_CDC_GetInterfacev
                0x0000000000005bb0       0x28 /private/var/folders/cq/2xcv6c4d2gn0yptr3x6d14bw0000gp/T/arduino/sketches/CC1FCEEF2A31E4E84B3B0A41C7AC926C/core/core.a(CDC.cpp.o)
 .text._ZN13PluggableUSB_12getInterfaceEPh
                0x0000000000005bd8       0x2c /private/var/folders/cq/2xcv6c4d2gn0yptr3x6d14bw0000gp/T/arduino/sketches/CC1FCEEF2A31E4E84B3B0A41C7AC926C/core/core.a(PluggableUSB.cpp.o)
                0x0000000000005bd8                PluggableUSB_::getInterface(unsigned char*)
 .text._ZN13PluggableUSB_13getDescriptorER8USBSetup
                0x0000000000005c04       0x28 /private/var/folders/cq/2xcv6c4d2gn0yptr3x6d14bw0000gp/T/arduino/sketches/CC1FCEEF2A31E4E84B3B0A41C7AC926C/core/core.a(PluggableUSB.cpp.o)
                0x0000000000005c04                PluggableUSB_::getDescriptor(USBSetup&)
 .text._ZN13PluggableUSB_5setupER8USBSetup
                0x0000000000005c2c       0x28 /private/var/folders/cq/2xcv6c4d2gn0yptr3x6d14bw0000gp/T/arduino/sketches/CC1FCEEF2A31E4E84B3B0A41C7AC926C/core/core.a(PluggableUSB.cpp.o)
                0x0000000000005c2c                PluggableUSB_::setup(USBSetup&)
 .text._Z12PluggableUSBv
                0x0000000000005c54       0x28 /private/var/folders/cq/2xcv6c4d2gn0yptr3x6d14bw0000gp/T/arduino/sketches/CC1FCEEF2A31E4E84B3B0A41C7AC926C/core/core.a(PluggableUSB.cpp.o)
                0x0000000000005c54                PluggableUSB()
 .text._ZN20USBDevice_SAMD21G18x5resetEv
                0x0000000000005c7c       0x2c /private/var/folders/cq/2xcv6c4d2gn0yptr3x6d14bw0000gp/T/arduino/sketches/CC1FCEEF2A31E4E84B3B0A41C7AC926C/core/core.a(SAMD21_USBDevice.cpp.o)
                0x0000000000005c7c                USBDevice_SAMD21G18x::reset()
 .text._ZN20USBDevice_SAMD21G18x9calibrateEv
                0x0000000000005ca8       0x68 /private/var/folders/cq/2xcv6c4d2gn0yptr3x6d14bw0000gp/T/arduino/sketches/CC1FCEEF2A31E4E84B3B0A41C7AC926C/core/core.a(SAMD21_USBDevice.cpp.o)
                0x0000000000005ca8                USBDevice_SAMD21G18x::calibrate()
 .text          0x0000000000005d10      0x114 /Users/q_guest/Library/Arduino15/packages/adafruit/tools/arm-none-eabi-gcc/9-2019q4/bin/../lib/gcc/arm-none-eabi/9.2.1/thumb/v6-m/nofp/libgcc.a(_udivsi3.o)
                0x0000000000005d10                __udivsi3
                0x0000000000005d10                __aeabi_uidiv
                0x0000000000005e1c                __aeabi_uidivmod
 .text          0x0000000000005e24      0x1d4 /Users/q_guest/Library/Arduino15/packages/adafruit/tools/arm-none-eabi-gcc/9-2019q4/bin/../lib/gcc/arm-none-eabi/9.2.1/thumb/v6-m/nofp/libgcc.a(_divsi3.o)
                0x0000000000005e24                __aeabi_idiv
                0x0000000000005e24                __divsi3
                0x0000000000005ff0                __aeabi_idivmod
 .text          0x0000000000005ff8        0x4 /Users/q_guest/Library/Arduino15/packages/adafruit/tools/arm-none-eabi-gcc/9-2019q4/bin/../lib/gcc/arm-none-eabi/9.2.1/thumb/v6-m/nofp/libgcc.a(_dvmd_tls.o)
                0x0000000000005ff8                __aeabi_ldiv0
                0x0000000000005ff8                __aeabi_idiv0
 .text.__libc_init_array
                0x0000000000005ffc       0x48 /Users/q_guest/Library/Arduino15/packages/adafruit/tools/arm-none-eabi-gcc/9-2019q4/bin/../lib/gcc/arm-none-eabi/9.2.1/../../../../arm-none-eabi/lib/thumb/v6-m/nofp/libc_nano.a(lib_a-init.o)
                0x0000000000005ffc                __libc_init_array
 .text.malloc   0x0000000000006044       0x14 /Users/q_guest/Library/Arduino15/packages/adafruit/tools/arm-none-eabi-gcc/9-2019q4/bin/../lib/gcc/arm-none-eabi/9.2.1/../../../../arm-none-eabi/lib/thumb/v6-m/nofp/libc_nano.a(lib_a-malloc.o)
                0x0000000000006044                malloc
 .text.free     0x0000000000006058       0x14 /Users/q_guest/Library/Arduino15/packages/adafruit/tools/arm-none-eabi-gcc/9-2019q4/bin/../lib/gcc/arm-none-eabi/9.2.1/../../../../arm-none-eabi/lib/thumb/v6-m/nofp/libc_nano.a(lib_a-malloc.o)
                0x0000000000006058                free
 .text.memcpy   0x000000000000606c       0x12 /Users/q_guest/Library/Arduino15/packages/adafruit/tools/arm-none-eabi-gcc/9-2019q4/bin/../lib/gcc/arm-none-eabi/9.2.1/../../../../arm-none-eabi/lib/thumb/v6-m/nofp/libc_nano.a(lib_a-memcpy-stub.o)
                0x000000000000606c                memcpy
 .text.memset   0x000000000000607e       0x10 /Users/q_guest/Library/Arduino15/packages/adafruit/tools/arm-none-eabi-gcc/9-2019q4/bin/../lib/gcc/arm-none-eabi/9.2.1/../../../../arm-none-eabi/lib/thumb/v6-m/nofp/libc_nano.a(lib_a-memset.o)
                0x000000000000607e                memset
 *fill*         0x000000000000608e        0x2 
 .text._free_r  0x0000000000006090       0x94 /Users/q_guest/Library/Arduino15/packages/adafruit/tools/arm-none-eabi-gcc/9-2019q4/bin/../lib/gcc/arm-none-eabi/9.2.1/../../../../arm-none-eabi/lib/thumb/v6-m/nofp/libc_nano.a(lib_a-nano-freer.o)
                0x0000000000006090                _free_r
 .text._malloc_r
                0x0000000000006124       0xbc /Users/q_guest/Library/Arduino15/packages/adafruit/tools/arm-none-eabi-gcc/9-2019q4/bin/../lib/gcc/arm-none-eabi/9.2.1/../../../../arm-none-eabi/lib/thumb/v6-m/nofp/libc_nano.a(lib_a-nano-mallocr.o)
                0x0000000000006124                _malloc_r
 .text._sbrk_r  0x00000000000061e0       0x24 /Users/q_guest/Library/Arduino15/packages/adafruit/tools/arm-none-eabi-gcc/9-2019q4/bin/../lib/gcc/arm-none-eabi/9.2.1/../../../../arm-none-eabi/lib/thumb/v6-m/nofp/libc_nano.a(lib_a-sbrkr.o)
                0x00000000000061e0                _sbrk_r
 .text          0x0000000000006204        0xe /Users/q_guest/Library/Arduino15/packages/adafruit/tools/arm-none-eabi-gcc/9-2019q4/bin/../lib/gcc/arm-none-eabi/9.2.1/../../../../arm-none-eabi/lib/thumb/v6-m/nofp/libc_nano.a(lib_a-strlen.o)
                0x0000000000006204                strlen
 *fill*         0x0000000000006212        0x2 
 .text.__malloc_lock
                0x0000000000006214       0x10 /Users/q_guest/Library/Arduino15/packages/adafruit/tools/arm-none-eabi-gcc/9-2019q4/bin/../lib/gcc/arm-none-eabi/9.2.1/../../../../arm-none-eabi/lib/thumb/v6-m/nofp/libc_nano.a(lib_a-mlock.o)
                0x0000000000006214                __malloc_lock
 .text.__malloc_unlock
                0x0000000000006224       0x10 /Users/q_guest/Library/Arduino15/packages/adafruit/tools/arm-none-eabi-gcc/9-2019q4/bin/../lib/gcc/arm-none-eabi/9.2.1/../../../../arm-none-eabi/lib/thumb/v6-m/nofp/libc_nano.a(lib_a-mlock.o)
                0x0000000000006224                __malloc_unlock
 .text.__retarget_lock_acquire_recursive
                0x0000000000006234        0x2 /Users/q_guest/Library/Arduino15/packages/adafruit/tools/arm-none-eabi-gcc/9-2019q4/bin/../lib/gcc/arm-none-eabi/9.2.1/../../../../arm-none-eabi/lib/thumb/v6-m/nofp/libc_nano.a(lib_a-lock.o)
                0x0000000000006234                __retarget_lock_acquire_recursive
 .text.__retarget_lock_release_recursive
                0x0000000000006236        0x2 /Users/q_guest/Library/Arduino15/packages/adafruit/tools/arm-none-eabi-gcc/9-2019q4/bin/../lib/gcc/arm-none-eabi/9.2.1/../../../../arm-none-eabi/lib/thumb/v6-m/nofp/libc_nano.a(lib_a-lock.o)
                0x0000000000006236                __retarget_lock_release_recursive
 .text._sbrk    0x0000000000006238       0x1c /Users/q_guest/Library/Arduino15/packages/adafruit/tools/arm-none-eabi-gcc/9-2019q4/bin/../lib/gcc/arm-none-eabi/9.2.1/../../../../arm-none-eabi/lib/thumb/v6-m/nofp/libnosys.a(sbrk.o)
                0x0000000000006238                _sbrk
 *(.init)
 .init          0x0000000000006254        0x4 /Users/q_guest/Library/Arduino15/packages/adafruit/tools/arm-none-eabi-gcc/9-2019q4/bin/../lib/gcc/arm-none-eabi/9.2.1/thumb/v6-m/nofp/crti.o
                0x0000000000006254                _init
 .init          0x0000000000006258        0x8 /Users/q_guest/Library/Arduino15/packages/adafruit/tools/arm-none-eabi-gcc/9-2019q4/bin/../lib/gcc/arm-none-eabi/9.2.1/thumb/v6-m/nofp/crtn.o
 *(.fini)
 .fini          0x0000000000006260        0x4 /Users/q_guest/Library/Arduino15/packages/adafruit/tools/arm-none-eabi-gcc/9-2019q4/bin/../lib/gcc/arm-none-eabi/9.2.1/thumb/v6-m/nofp/crti.o
                0x0000000000006260                _fini
 .fini          0x0000000000006264        0x8 /Users/q_guest/Library/Arduino15/packages/adafruit/tools/arm-none-eabi-gcc/9-2019q4/bin/../lib/gcc/arm-none-eabi/9.2.1/thumb/v6-m/nofp/crtn.o
 *crtbegin.o(.ctors)
 *crtbegin?.o(.ctors)
 *(EXCLUDE_FILE(*crtend.o *crtend?.o) .ctors)
 *(SORT_BY_NAME(.ctors.*))
 *(.ctors)
 *crtbegin.o(.dtors)
 *crtbegin?.o(.dtors)
 *(EXCLUDE_FILE(*crtend.o *crtend?.o) .dtors)
 *(SORT_BY_NAME(.dtors.*))
 *(.dtors)
 *(.rodata*)
 .rodata._Z12receiveEventi
                0x000000000000626c       0x24 /private/var/folders/cq/2xcv6c4d2gn0yptr3x6d14bw0000gp/T/arduino/sketches/CC1FCEEF2A31E4E84B3B0A41C7AC926C/sketch/SAMD21G18A-I2C-Motor-Driver-Slave.ino.cpp.o
 .rodata._ZTV7TwoWire
                0x0000000000006290       0x24 /private/var/folders/cq/2xcv6c4d2gn0yptr3x6d14bw0000gp/T/arduino/sketches/CC1FCEEF2A31E4E84B3B0A41C7AC926C/libraries/Wire/Wire.cpp.o
                0x0000000000006290                vtable for TwoWire
 .rodata.g_APinDescription
                0x00000000000062b4      0x450 /private/var/folders/cq/2xcv6c4d2gn0yptr3x6d14bw0000gp/T/arduino/sketches/CC1FCEEF2A31E4E84B3B0A41C7AC926C/core/variant.cpp.o
                0x00000000000062b4                g_APinDescription
 .rodata._ZL10sercomData
                0x0000000000006704       0x30 /private/var/folders/cq/2xcv6c4d2gn0yptr3x6d14bw0000gp/T/arduino/sketches/CC1FCEEF2A31E4E84B3B0A41C7AC926C/core/core.a(SERCOM.cpp.o)
 .rodata._ZTV4Uart
                0x0000000000006734       0x34 /private/var/folders/cq/2xcv6c4d2gn0yptr3x6d14bw0000gp/T/arduino/sketches/CC1FCEEF2A31E4E84B3B0A41C7AC926C/core/core.a(Uart.cpp.o)
                0x0000000000006734                vtable for Uart
 .rodata        0x0000000000006768       0x10 /private/var/folders/cq/2xcv6c4d2gn0yptr3x6d14bw0000gp/T/arduino/sketches/CC1FCEEF2A31E4E84B3B0A41C7AC926C/core/core.a(wiring_analog.c.o)
 .rodata._ZN14USBDeviceClass19handleStandardSetupER8USBSetup
                0x0000000000006778       0x30 /private/var/folders/cq/2xcv6c4d2gn0yptr3x6d14bw0000gp/T/arduino/sketches/CC1FCEEF2A31E4E84B3B0A41C7AC926C/core/core.a(USBCore.cpp.o)
 .rodata._ZTV26DoubleBufferedEPOutHandler
                0x00000000000067a8       0x20 /private/var/folders/cq/2xcv6c4d2gn0yptr3x6d14bw0000gp/T/arduino/sketches/CC1FCEEF2A31E4E84B3B0A41C7AC926C/core/core.a(USBCore.cpp.o)
                0x00000000000067a8                vtable for DoubleBufferedEPOutHandler
 .rodata._ZL14STRING_PRODUCT
                0x00000000000067c8        0xb /private/var/folders/cq/2xcv6c4d2gn0yptr3x6d14bw0000gp/T/arduino/sketches/CC1FCEEF2A31E4E84B3B0A41C7AC926C/core/core.a(USBCore.cpp.o)
 *fill*         0x00000000000067d3        0x1 
 .rodata._ZL15STRING_LANGUAGE
                0x00000000000067d4        0x4 /private/var/folders/cq/2xcv6c4d2gn0yptr3x6d14bw0000gp/T/arduino/sketches/CC1FCEEF2A31E4E84B3B0A41C7AC926C/core/core.a(USBCore.cpp.o)
 .rodata._ZL19STRING_MANUFACTURER
                0x00000000000067d8        0x9 /private/var/folders/cq/2xcv6c4d2gn0yptr3x6d14bw0000gp/T/arduino/sketches/CC1FCEEF2A31E4E84B3B0A41C7AC926C/core/core.a(USBCore.cpp.o)
 *fill*         0x00000000000067e1        0x3 
 .rodata._ZL21USB_DeviceDescriptorB
                0x00000000000067e4       0x12 /private/var/folders/cq/2xcv6c4d2gn0yptr3x6d14bw0000gp/T/arduino/sketches/CC1FCEEF2A31E4E84B3B0A41C7AC926C/core/core.a(USBCore.cpp.o)
 *fill*         0x00000000000067f6        0x2 
 .rodata._ZTV7Serial_
                0x00000000000067f8       0x24 /private/var/folders/cq/2xcv6c4d2gn0yptr3x6d14bw0000gp/T/arduino/sketches/CC1FCEEF2A31E4E84B3B0A41C7AC926C/core/core.a(CDC.cpp.o)
                0x00000000000067f8                vtable for Serial_
 *(.eh_frame*)
 .eh_frame      0x000000000000681c        0x0 /Users/q_guest/Library/Arduino15/packages/adafruit/tools/arm-none-eabi-gcc/9-2019q4/bin/../lib/gcc/arm-none-eabi/9.2.1/thumb/v6-m/nofp/crtbegin.o
 .eh_frame      0x000000000000681c        0x4 /Users/q_guest/Library/Arduino15/packages/adafruit/tools/arm-none-eabi-gcc/9-2019q4/bin/../lib/gcc/arm-none-eabi/9.2.1/thumb/v6-m/nofp/crtend.o

.glue_7         0x0000000000006820        0x0
 .glue_7        0x0000000000006820        0x0 linker stubs

.glue_7t        0x0000000000006820        0x0
 .glue_7t       0x0000000000006820        0x0 linker stubs

.vfp11_veneer   0x0000000000006820        0x0
 .vfp11_veneer  0x0000000000006820        0x0 linker stubs

.v4_bx          0x0000000000006820        0x0
 .v4_bx         0x0000000000006820        0x0 linker stubs

.iplt           0x0000000000006820        0x0
 .iplt          0x0000000000006820        0x0 /Users/q_guest/Library/Arduino15/packages/adafruit/tools/arm-none-eabi-gcc/9-2019q4/bin/../lib/gcc/arm-none-eabi/9.2.1/thumb/v6-m/nofp/crtbegin.o

.rel.dyn        0x0000000000006820        0x0
 .rel.iplt      0x0000000000006820        0x0 /Users/q_guest/Library/Arduino15/packages/adafruit/tools/arm-none-eabi-gcc/9-2019q4/bin/../lib/gcc/arm-none-eabi/9.2.1/thumb/v6-m/nofp/crtbegin.o

.ARM.extab
 *(.ARM.extab* .gnu.linkonce.armextab.*)
                0x0000000000006820                __exidx_start = .

.ARM.exidx
 *(.ARM.exidx* .gnu.linkonce.armexidx.*)
                0x0000000000006820                __exidx_end = .
                0x0000000000006820                __etext = .

.data           0x0000000020000000      0x120 load address 0x0000000000006820
                0x0000000020000000                __data_start__ = .
 *(vtable)
 *(.data*)
 .data.chargerState
                0x0000000020000000        0x1 /private/var/folders/cq/2xcv6c4d2gn0yptr3x6d14bw0000gp/T/arduino/sketches/CC1FCEEF2A31E4E84B3B0A41C7AC926C/sketch/SAMD21G18A-I2C-Motor-Driver-Slave.ino.cpp.o
                0x0000000020000000                chargerState
 *fill*         0x0000000020000001        0x3 
 .data.g_apTCInstances
                0x0000000020000004       0x18 /private/var/folders/cq/2xcv6c4d2gn0yptr3x6d14bw0000gp/T/arduino/sketches/CC1FCEEF2A31E4E84B3B0A41C7AC926C/core/variant.cpp.o
                0x0000000020000004                g_apTCInstances
 .data.SystemCoreClock
                0x000000002000001c        0x4 /private/var/folders/cq/2xcv6c4d2gn0yptr3x6d14bw0000gp/T/arduino/sketches/CC1FCEEF2A31E4E84B3B0A41C7AC926C/core/core.a(wiring.c.o)
                0x000000002000001c                SystemCoreClock
 .data._writeResolution
                0x0000000020000020        0x4 /private/var/folders/cq/2xcv6c4d2gn0yptr3x6d14bw0000gp/T/arduino/sketches/CC1FCEEF2A31E4E84B3B0A41C7AC926C/core/core.a(wiring_analog.c.o)
 .data._ZL5ticks
                0x0000000020000024        0x4 /private/var/folders/cq/2xcv6c4d2gn0yptr3x6d14bw0000gp/T/arduino/sketches/CC1FCEEF2A31E4E84B3B0A41C7AC926C/core/core.a(Reset.cpp.o)
 .data.EndPoints
                0x0000000020000028       0x28 /private/var/folders/cq/2xcv6c4d2gn0yptr3x6d14bw0000gp/T/arduino/sketches/CC1FCEEF2A31E4E84B3B0A41C7AC926C/core/core.a(USBCore.cpp.o)
                0x0000000020000028                EndPoints
 .data._ZL10breakValue
                0x0000000020000050        0x4 /private/var/folders/cq/2xcv6c4d2gn0yptr3x6d14bw0000gp/T/arduino/sketches/CC1FCEEF2A31E4E84B3B0A41C7AC926C/core/core.a(CDC.cpp.o)
 .data._ZL12_usbLineInfo
                0x0000000020000054        0x8 /private/var/folders/cq/2xcv6c4d2gn0yptr3x6d14bw0000gp/T/arduino/sketches/CC1FCEEF2A31E4E84B3B0A41C7AC926C/core/core.a(CDC.cpp.o)
 .data._ZL13_cdcInterface
                0x000000002000005c       0x42 /private/var/folders/cq/2xcv6c4d2gn0yptr3x6d14bw0000gp/T/arduino/sketches/CC1FCEEF2A31E4E84B3B0A41C7AC926C/core/core.a(CDC.cpp.o)
 *fill*         0x000000002000009e        0x2 
 .data._serialPeek
                0x00000000200000a0        0x4 /private/var/folders/cq/2xcv6c4d2gn0yptr3x6d14bw0000gp/T/arduino/sketches/CC1FCEEF2A31E4E84B3B0A41C7AC926C/core/core.a(CDC.cpp.o)
                0x00000000200000a0                _serialPeek
 .data._impure_ptr
                0x00000000200000a4        0x4 /Users/q_guest/Library/Arduino15/packages/adafruit/tools/arm-none-eabi-gcc/9-2019q4/bin/../lib/gcc/arm-none-eabi/9.2.1/../../../../arm-none-eabi/lib/thumb/v6-m/nofp/libc_nano.a(lib_a-impure.o)
                0x00000000200000a4                _impure_ptr
 .data.impure_data
                0x00000000200000a8       0x60 /Users/q_guest/Library/Arduino15/packages/adafruit/tools/arm-none-eabi-gcc/9-2019q4/bin/../lib/gcc/arm-none-eabi/9.2.1/../../../../arm-none-eabi/lib/thumb/v6-m/nofp/libc_nano.a(lib_a-impure.o)
                0x0000000020000108                . = ALIGN (0x4)
                0x0000000020000108                PROVIDE (__preinit_array_start = .)
 *(.preinit_array)
                0x0000000020000108                PROVIDE (__preinit_array_end = .)
                0x0000000020000108                . = ALIGN (0x4)
                0x0000000020000108                PROVIDE (__init_array_start = .)
 *(SORT_BY_NAME(.init_array.*))
 *(.init_array)
 .init_array    0x0000000020000108        0x4 /Users/q_guest/Library/Arduino15/packages/adafruit/tools/arm-none-eabi-gcc/9-2019q4/bin/../lib/gcc/arm-none-eabi/9.2.1/thumb/v6-m/nofp/crtbegin.o
 .init_array    0x000000002000010c        0x4 /private/var/folders/cq/2xcv6c4d2gn0yptr3x6d14bw0000gp/T/arduino/sketches/CC1FCEEF2A31E4E84B3B0A41C7AC926C/libraries/Wire/Wire.cpp.o
 .init_array    0x0000000020000110        0x4 /private/var/folders/cq/2xcv6c4d2gn0yptr3x6d14bw0000gp/T/arduino/sketches/CC1FCEEF2A31E4E84B3B0A41C7AC926C/core/variant.cpp.o
 .init_array    0x0000000020000114        0x4 /private/var/folders/cq/2xcv6c4d2gn0yptr3x6d14bw0000gp/T/arduino/sketches/CC1FCEEF2A31E4E84B3B0A41C7AC926C/core/core.a(USBCore.cpp.o)
 .init_array    0x0000000020000118        0x4 /private/var/folders/cq/2xcv6c4d2gn0yptr3x6d14bw0000gp/T/arduino/sketches/CC1FCEEF2A31E4E84B3B0A41C7AC926C/core/core.a(CDC.cpp.o)
                0x000000002000011c                PROVIDE (__init_array_end = .)
                0x000000002000011c                . = ALIGN (0x4)
                [!provide]                        PROVIDE (__fini_array_start = .)
 *(SORT_BY_NAME(.fini_array.*))
 *(.fini_array)
 .fini_array    0x000000002000011c        0x4 /Users/q_guest/Library/Arduino15/packages/adafruit/tools/arm-none-eabi-gcc/9-2019q4/bin/../lib/gcc/arm-none-eabi/9.2.1/thumb/v6-m/nofp/crtbegin.o
                [!provide]                        PROVIDE (__fini_array_end = .)
 *(.jcr*)
                0x0000000020000120                . = ALIGN (0x10)
                0x0000000020000120                __data_end__ = .

.igot.plt       0x0000000020000120        0x0 load address 0x0000000000006940
 .igot.plt      0x0000000020000120        0x0 /Users/q_guest/Library/Arduino15/packages/adafruit/tools/arm-none-eabi-gcc/9-2019q4/bin/../lib/gcc/arm-none-eabi/9.2.1/thumb/v6-m/nofp/crtbegin.o

.bss            0x0000000020000120      0xe7c load address 0x0000000000006940
                0x0000000020000120                . = ALIGN (0x4)
                0x0000000020000120                __bss_start__ = .
 *(.bss*)
 .bss           0x0000000020000120       0x1c /Users/q_guest/Library/Arduino15/packages/adafruit/tools/arm-none-eabi-gcc/9-2019q4/bin/../lib/gcc/arm-none-eabi/9.2.1/thumb/v6-m/nofp/crtbegin.o
 .bss.lastRequestType
                0x000000002000013c        0x1 /private/var/folders/cq/2xcv6c4d2gn0yptr3x6d14bw0000gp/T/arduino/sketches/CC1FCEEF2A31E4E84B3B0A41C7AC926C/sketch/SAMD21G18A-I2C-Motor-Driver-Slave.ino.cpp.o
                0x000000002000013c                lastRequestType
 *fill*         0x000000002000013d        0x1 
 .bss.motorA    0x000000002000013e        0x2 /private/var/folders/cq/2xcv6c4d2gn0yptr3x6d14bw0000gp/T/arduino/sketches/CC1FCEEF2A31E4E84B3B0A41C7AC926C/sketch/SAMD21G18A-I2C-Motor-Driver-Slave.ino.cpp.o
                0x000000002000013e                motorA
 .bss.motorB    0x0000000020000140        0x2 /private/var/folders/cq/2xcv6c4d2gn0yptr3x6d14bw0000gp/T/arduino/sketches/CC1FCEEF2A31E4E84B3B0A41C7AC926C/sketch/SAMD21G18A-I2C-Motor-Driver-Slave.ino.cpp.o
                0x0000000020000140                motorB
 *fill*         0x0000000020000142        0x2 
 .bss.Wire      0x0000000020000144      0x234 /private/var/folders/cq/2xcv6c4d2gn0yptr3x6d14bw0000gp/T/arduino/sketches/CC1FCEEF2A31E4E84B3B0A41C7AC926C/libraries/Wire/Wire.cpp.o
                0x0000000020000144                Wire
 .bss.Serial1   0x0000000020000378      0x2fc /private/var/folders/cq/2xcv6c4d2gn0yptr3x6d14bw0000gp/T/arduino/sketches/CC1FCEEF2A31E4E84B3B0A41C7AC926C/core/variant.cpp.o
                0x0000000020000378                Serial1
 .bss.Serial5   0x0000000020000674      0x2fc /private/var/folders/cq/2xcv6c4d2gn0yptr3x6d14bw0000gp/T/arduino/sketches/CC1FCEEF2A31E4E84B3B0A41C7AC926C/core/variant.cpp.o
                0x0000000020000674                Serial5
 .bss.sercom0   0x0000000020000970        0x4 /private/var/folders/cq/2xcv6c4d2gn0yptr3x6d14bw0000gp/T/arduino/sketches/CC1FCEEF2A31E4E84B3B0A41C7AC926C/core/variant.cpp.o
                0x0000000020000970                sercom0
 .bss.sercom1   0x0000000020000974        0x4 /private/var/folders/cq/2xcv6c4d2gn0yptr3x6d14bw0000gp/T/arduino/sketches/CC1FCEEF2A31E4E84B3B0A41C7AC926C/core/variant.cpp.o
                0x0000000020000974                sercom1
 .bss.sercom2   0x0000000020000978        0x4 /private/var/folders/cq/2xcv6c4d2gn0yptr3x6d14bw0000gp/T/arduino/sketches/CC1FCEEF2A31E4E84B3B0A41C7AC926C/core/variant.cpp.o
                0x0000000020000978                sercom2
 .bss.sercom3   0x000000002000097c        0x4 /private/var/folders/cq/2xcv6c4d2gn0yptr3x6d14bw0000gp/T/arduino/sketches/CC1FCEEF2A31E4E84B3B0A41C7AC926C/core/variant.cpp.o
                0x000000002000097c                sercom3
 .bss.sercom4   0x0000000020000980        0x4 /private/var/folders/cq/2xcv6c4d2gn0yptr3x6d14bw0000gp/T/arduino/sketches/CC1FCEEF2A31E4E84B3B0A41C7AC926C/core/variant.cpp.o
                0x0000000020000980                sercom4
 .bss.sercom5   0x0000000020000984        0x4 /private/var/folders/cq/2xcv6c4d2gn0yptr3x6d14bw0000gp/T/arduino/sketches/CC1FCEEF2A31E4E84B3B0A41C7AC926C/core/variant.cpp.o
                0x0000000020000984                sercom5
 .bss.usb_isr   0x0000000020000988        0x4 /private/var/folders/cq/2xcv6c4d2gn0yptr3x6d14bw0000gp/T/arduino/sketches/CC1FCEEF2A31E4E84B3B0A41C7AC926C/core/core.a(cortex_handlers.c.o)
 .bss._ulTickCount
                0x000000002000098c        0x4 /private/var/folders/cq/2xcv6c4d2gn0yptr3x6d14bw0000gp/T/arduino/sketches/CC1FCEEF2A31E4E84B3B0A41C7AC926C/core/core.a(delay.c.o)
 .bss.tcEnabled.12739
                0x0000000020000990        0x6 /private/var/folders/cq/2xcv6c4d2gn0yptr3x6d14bw0000gp/T/arduino/sketches/CC1FCEEF2A31E4E84B3B0A41C7AC926C/core/core.a(wiring_analog.c.o)
 *fill*         0x0000000020000996        0x2 
 .bss.USBDevice
                0x0000000020000998        0x1 /private/var/folders/cq/2xcv6c4d2gn0yptr3x6d14bw0000gp/T/arduino/sketches/CC1FCEEF2A31E4E84B3B0A41C7AC926C/core/core.a(USBCore.cpp.o)
                0x0000000020000998                USBDevice
 *fill*         0x0000000020000999        0x3 
 .bss._ZL10epHandlers
                0x000000002000099c       0x1c /private/var/folders/cq/2xcv6c4d2gn0yptr3x6d14bw0000gp/T/arduino/sketches/CC1FCEEF2A31E4E84B3B0A41C7AC926C/core/core.a(USBCore.cpp.o)
 .bss._ZL10rxLEDPulse
                0x00000000200009b8        0x1 /private/var/folders/cq/2xcv6c4d2gn0yptr3x6d14bw0000gp/T/arduino/sketches/CC1FCEEF2A31E4E84B3B0A41C7AC926C/core/core.a(USBCore.cpp.o)
 .bss._ZL10txLEDPulse
                0x00000000200009b9        0x1 /private/var/folders/cq/2xcv6c4d2gn0yptr3x6d14bw0000gp/T/arduino/sketches/CC1FCEEF2A31E4E84B3B0A41C7AC926C/core/core.a(USBCore.cpp.o)
 .bss._ZL14isEndpointHalt
                0x00000000200009ba        0x1 /private/var/folders/cq/2xcv6c4d2gn0yptr3x6d14bw0000gp/T/arduino/sketches/CC1FCEEF2A31E4E84B3B0A41C7AC926C/core/core.a(USBCore.cpp.o)
 *fill*         0x00000000200009bb        0x1 
 .bss._ZL20LastTransmitTimedOut
                0x00000000200009bc        0x7 /private/var/folders/cq/2xcv6c4d2gn0yptr3x6d14bw0000gp/T/arduino/sketches/CC1FCEEF2A31E4E84B3B0A41C7AC926C/core/core.a(USBCore.cpp.o)
 .bss._ZL21isRemoteWakeUpEnabled
                0x00000000200009c3        0x1 /private/var/folders/cq/2xcv6c4d2gn0yptr3x6d14bw0000gp/T/arduino/sketches/CC1FCEEF2A31E4E84B3B0A41C7AC926C/core/core.a(USBCore.cpp.o)
 .bss._ZL22udd_ep_in_cache_buffer
                0x00000000200009c4      0x1c0 /private/var/folders/cq/2xcv6c4d2gn0yptr3x6d14bw0000gp/T/arduino/sketches/CC1FCEEF2A31E4E84B3B0A41C7AC926C/core/core.a(USBCore.cpp.o)
 .bss._ZL23udd_ep_out_cache_buffer
                0x0000000020000b84      0x1c0 /private/var/folders/cq/2xcv6c4d2gn0yptr3x6d14bw0000gp/T/arduino/sketches/CC1FCEEF2A31E4E84B3B0A41C7AC926C/core/core.a(USBCore.cpp.o)
 .bss._dry_run  0x0000000020000d44        0x1 /private/var/folders/cq/2xcv6c4d2gn0yptr3x6d14bw0000gp/T/arduino/sketches/CC1FCEEF2A31E4E84B3B0A41C7AC926C/core/core.a(USBCore.cpp.o)
                0x0000000020000d44                _dry_run
 *fill*         0x0000000020000d45        0x3 
 .bss._pack_buffer
                0x0000000020000d48      0x100 /private/var/folders/cq/2xcv6c4d2gn0yptr3x6d14bw0000gp/T/arduino/sketches/CC1FCEEF2A31E4E84B3B0A41C7AC926C/core/core.a(USBCore.cpp.o)
                0x0000000020000d48                _pack_buffer
 .bss._pack_message
                0x0000000020000e48        0x1 /private/var/folders/cq/2xcv6c4d2gn0yptr3x6d14bw0000gp/T/arduino/sketches/CC1FCEEF2A31E4E84B3B0A41C7AC926C/core/core.a(USBCore.cpp.o)
                0x0000000020000e48                _pack_message
 *fill*         0x0000000020000e49        0x1 
 .bss._pack_size
                0x0000000020000e4a        0x2 /private/var/folders/cq/2xcv6c4d2gn0yptr3x6d14bw0000gp/T/arduino/sketches/CC1FCEEF2A31E4E84B3B0A41C7AC926C/core/core.a(USBCore.cpp.o)
                0x0000000020000e4a                _pack_size
 .bss._usbConfiguration
                0x0000000020000e4c        0x4 /private/var/folders/cq/2xcv6c4d2gn0yptr3x6d14bw0000gp/T/arduino/sketches/CC1FCEEF2A31E4E84B3B0A41C7AC926C/core/core.a(USBCore.cpp.o)
                0x0000000020000e4c                _usbConfiguration
 .bss._usbSetInterface
                0x0000000020000e50        0x4 /private/var/folders/cq/2xcv6c4d2gn0yptr3x6d14bw0000gp/T/arduino/sketches/CC1FCEEF2A31E4E84B3B0A41C7AC926C/core/core.a(USBCore.cpp.o)
                0x0000000020000e50                _usbSetInterface
 .bss.usbd      0x0000000020000e54      0x104 /private/var/folders/cq/2xcv6c4d2gn0yptr3x6d14bw0000gp/T/arduino/sketches/CC1FCEEF2A31E4E84B3B0A41C7AC926C/core/core.a(USBCore.cpp.o)
                0x0000000020000e54                usbd
 .bss.Serial    0x0000000020000f58       0x1c /private/var/folders/cq/2xcv6c4d2gn0yptr3x6d14bw0000gp/T/arduino/sketches/CC1FCEEF2A31E4E84B3B0A41C7AC926C/core/core.a(CDC.cpp.o)
                0x0000000020000f58                Serial
 .bss._ZGVZ12PluggableUSBvE3obj
                0x0000000020000f74        0x4 /private/var/folders/cq/2xcv6c4d2gn0yptr3x6d14bw0000gp/T/arduino/sketches/CC1FCEEF2A31E4E84B3B0A41C7AC926C/core/core.a(PluggableUSB.cpp.o)
 .bss._ZZ12PluggableUSBvE3obj
                0x0000000020000f78        0x8 /private/var/folders/cq/2xcv6c4d2gn0yptr3x6d14bw0000gp/T/arduino/sketches/CC1FCEEF2A31E4E84B3B0A41C7AC926C/core/core.a(PluggableUSB.cpp.o)
 .bss.__malloc_free_list
                0x0000000020000f80        0x4 /Users/q_guest/Library/Arduino15/packages/adafruit/tools/arm-none-eabi-gcc/9-2019q4/bin/../lib/gcc/arm-none-eabi/9.2.1/../../../../arm-none-eabi/lib/thumb/v6-m/nofp/libc_nano.a(lib_a-nano-mallocr.o)
                0x0000000020000f80                __malloc_free_list
 .bss.__malloc_sbrk_start
                0x0000000020000f84        0x4 /Users/q_guest/Library/Arduino15/packages/adafruit/tools/arm-none-eabi-gcc/9-2019q4/bin/../lib/gcc/arm-none-eabi/9.2.1/../../../../arm-none-eabi/lib/thumb/v6-m/nofp/libc_nano.a(lib_a-nano-mallocr.o)
                0x0000000020000f84                __malloc_sbrk_start
 .bss.heap_end.4144
                0x0000000020000f88        0x4 /Users/q_guest/Library/Arduino15/packages/adafruit/tools/arm-none-eabi-gcc/9-2019q4/bin/../lib/gcc/arm-none-eabi/9.2.1/../../../../arm-none-eabi/lib/thumb/v6-m/nofp/libnosys.a(sbrk.o)
 *(COMMON)
 COMMON         0x0000000020000f8c        0x4 /Users/q_guest/Library/Arduino15/packages/adafruit/tools/arm-none-eabi-gcc/9-2019q4/bin/../lib/gcc/arm-none-eabi/9.2.1/../../../../arm-none-eabi/lib/thumb/v6-m/nofp/libc_nano.a(lib_a-reent.o)
                0x0000000020000f8c                errno
 COMMON         0x0000000020000f90        0x9 /Users/q_guest/Library/Arduino15/packages/adafruit/tools/arm-none-eabi-gcc/9-2019q4/bin/../lib/gcc/arm-none-eabi/9.2.1/../../../../arm-none-eabi/lib/thumb/v6-m/nofp/libc_nano.a(lib_a-lock.o)
                0x0000000020000f90                __lock___atexit_recursive_mutex
                0x0000000020000f91                __lock___arc4random_mutex
                0x0000000020000f92                __lock___env_recursive_mutex
                0x0000000020000f93                __lock___sinit_recursive_mutex
                0x0000000020000f94                __lock___malloc_recursive_mutex
                0x0000000020000f95                __lock___at_quick_exit_mutex
                0x0000000020000f96                __lock___dd_hash_mutex
                0x0000000020000f97                __lock___tz_mutex
                0x0000000020000f98                __lock___sfp_recursive_mutex
                0x0000000020000f9c                . = ALIGN (0x4)
 *fill*         0x0000000020000f99        0x3 
                0x0000000020000f9c                __bss_end__ = .

.heap           0x0000000020000f9c        0x0
                0x0000000020000f9c                __end__ = .
                0x0000000020000f9c                PROVIDE (end = .)
 *(.heap*)
                0x0000000020000f9c                __HeapLimit = .

.stack_dummy    0x0000000020000f9c        0x0
 *(.stack*)
                0x0000000020008000                __StackTop = (ORIGIN (RAM) + LENGTH (RAM))
                0x0000000020008000                __StackLimit = (__StackTop - SIZEOF (.stack_dummy))
                0x0000000020008000                PROVIDE (__stack = __StackTop)
                0x0000000020007fff                __ram_end__ = ((ORIGIN (RAM) + LENGTH (RAM)) - 0x1)
                0x0000000000000001                ASSERT ((__StackLimit >= __HeapLimit), region RAM overflowed with stack)
OUTPUT(/private/var/folders/cq/2xcv6c4d2gn0yptr3x6d14bw0000gp/T/arduino/sketches/CC1FCEEF2A31E4E84B3B0A41C7AC926C/SAMD21G18A-I2C-Motor-Driver-Slave.ino.elf elf32-littlearm)

.ARM.attributes
                0x0000000000000000       0x28
 .ARM.attributes
                0x0000000000000000       0x1e /Users/q_guest/Library/Arduino15/packages/adafruit/tools/arm-none-eabi-gcc/9-2019q4/bin/../lib/gcc/arm-none-eabi/9.2.1/thumb/v6-m/nofp/crti.o
 .ARM.attributes
                0x000000000000001e       0x2c /Users/q_guest/Library/Arduino15/packages/adafruit/tools/arm-none-eabi-gcc/9-2019q4/bin/../lib/gcc/arm-none-eabi/9.2.1/thumb/v6-m/nofp/crtbegin.o
 .ARM.attributes
                0x000000000000004a       0x28 /private/var/folders/cq/2xcv6c4d2gn0yptr3x6d14bw0000gp/T/arduino/sketches/CC1FCEEF2A31E4E84B3B0A41C7AC926C/sketch/SAMD21G18A-I2C-Motor-Driver-Slave.ino.cpp.o
 .ARM.attributes
                0x0000000000000072       0x28 /private/var/folders/cq/2xcv6c4d2gn0yptr3x6d14bw0000gp/T/arduino/sketches/CC1FCEEF2A31E4E84B3B0A41C7AC926C/libraries/Wire/Wire.cpp.o
 .ARM.attributes
                0x000000000000009a       0x28 /private/var/folders/cq/2xcv6c4d2gn0yptr3x6d14bw0000gp/T/arduino/sketches/CC1FCEEF2A31E4E84B3B0A41C7AC926C/core/variant.cpp.o
 .ARM.attributes
                0x00000000000000c2       0x28 /private/var/folders/cq/2xcv6c4d2gn0yptr3x6d14bw0000gp/T/arduino/sketches/CC1FCEEF2A31E4E84B3B0A41C7AC926C/core/core.a(SERCOM.cpp.o)
 .ARM.attributes
                0x00000000000000ea       0x28 /private/var/folders/cq/2xcv6c4d2gn0yptr3x6d14bw0000gp/T/arduino/sketches/CC1FCEEF2A31E4E84B3B0A41C7AC926C/core/core.a(Uart.cpp.o)
 .ARM.attributes
                0x0000000000000112       0x28 /private/var/folders/cq/2xcv6c4d2gn0yptr3x6d14bw0000gp/T/arduino/sketches/CC1FCEEF2A31E4E84B3B0A41C7AC926C/core/core.a(WMath.cpp.o)
 .ARM.attributes
                0x000000000000013a       0x28 /private/var/folders/cq/2xcv6c4d2gn0yptr3x6d14bw0000gp/T/arduino/sketches/CC1FCEEF2A31E4E84B3B0A41C7AC926C/core/core.a(cortex_handlers.c.o)
 .ARM.attributes
                0x0000000000000162       0x28 /private/var/folders/cq/2xcv6c4d2gn0yptr3x6d14bw0000gp/T/arduino/sketches/CC1FCEEF2A31E4E84B3B0A41C7AC926C/core/core.a(delay.c.o)
 .ARM.attributes
                0x000000000000018a       0x28 /private/var/folders/cq/2xcv6c4d2gn0yptr3x6d14bw0000gp/T/arduino/sketches/CC1FCEEF2A31E4E84B3B0A41C7AC926C/core/core.a(hooks.c.o)
 .ARM.attributes
                0x00000000000001b2       0x28 /private/var/folders/cq/2xcv6c4d2gn0yptr3x6d14bw0000gp/T/arduino/sketches/CC1FCEEF2A31E4E84B3B0A41C7AC926C/core/core.a(main.cpp.o)
 .ARM.attributes
                0x00000000000001da       0x28 /private/var/folders/cq/2xcv6c4d2gn0yptr3x6d14bw0000gp/T/arduino/sketches/CC1FCEEF2A31E4E84B3B0A41C7AC926C/core/core.a(startup.c.o)
 .ARM.attributes
                0x0000000000000202       0x28 /private/var/folders/cq/2xcv6c4d2gn0yptr3x6d14bw0000gp/T/arduino/sketches/CC1FCEEF2A31E4E84B3B0A41C7AC926C/core/core.a(wiring.c.o)
 .ARM.attributes
                0x000000000000022a       0x28 /private/var/folders/cq/2xcv6c4d2gn0yptr3x6d14bw0000gp/T/arduino/sketches/CC1FCEEF2A31E4E84B3B0A41C7AC926C/core/core.a(wiring_analog.c.o)
 .ARM.attributes
                0x0000000000000252       0x28 /private/var/folders/cq/2xcv6c4d2gn0yptr3x6d14bw0000gp/T/arduino/sketches/CC1FCEEF2A31E4E84B3B0A41C7AC926C/core/core.a(wiring_digital.c.o)
 .ARM.attributes
                0x000000000000027a       0x28 /private/var/folders/cq/2xcv6c4d2gn0yptr3x6d14bw0000gp/T/arduino/sketches/CC1FCEEF2A31E4E84B3B0A41C7AC926C/core/core.a(wiring_private.c.o)
 .ARM.attributes
                0x00000000000002a2       0x28 /private/var/folders/cq/2xcv6c4d2gn0yptr3x6d14bw0000gp/T/arduino/sketches/CC1FCEEF2A31E4E84B3B0A41C7AC926C/core/core.a(Print.cpp.o)
 .ARM.attributes
                0x00000000000002ca       0x28 /private/var/folders/cq/2xcv6c4d2gn0yptr3x6d14bw0000gp/T/arduino/sketches/CC1FCEEF2A31E4E84B3B0A41C7AC926C/core/core.a(Reset.cpp.o)
 .ARM.attributes
                0x00000000000002f2       0x28 /private/var/folders/cq/2xcv6c4d2gn0yptr3x6d14bw0000gp/T/arduino/sketches/CC1FCEEF2A31E4E84B3B0A41C7AC926C/core/core.a(USBCore.cpp.o)
 .ARM.attributes
                0x000000000000031a       0x28 /private/var/folders/cq/2xcv6c4d2gn0yptr3x6d14bw0000gp/T/arduino/sketches/CC1FCEEF2A31E4E84B3B0A41C7AC926C/core/core.a(new.cpp.o)
 .ARM.attributes
                0x0000000000000342       0x28 /private/var/folders/cq/2xcv6c4d2gn0yptr3x6d14bw0000gp/T/arduino/sketches/CC1FCEEF2A31E4E84B3B0A41C7AC926C/core/core.a(CDC.cpp.o)
 .ARM.attributes
                0x000000000000036a       0x28 /private/var/folders/cq/2xcv6c4d2gn0yptr3x6d14bw0000gp/T/arduino/sketches/CC1FCEEF2A31E4E84B3B0A41C7AC926C/core/core.a(PluggableUSB.cpp.o)
 .ARM.attributes
                0x0000000000000392       0x28 /private/var/folders/cq/2xcv6c4d2gn0yptr3x6d14bw0000gp/T/arduino/sketches/CC1FCEEF2A31E4E84B3B0A41C7AC926C/core/core.a(SAMD21_USBDevice.cpp.o)
 .ARM.attributes
                0x00000000000003ba       0x1e /Users/q_guest/Library/Arduino15/packages/adafruit/tools/arm-none-eabi-gcc/9-2019q4/bin/../lib/gcc/arm-none-eabi/9.2.1/thumb/v6-m/nofp/libgcc.a(_udivsi3.o)
 .ARM.attributes
                0x00000000000003d8       0x1e /Users/q_guest/Library/Arduino15/packages/adafruit/tools/arm-none-eabi-gcc/9-2019q4/bin/../lib/gcc/arm-none-eabi/9.2.1/thumb/v6-m/nofp/libgcc.a(_divsi3.o)
 .ARM.attributes
                0x00000000000003f6       0x1e /Users/q_guest/Library/Arduino15/packages/adafruit/tools/arm-none-eabi-gcc/9-2019q4/bin/../lib/gcc/arm-none-eabi/9.2.1/thumb/v6-m/nofp/libgcc.a(_dvmd_tls.o)
 .ARM.attributes
                0x0000000000000414       0x2c /Users/q_guest/Library/Arduino15/packages/adafruit/tools/arm-none-eabi-gcc/9-2019q4/bin/../lib/gcc/arm-none-eabi/9.2.1/../../../../arm-none-eabi/lib/thumb/v6-m/nofp/libc_nano.a(lib_a-impure.o)
 .ARM.attributes
                0x0000000000000440       0x2c /Users/q_guest/Library/Arduino15/packages/adafruit/tools/arm-none-eabi-gcc/9-2019q4/bin/../lib/gcc/arm-none-eabi/9.2.1/../../../../arm-none-eabi/lib/thumb/v6-m/nofp/libc_nano.a(lib_a-init.o)
 .ARM.attributes
                0x000000000000046c       0x2c /Users/q_guest/Library/Arduino15/packages/adafruit/tools/arm-none-eabi-gcc/9-2019q4/bin/../lib/gcc/arm-none-eabi/9.2.1/../../../../arm-none-eabi/lib/thumb/v6-m/nofp/libc_nano.a(lib_a-malloc.o)
 .ARM.attributes
                0x0000000000000498       0x2c /Users/q_guest/Library/Arduino15/packages/adafruit/tools/arm-none-eabi-gcc/9-2019q4/bin/../lib/gcc/arm-none-eabi/9.2.1/../../../../arm-none-eabi/lib/thumb/v6-m/nofp/libc_nano.a(lib_a-memcpy-stub.o)
 .ARM.attributes
                0x00000000000004c4       0x2c /Users/q_guest/Library/Arduino15/packages/adafruit/tools/arm-none-eabi-gcc/9-2019q4/bin/../lib/gcc/arm-none-eabi/9.2.1/../../../../arm-none-eabi/lib/thumb/v6-m/nofp/libc_nano.a(lib_a-memset.o)
 .ARM.attributes
                0x00000000000004f0       0x2c /Users/q_guest/Library/Arduino15/packages/adafruit/tools/arm-none-eabi-gcc/9-2019q4/bin/../lib/gcc/arm-none-eabi/9.2.1/../../../../arm-none-eabi/lib/thumb/v6-m/nofp/libc_nano.a(lib_a-nano-freer.o)
 .ARM.attributes
                0x000000000000051c       0x2c /Users/q_guest/Library/Arduino15/packages/adafruit/tools/arm-none-eabi-gcc/9-2019q4/bin/../lib/gcc/arm-none-eabi/9.2.1/../../../../arm-none-eabi/lib/thumb/v6-m/nofp/libc_nano.a(lib_a-nano-mallocr.o)
 .ARM.attributes
                0x0000000000000548       0x2c /Users/q_guest/Library/Arduino15/packages/adafruit/tools/arm-none-eabi-gcc/9-2019q4/bin/../lib/gcc/arm-none-eabi/9.2.1/../../../../arm-none-eabi/lib/thumb/v6-m/nofp/libc_nano.a(lib_a-sbrkr.o)
 .ARM.attributes
                0x0000000000000574       0x1c /Users/q_guest/Library/Arduino15/packages/adafruit/tools/arm-none-eabi-gcc/9-2019q4/bin/../lib/gcc/arm-none-eabi/9.2.1/../../../../arm-none-eabi/lib/thumb/v6-m/nofp/libc_nano.a(lib_a-strlen.o)
 .ARM.attributes
                0x0000000000000590       0x2c /Users/q_guest/Library/Arduino15/packages/adafruit/tools/arm-none-eabi-gcc/9-2019q4/bin/../lib/gcc/arm-none-eabi/9.2.1/../../../../arm-none-eabi/lib/thumb/v6-m/nofp/libc_nano.a(lib_a-mlock.o)
 .ARM.attributes
                0x00000000000005bc       0x2c /Users/q_guest/Library/Arduino15/packages/adafruit/tools/arm-none-eabi-gcc/9-2019q4/bin/../lib/gcc/arm-none-eabi/9.2.1/../../../../arm-none-eabi/lib/thumb/v6-m/nofp/libc_nano.a(lib_a-reent.o)
 .ARM.attributes
                0x00000000000005e8       0x2c /Users/q_guest/Library/Arduino15/packages/adafruit/tools/arm-none-eabi-gcc/9-2019q4/bin/../lib/gcc/arm-none-eabi/9.2.1/../../../../arm-none-eabi/lib/thumb/v6-m/nofp/libc_nano.a(lib_a-lock.o)
 .ARM.attributes
                0x0000000000000614       0x2c /Users/q_guest/Library/Arduino15/packages/adafruit/tools/arm-none-eabi-gcc/9-2019q4/bin/../lib/gcc/arm-none-eabi/9.2.1/../../../../arm-none-eabi/lib/thumb/v6-m/nofp/libnosys.a(sbrk.o)
 .ARM.attributes
                0x0000000000000640       0x2c /Users/q_guest/Library/Arduino15/packages/adafruit/tools/arm-none-eabi-gcc/9-2019q4/bin/../lib/gcc/arm-none-eabi/9.2.1/thumb/v6-m/nofp/crtend.o
 .ARM.attributes
                0x000000000000066c       0x1e /Users/q_guest/Library/Arduino15/packages/adafruit/tools/arm-none-eabi-gcc/9-2019q4/bin/../lib/gcc/arm-none-eabi/9.2.1/thumb/v6-m/nofp/crtn.o

.comment        0x0000000000000000       0x79
 .comment       0x0000000000000000       0x79 /private/var/folders/cq/2xcv6c4d2gn0yptr3x6d14bw0000gp/T/arduino/sketches/CC1FCEEF2A31E4E84B3B0A41C7AC926C/sketch/SAMD21G18A-I2C-Motor-Driver-Slave.ino.cpp.o
                                         0x7a (size before relaxing)
 .comment       0x0000000000000079       0x7a /private/var/folders/cq/2xcv6c4d2gn0yptr3x6d14bw0000gp/T/arduino/sketches/CC1FCEEF2A31E4E84B3B0A41C7AC926C/libraries/Wire/Wire.cpp.o
 .comment       0x0000000000000079       0x7a /private/var/folders/cq/2xcv6c4d2gn0yptr3x6d14bw0000gp/T/arduino/sketches/CC1FCEEF2A31E4E84B3B0A41C7AC926C/core/variant.cpp.o
 .comment       0x0000000000000079       0x7a /private/var/folders/cq/2xcv6c4d2gn0yptr3x6d14bw0000gp/T/arduino/sketches/CC1FCEEF2A31E4E84B3B0A41C7AC926C/core/core.a(SERCOM.cpp.o)
 .comment       0x0000000000000079       0x7a /private/var/folders/cq/2xcv6c4d2gn0yptr3x6d14bw0000gp/T/arduino/sketches/CC1FCEEF2A31E4E84B3B0A41C7AC926C/core/core.a(Uart.cpp.o)
 .comment       0x0000000000000079       0x7a /private/var/folders/cq/2xcv6c4d2gn0yptr3x6d14bw0000gp/T/arduino/sketches/CC1FCEEF2A31E4E84B3B0A41C7AC926C/core/core.a(WMath.cpp.o)
 .comment       0x0000000000000079       0x7a /private/var/folders/cq/2xcv6c4d2gn0yptr3x6d14bw0000gp/T/arduino/sketches/CC1FCEEF2A31E4E84B3B0A41C7AC926C/core/core.a(cortex_handlers.c.o)
 .comment       0x0000000000000079       0x7a /private/var/folders/cq/2xcv6c4d2gn0yptr3x6d14bw0000gp/T/arduino/sketches/CC1FCEEF2A31E4E84B3B0A41C7AC926C/core/core.a(delay.c.o)
 .comment       0x0000000000000079       0x7a /private/var/folders/cq/2xcv6c4d2gn0yptr3x6d14bw0000gp/T/arduino/sketches/CC1FCEEF2A31E4E84B3B0A41C7AC926C/core/core.a(hooks.c.o)
 .comment       0x0000000000000079       0x7a /private/var/folders/cq/2xcv6c4d2gn0yptr3x6d14bw0000gp/T/arduino/sketches/CC1FCEEF2A31E4E84B3B0A41C7AC926C/core/core.a(main.cpp.o)
 .comment       0x0000000000000079       0x7a /private/var/folders/cq/2xcv6c4d2gn0yptr3x6d14bw0000gp/T/arduino/sketches/CC1FCEEF2A31E4E84B3B0A41C7AC926C/core/core.a(startup.c.o)
 .comment       0x0000000000000079       0x7a /private/var/folders/cq/2xcv6c4d2gn0yptr3x6d14bw0000gp/T/arduino/sketches/CC1FCEEF2A31E4E84B3B0A41C7AC926C/core/core.a(wiring.c.o)
 .comment       0x0000000000000079       0x7a /private/var/folders/cq/2xcv6c4d2gn0yptr3x6d14bw0000gp/T/arduino/sketches/CC1FCEEF2A31E4E84B3B0A41C7AC926C/core/core.a(wiring_analog.c.o)
 .comment       0x0000000000000079       0x7a /private/var/folders/cq/2xcv6c4d2gn0yptr3x6d14bw0000gp/T/arduino/sketches/CC1FCEEF2A31E4E84B3B0A41C7AC926C/core/core.a(wiring_digital.c.o)
 .comment       0x0000000000000079       0x7a /private/var/folders/cq/2xcv6c4d2gn0yptr3x6d14bw0000gp/T/arduino/sketches/CC1FCEEF2A31E4E84B3B0A41C7AC926C/core/core.a(wiring_private.c.o)
 .comment       0x0000000000000079       0x7a /private/var/folders/cq/2xcv6c4d2gn0yptr3x6d14bw0000gp/T/arduino/sketches/CC1FCEEF2A31E4E84B3B0A41C7AC926C/core/core.a(Print.cpp.o)
 .comment       0x0000000000000079       0x7a /private/var/folders/cq/2xcv6c4d2gn0yptr3x6d14bw0000gp/T/arduino/sketches/CC1FCEEF2A31E4E84B3B0A41C7AC926C/core/core.a(Reset.cpp.o)
 .comment       0x0000000000000079       0x7a /private/var/folders/cq/2xcv6c4d2gn0yptr3x6d14bw0000gp/T/arduino/sketches/CC1FCEEF2A31E4E84B3B0A41C7AC926C/core/core.a(USBCore.cpp.o)
 .comment       0x0000000000000079       0x7a /private/var/folders/cq/2xcv6c4d2gn0yptr3x6d14bw0000gp/T/arduino/sketches/CC1FCEEF2A31E4E84B3B0A41C7AC926C/core/core.a(new.cpp.o)
 .comment       0x0000000000000079       0x7a /private/var/folders/cq/2xcv6c4d2gn0yptr3x6d14bw0000gp/T/arduino/sketches/CC1FCEEF2A31E4E84B3B0A41C7AC926C/core/core.a(CDC.cpp.o)
 .comment       0x0000000000000079       0x7a /private/var/folders/cq/2xcv6c4d2gn0yptr3x6d14bw0000gp/T/arduino/sketches/CC1FCEEF2A31E4E84B3B0A41C7AC926C/core/core.a(PluggableUSB.cpp.o)
 .comment       0x0000000000000079       0x7a /private/var/folders/cq/2xcv6c4d2gn0yptr3x6d14bw0000gp/T/arduino/sketches/CC1FCEEF2A31E4E84B3B0A41C7AC926C/core/core.a(SAMD21_USBDevice.cpp.o)

.debug_info     0x0000000000000000    0x8233a
 .debug_info    0x0000000000000000     0x7210 /private/var/folders/cq/2xcv6c4d2gn0yptr3x6d14bw0000gp/T/arduino/sketches/CC1FCEEF2A31E4E84B3B0A41C7AC926C/sketch/SAMD21G18A-I2C-Motor-Driver-Slave.ino.cpp.o
 .debug_info    0x0000000000007210     0x9cc2 /private/var/folders/cq/2xcv6c4d2gn0yptr3x6d14bw0000gp/T/arduino/sketches/CC1FCEEF2A31E4E84B3B0A41C7AC926C/libraries/Wire/Wire.cpp.o
 .debug_info    0x0000000000010ed2     0x6cf3 /private/var/folders/cq/2xcv6c4d2gn0yptr3x6d14bw0000gp/T/arduino/sketches/CC1FCEEF2A31E4E84B3B0A41C7AC926C/core/variant.cpp.o
 .debug_info    0x0000000000017bc5     0x82c8 /private/var/folders/cq/2xcv6c4d2gn0yptr3x6d14bw0000gp/T/arduino/sketches/CC1FCEEF2A31E4E84B3B0A41C7AC926C/core/core.a(SERCOM.cpp.o)
 .debug_info    0x000000000001fe8d     0x9fff /private/var/folders/cq/2xcv6c4d2gn0yptr3x6d14bw0000gp/T/arduino/sketches/CC1FCEEF2A31E4E84B3B0A41C7AC926C/core/core.a(Uart.cpp.o)
 .debug_info    0x0000000000029e8c     0x1244 /private/var/folders/cq/2xcv6c4d2gn0yptr3x6d14bw0000gp/T/arduino/sketches/CC1FCEEF2A31E4E84B3B0A41C7AC926C/core/core.a(WMath.cpp.o)
 .debug_info    0x000000000002b0d0     0x1264 /private/var/folders/cq/2xcv6c4d2gn0yptr3x6d14bw0000gp/T/arduino/sketches/CC1FCEEF2A31E4E84B3B0A41C7AC926C/core/core.a(cortex_handlers.c.o)
 .debug_info    0x000000000002c334     0x15ac /private/var/folders/cq/2xcv6c4d2gn0yptr3x6d14bw0000gp/T/arduino/sketches/CC1FCEEF2A31E4E84B3B0A41C7AC926C/core/core.a(delay.c.o)
 .debug_info    0x000000000002d8e0       0x65 /private/var/folders/cq/2xcv6c4d2gn0yptr3x6d14bw0000gp/T/arduino/sketches/CC1FCEEF2A31E4E84B3B0A41C7AC926C/core/core.a(hooks.c.o)
 .debug_info    0x000000000002d945     0x68f6 /private/var/folders/cq/2xcv6c4d2gn0yptr3x6d14bw0000gp/T/arduino/sketches/CC1FCEEF2A31E4E84B3B0A41C7AC926C/core/core.a(main.cpp.o)
 .debug_info    0x000000000003423b     0x3861 /private/var/folders/cq/2xcv6c4d2gn0yptr3x6d14bw0000gp/T/arduino/sketches/CC1FCEEF2A31E4E84B3B0A41C7AC926C/core/core.a(startup.c.o)
 .debug_info    0x0000000000037a9c     0x3078 /private/var/folders/cq/2xcv6c4d2gn0yptr3x6d14bw0000gp/T/arduino/sketches/CC1FCEEF2A31E4E84B3B0A41C7AC926C/core/core.a(wiring.c.o)
 .debug_info    0x000000000003ab14     0x55d1 /private/var/folders/cq/2xcv6c4d2gn0yptr3x6d14bw0000gp/T/arduino/sketches/CC1FCEEF2A31E4E84B3B0A41C7AC926C/core/core.a(wiring_analog.c.o)
 .debug_info    0x00000000000400e5     0x19bb /private/var/folders/cq/2xcv6c4d2gn0yptr3x6d14bw0000gp/T/arduino/sketches/CC1FCEEF2A31E4E84B3B0A41C7AC926C/core/core.a(wiring_digital.c.o)
 .debug_info    0x0000000000041aa0     0x1972 /private/var/folders/cq/2xcv6c4d2gn0yptr3x6d14bw0000gp/T/arduino/sketches/CC1FCEEF2A31E4E84B3B0A41C7AC926C/core/core.a(wiring_private.c.o)
 .debug_info    0x0000000000043412     0xbaef /private/var/folders/cq/2xcv6c4d2gn0yptr3x6d14bw0000gp/T/arduino/sketches/CC1FCEEF2A31E4E84B3B0A41C7AC926C/core/core.a(Print.cpp.o)
 .debug_info    0x000000000004ef01     0x6ecb /private/var/folders/cq/2xcv6c4d2gn0yptr3x6d14bw0000gp/T/arduino/sketches/CC1FCEEF2A31E4E84B3B0A41C7AC926C/core/core.a(Reset.cpp.o)
 .debug_info    0x0000000000055dcc    0x12fc1 /private/var/folders/cq/2xcv6c4d2gn0yptr3x6d14bw0000gp/T/arduino/sketches/CC1FCEEF2A31E4E84B3B0A41C7AC926C/core/core.a(USBCore.cpp.o)
 .debug_info    0x0000000000068d8d     0x110f /private/var/folders/cq/2xcv6c4d2gn0yptr3x6d14bw0000gp/T/arduino/sketches/CC1FCEEF2A31E4E84B3B0A41C7AC926C/core/core.a(new.cpp.o)
 .debug_info    0x0000000000069e9c     0x9100 /private/var/folders/cq/2xcv6c4d2gn0yptr3x6d14bw0000gp/T/arduino/sketches/CC1FCEEF2A31E4E84B3B0A41C7AC926C/core/core.a(CDC.cpp.o)
 .debug_info    0x0000000000072f9c     0x6dda /private/var/folders/cq/2xcv6c4d2gn0yptr3x6d14bw0000gp/T/arduino/sketches/CC1FCEEF2A31E4E84B3B0A41C7AC926C/core/core.a(PluggableUSB.cpp.o)
 .debug_info    0x0000000000079d76     0x85c4 /private/var/folders/cq/2xcv6c4d2gn0yptr3x6d14bw0000gp/T/arduino/sketches/CC1FCEEF2A31E4E84B3B0A41C7AC926C/core/core.a(SAMD21_USBDevice.cpp.o)

.debug_abbrev   0x0000000000000000     0x8b06
 .debug_abbrev  0x0000000000000000      0x79e /private/var/folders/cq/2xcv6c4d2gn0yptr3x6d14bw0000gp/T/arduino/sketches/CC1FCEEF2A31E4E84B3B0A41C7AC926C/sketch/SAMD21G18A-I2C-Motor-Driver-Slave.ino.cpp.o
 .debug_abbrev  0x000000000000079e      0xa38 /private/var/folders/cq/2xcv6c4d2gn0yptr3x6d14bw0000gp/T/arduino/sketches/CC1FCEEF2A31E4E84B3B0A41C7AC926C/libraries/Wire/Wire.cpp.o
 .debug_abbrev  0x00000000000011d6      0x5ee /private/var/folders/cq/2xcv6c4d2gn0yptr3x6d14bw0000gp/T/arduino/sketches/CC1FCEEF2A31E4E84B3B0A41C7AC926C/core/variant.cpp.o
 .debug_abbrev  0x00000000000017c4      0x992 /private/var/folders/cq/2xcv6c4d2gn0yptr3x6d14bw0000gp/T/arduino/sketches/CC1FCEEF2A31E4E84B3B0A41C7AC926C/core/core.a(SERCOM.cpp.o)
 .debug_abbrev  0x0000000000002156      0xa55 /private/var/folders/cq/2xcv6c4d2gn0yptr3x6d14bw0000gp/T/arduino/sketches/CC1FCEEF2A31E4E84B3B0A41C7AC926C/core/core.a(Uart.cpp.o)
 .debug_abbrev  0x0000000000002bab      0x3cd /private/var/folders/cq/2xcv6c4d2gn0yptr3x6d14bw0000gp/T/arduino/sketches/CC1FCEEF2A31E4E84B3B0A41C7AC926C/core/core.a(WMath.cpp.o)
 .debug_abbrev  0x0000000000002f78      0x32d /private/var/folders/cq/2xcv6c4d2gn0yptr3x6d14bw0000gp/T/arduino/sketches/CC1FCEEF2A31E4E84B3B0A41C7AC926C/core/core.a(cortex_handlers.c.o)
 .debug_abbrev  0x00000000000032a5      0x395 /private/var/folders/cq/2xcv6c4d2gn0yptr3x6d14bw0000gp/T/arduino/sketches/CC1FCEEF2A31E4E84B3B0A41C7AC926C/core/core.a(delay.c.o)
 .debug_abbrev  0x000000000000363a       0x4d /private/var/folders/cq/2xcv6c4d2gn0yptr3x6d14bw0000gp/T/arduino/sketches/CC1FCEEF2A31E4E84B3B0A41C7AC926C/core/core.a(hooks.c.o)
 .debug_abbrev  0x0000000000003687      0x683 /private/var/folders/cq/2xcv6c4d2gn0yptr3x6d14bw0000gp/T/arduino/sketches/CC1FCEEF2A31E4E84B3B0A41C7AC926C/core/core.a(main.cpp.o)
 .debug_abbrev  0x0000000000003d0a      0x2f7 /private/var/folders/cq/2xcv6c4d2gn0yptr3x6d14bw0000gp/T/arduino/sketches/CC1FCEEF2A31E4E84B3B0A41C7AC926C/core/core.a(startup.c.o)
 .debug_abbrev  0x0000000000004001      0x3d2 /private/var/folders/cq/2xcv6c4d2gn0yptr3x6d14bw0000gp/T/arduino/sketches/CC1FCEEF2A31E4E84B3B0A41C7AC926C/core/core.a(wiring.c.o)
 .debug_abbrev  0x00000000000043d3      0x55e /private/var/folders/cq/2xcv6c4d2gn0yptr3x6d14bw0000gp/T/arduino/sketches/CC1FCEEF2A31E4E84B3B0A41C7AC926C/core/core.a(wiring_analog.c.o)
 .debug_abbrev  0x0000000000004931      0x389 /private/var/folders/cq/2xcv6c4d2gn0yptr3x6d14bw0000gp/T/arduino/sketches/CC1FCEEF2A31E4E84B3B0A41C7AC926C/core/core.a(wiring_digital.c.o)
 .debug_abbrev  0x0000000000004cba      0x361 /private/var/folders/cq/2xcv6c4d2gn0yptr3x6d14bw0000gp/T/arduino/sketches/CC1FCEEF2A31E4E84B3B0A41C7AC926C/core/core.a(wiring_private.c.o)
 .debug_abbrev  0x000000000000501b      0xaa9 /private/var/folders/cq/2xcv6c4d2gn0yptr3x6d14bw0000gp/T/arduino/sketches/CC1FCEEF2A31E4E84B3B0A41C7AC926C/core/core.a(Print.cpp.o)
 .debug_abbrev  0x0000000000005ac4      0x750 /private/var/folders/cq/2xcv6c4d2gn0yptr3x6d14bw0000gp/T/arduino/sketches/CC1FCEEF2A31E4E84B3B0A41C7AC926C/core/core.a(Reset.cpp.o)
 .debug_abbrev  0x0000000000006214      0xcac /private/var/folders/cq/2xcv6c4d2gn0yptr3x6d14bw0000gp/T/arduino/sketches/CC1FCEEF2A31E4E84B3B0A41C7AC926C/core/core.a(USBCore.cpp.o)
 .debug_abbrev  0x0000000000006ec0      0x350 /private/var/folders/cq/2xcv6c4d2gn0yptr3x6d14bw0000gp/T/arduino/sketches/CC1FCEEF2A31E4E84B3B0A41C7AC926C/core/core.a(new.cpp.o)
 .debug_abbrev  0x0000000000007210      0xaa3 /private/var/folders/cq/2xcv6c4d2gn0yptr3x6d14bw0000gp/T/arduino/sketches/CC1FCEEF2A31E4E84B3B0A41C7AC926C/core/core.a(CDC.cpp.o)
 .debug_abbrev  0x0000000000007cb3      0x791 /private/var/folders/cq/2xcv6c4d2gn0yptr3x6d14bw0000gp/T/arduino/sketches/CC1FCEEF2A31E4E84B3B0A41C7AC926C/core/core.a(PluggableUSB.cpp.o)
 .debug_abbrev  0x0000000000008444      0x6c2 /private/var/folders/cq/2xcv6c4d2gn0yptr3x6d14bw0000gp/T/arduino/sketches/CC1FCEEF2A31E4E84B3B0A41C7AC926C/core/core.a(SAMD21_USBDevice.cpp.o)

.debug_loc      0x0000000000000000    0x16c3c
 .debug_loc     0x0000000000000000      0x372 /private/var/folders/cq/2xcv6c4d2gn0yptr3x6d14bw0000gp/T/arduino/sketches/CC1FCEEF2A31E4E84B3B0A41C7AC926C/sketch/SAMD21G18A-I2C-Motor-Driver-Slave.ino.cpp.o
 .debug_loc     0x0000000000000372     0x17eb /private/var/folders/cq/2xcv6c4d2gn0yptr3x6d14bw0000gp/T/arduino/sketches/CC1FCEEF2A31E4E84B3B0A41C7AC926C/libraries/Wire/Wire.cpp.o
 .debug_loc     0x0000000000001b5d       0x2e /private/var/folders/cq/2xcv6c4d2gn0yptr3x6d14bw0000gp/T/arduino/sketches/CC1FCEEF2A31E4E84B3B0A41C7AC926C/core/variant.cpp.o
 .debug_loc     0x0000000000001b8b     0x14d7 /private/var/folders/cq/2xcv6c4d2gn0yptr3x6d14bw0000gp/T/arduino/sketches/CC1FCEEF2A31E4E84B3B0A41C7AC926C/core/core.a(SERCOM.cpp.o)
 .debug_loc     0x0000000000003062     0x1073 /private/var/folders/cq/2xcv6c4d2gn0yptr3x6d14bw0000gp/T/arduino/sketches/CC1FCEEF2A31E4E84B3B0A41C7AC926C/core/core.a(Uart.cpp.o)
 .debug_loc     0x00000000000040d5      0x1bb /private/var/folders/cq/2xcv6c4d2gn0yptr3x6d14bw0000gp/T/arduino/sketches/CC1FCEEF2A31E4E84B3B0A41C7AC926C/core/core.a(WMath.cpp.o)
 .debug_loc     0x0000000000004290       0x2a /private/var/folders/cq/2xcv6c4d2gn0yptr3x6d14bw0000gp/T/arduino/sketches/CC1FCEEF2A31E4E84B3B0A41C7AC926C/core/core.a(cortex_handlers.c.o)
 .debug_loc     0x00000000000042ba      0x3d8 /private/var/folders/cq/2xcv6c4d2gn0yptr3x6d14bw0000gp/T/arduino/sketches/CC1FCEEF2A31E4E84B3B0A41C7AC926C/core/core.a(delay.c.o)
 .debug_loc     0x0000000000004692       0xa7 /private/var/folders/cq/2xcv6c4d2gn0yptr3x6d14bw0000gp/T/arduino/sketches/CC1FCEEF2A31E4E84B3B0A41C7AC926C/core/core.a(startup.c.o)